castor-recon() -> Launch reconstruction from CASToR version 3.2.1.
==================================================================================================
                                      COMMAND LINE CONTEXT
==================================================================================================
Command line: castor-recon -vb 2 -df coincidence_LXe_src15.0cm_super_fine.cdh -fout LXe_src15.0cm_super_fine -oit -1 -it 4:28 -dim 400,400,1 -fov 100.,100.,10. -off 0.,0.,0. -opti MLEM -proj joseph -sens philips_sim_simple_hot_point_all_merged_super_fine_sensitivity.hdr 
Working directory: /Users/yuema/MyCode/castor_v3.2/LXePET_Radius_Compare
Data of execution: Thu Oct 16 21:08:18 2025
Float numbers precision in bytes (for matrices and some computations): 4
Float numbers precision in bytes (for sensitive computations that require at least double precision): 8
Float numbers precision in bytes (for datafile reading/writing): 4
Float numbers precision in bytes (for scanner LUT reading/writing): 4
CASToR version: 3.2.1
==================================================================================================
sScannerManager::BuildScannerObject() -> Start building
sScannerManager::InstantiateScanner() -> Instantiate the scanner geometry structure
iScannerPET::Instantiate() -> Create scanner structure and read parameters from configuration file
sScannerManager::GetGeometricInfoFromDataFile() -> Look for acquisition specific settings into datafile header
sScannerManager::BuildLUT() -> Generate the geometric Look-Up Table
iScannerPET::BuildLUT() -> Build LUT for scanner elements coordinates and orientations
sScannerManager::Initialize() -> From scanner PET_PHILIPS_VEREOS_SUPER_FINE
iScannerPET::Initialize() -> Initialize remaining stuff for scanner to be ready
oImageDimensionsAndQuantification::Initialize() -> Initialize image dimensions, basis functions and quantification
  --> Image dimensions: [400;400;1] voxels of [2.5000000e-01;2.5000000e-01;1.0000000e+01] mm3
  --> FOV size: [1.0000000e+02;1.0000000e+02;1.0000000e+01] mm3
oImageDimensionsAndQuantification::SetAcquisitionTime() -> Static single bed acquisition with duration [ 0.0000000e+00 : 1.0000000e+01 ] seconds
  --> Correct for frame duration
oImageDimensionsAndQuantification::SetPETIsotope() -> Isotope F-18 has 6.5862002e+03 seconds half life and 9.6700001e-01 branching ratio
  --> Correct for branching ratio
  --> Correct for half-life
oImageDimensionsAndQuantification::SetCalibrationFactor() -> Correct for following calibration factor: 1.0000000e+00
vDataFile::InitializeMappedFile() -> Map datafile to memory
iDataFilePET::PrepareDataFile() -> Build listmode events
oDynamicDataManager::SetDynamicSpecificQuantificationFactors() ... 
oProjectorManager::Initialize() -> Initialize projectors and projection lines
iProjectorJoseph::InitializeSpecific() -> Use Joseph projector
----- Dynamic model: No parameters given - setting diagonal basis functions !
oOptimizerManager::Initialize() -> Initialize optimizer and penalty
iOptimizerMLEM::InitializeSpecific() -> Use the MLEM optimizer
sChronoManager::Initialize() -> Initialize all duration counters for profiling
iIterativeAlgorithm::InitSpecificOptions ... 
vAlgorithm::Iterate ...
vAlgorithm::IterateCPU() -> Start algorithm for 4 iterations
vAlgorithm::StepBeforeIterationLoop ... 
iIterativeAlgorithm::StepBeforeIterationLoop ... 
vAlgorithm::IterateCPU() -> Start iteration 1/4 sub step 1/1 subset 1/28
iIterativeAlgorithm::StepInnerLoopInsideSubsetLoop() -> Start loop over events
oOptimizerManager::ImageUpdateStep() -> Proceed to image update
vOptimizer::ImageUpdateStep() -> Start image update
vAlgorithm::IterateCPU() -> Time spent for subset 1 | User: 0 sec | CPU: 3.1550000e-03 sec
vAlgorithm::IterateCPU() -> Start iteration 1/4 sub step 1/1 subset 2/28
iIterativeAlgorithm::StepInnerLoopInsideSubsetLoop() -> Start loop over events
oOptimizerManager::ImageUpdateStep() -> Proceed to image update
vOptimizer::ImageUpdateStep() -> Start image update
vAlgorithm::IterateCPU() -> Time spent for subset 2 | User: 0 sec | CPU: 2.1370000e-03 sec
vAlgorithm::IterateCPU() -> Start iteration 1/4 sub step 1/1 subset 3/28
iIterativeAlgorithm::StepInnerLoopInsideSubsetLoop() -> Start loop over events
oOptimizerManager::ImageUpdateStep() -> Proceed to image update
vOptimizer::ImageUpdateStep() -> Start image update
vAlgorithm::IterateCPU() -> Time spent for subset 3 | User: 0 sec | CPU: 2.0820000e-03 sec
vAlgorithm::IterateCPU() -> Start iteration 1/4 sub step 1/1 subset 4/28
iIterativeAlgorithm::StepInnerLoopInsideSubsetLoop() -> Start loop over events
oOptimizerManager::ImageUpdateStep() -> Proceed to image update
vOptimizer::ImageUpdateStep() -> Start image update
vAlgorithm::IterateCPU() -> Time spent for subset 4 | User: 0 sec | CPU: 1.9769999e-03 sec
vAlgorithm::IterateCPU() -> Start iteration 1/4 sub step 1/1 subset 5/28
iIterativeAlgorithm::StepInnerLoopInsideSubsetLoop() -> Start loop over events
oOptimizerManager::ImageUpdateStep() -> Proceed to image update
vOptimizer::ImageUpdateStep() -> Start image update
vAlgorithm::IterateCPU() -> Time spent for subset 5 | User: 0 sec | CPU: 2.2150001e-03 sec
vAlgorithm::IterateCPU() -> Start iteration 1/4 sub step 1/1 subset 6/28
iIterativeAlgorithm::StepInnerLoopInsideSubsetLoop() -> Start loop over events
oOptimizerManager::ImageUpdateStep() -> Proceed to image update
vOptimizer::ImageUpdateStep() -> Start image update
vAlgorithm::IterateCPU() -> Time spent for subset 6 | User: 0 sec | CPU: 2.4929999e-03 sec
vAlgorithm::IterateCPU() -> Start iteration 1/4 sub step 1/1 subset 7/28
iIterativeAlgorithm::StepInnerLoopInsideSubsetLoop() -> Start loop over events
oOptimizerManager::ImageUpdateStep() -> Proceed to image update
vOptimizer::ImageUpdateStep() -> Start image update
vAlgorithm::IterateCPU() -> Time spent for subset 7 | User: 0 sec | CPU: 1.8050000e-03 sec
vAlgorithm::IterateCPU() -> Start iteration 1/4 sub step 1/1 subset 8/28
iIterativeAlgorithm::StepInnerLoopInsideSubsetLoop() -> Start loop over events
oOptimizerManager::ImageUpdateStep() -> Proceed to image update
vOptimizer::ImageUpdateStep() -> Start image update
vAlgorithm::IterateCPU() -> Time spent for subset 8 | User: 0 sec | CPU: 2.1050000e-03 sec
vAlgorithm::IterateCPU() -> Start iteration 1/4 sub step 1/1 subset 9/28
iIterativeAlgorithm::StepInnerLoopInsideSubsetLoop() -> Start loop over events
oOptimizerManager::ImageUpdateStep() -> Proceed to image update
vOptimizer::ImageUpdateStep() -> Start image update
vAlgorithm::IterateCPU() -> Time spent for subset 9 | User: 0 sec | CPU: 1.7800000e-03 sec
vAlgorithm::IterateCPU() -> Start iteration 1/4 sub step 1/1 subset 10/28
iIterativeAlgorithm::StepInnerLoopInsideSubsetLoop() -> Start loop over events
oOptimizerManager::ImageUpdateStep() -> Proceed to image update
vOptimizer::ImageUpdateStep() -> Start image update
vAlgorithm::IterateCPU() -> Time spent for subset 10 | User: 0 sec | CPU: 2.0160000e-03 sec
vAlgorithm::IterateCPU() -> Start iteration 1/4 sub step 1/1 subset 11/28
iIterativeAlgorithm::StepInnerLoopInsideSubsetLoop() -> Start loop over events
oOptimizerManager::ImageUpdateStep() -> Proceed to image update
vOptimizer::ImageUpdateStep() -> Start image update
vAlgorithm::IterateCPU() -> Time spent for subset 11 | User: 0 sec | CPU: 2.0109999e-03 sec
vAlgorithm::IterateCPU() -> Start iteration 1/4 sub step 1/1 subset 12/28
iIterativeAlgorithm::StepInnerLoopInsideSubsetLoop() -> Start loop over events
oOptimizerManager::ImageUpdateStep() -> Proceed to image update
vOptimizer::ImageUpdateStep() -> Start image update
vAlgorithm::IterateCPU() -> Time spent for subset 12 | User: 0 sec | CPU: 1.9600000e-03 sec
vAlgorithm::IterateCPU() -> Start iteration 1/4 sub step 1/1 subset 13/28
iIterativeAlgorithm::StepInnerLoopInsideSubsetLoop() -> Start loop over events
oOptimizerManager::ImageUpdateStep() -> Proceed to image update
vOptimizer::ImageUpdateStep() -> Start image update
vAlgorithm::IterateCPU() -> Time spent for subset 13 | User: 0 sec | CPU: 2.0099999e-03 sec
vAlgorithm::IterateCPU() -> Start iteration 1/4 sub step 1/1 subset 14/28
iIterativeAlgorithm::StepInnerLoopInsideSubsetLoop() -> Start loop over events
oOptimizerManager::ImageUpdateStep() -> Proceed to image update
vOptimizer::ImageUpdateStep() -> Start image update
vAlgorithm::IterateCPU() -> Time spent for subset 14 | User: 0 sec | CPU: 1.7700000e-03 sec
vAlgorithm::IterateCPU() -> Start iteration 1/4 sub step 1/1 subset 15/28
iIterativeAlgorithm::StepInnerLoopInsideSubsetLoop() -> Start loop over events
oOptimizerManager::ImageUpdateStep() -> Proceed to image update
vOptimizer::ImageUpdateStep() -> Start image update
vAlgorithm::IterateCPU() -> Time spent for subset 15 | User: 0 sec | CPU: 1.8310000e-03 sec
vAlgorithm::IterateCPU() -> Start iteration 1/4 sub step 1/1 subset 16/28
iIterativeAlgorithm::StepInnerLoopInsideSubsetLoop() -> Start loop over events
oOptimizerManager::ImageUpdateStep() -> Proceed to image update
vOptimizer::ImageUpdateStep() -> Start image update
vAlgorithm::IterateCPU() -> Time spent for subset 16 | User: 0 sec | CPU: 2.1899999e-03 sec
vAlgorithm::IterateCPU() -> Start iteration 1/4 sub step 1/1 subset 17/28
iIterativeAlgorithm::StepInnerLoopInsideSubsetLoop() -> Start loop over events
oOptimizerManager::ImageUpdateStep() -> Proceed to image update
vOptimizer::ImageUpdateStep() -> Start image update
vAlgorithm::IterateCPU() -> Time spent for subset 17 | User: 0 sec | CPU: 1.9630000e-03 sec
vAlgorithm::IterateCPU() -> Start iteration 1/4 sub step 1/1 subset 18/28
iIterativeAlgorithm::StepInnerLoopInsideSubsetLoop() -> Start loop over events
oOptimizerManager::ImageUpdateStep() -> Proceed to image update
vOptimizer::ImageUpdateStep() -> Start image update
vAlgorithm::IterateCPU() -> Time spent for subset 18 | User: 0 sec | CPU: 2.1820001e-03 sec
vAlgorithm::IterateCPU() -> Start iteration 1/4 sub step 1/1 subset 19/28
iIterativeAlgorithm::StepInnerLoopInsideSubsetLoop() -> Start loop over events
oOptimizerManager::ImageUpdateStep() -> Proceed to image update
vOptimizer::ImageUpdateStep() -> Start image update
vAlgorithm::IterateCPU() -> Time spent for subset 19 | User: 0 sec | CPU: 1.9830000e-03 sec
vAlgorithm::IterateCPU() -> Start iteration 1/4 sub step 1/1 subset 20/28
iIterativeAlgorithm::StepInnerLoopInsideSubsetLoop() -> Start loop over events
oOptimizerManager::ImageUpdateStep() -> Proceed to image update
vOptimizer::ImageUpdateStep() -> Start image update
vAlgorithm::IterateCPU() -> Time spent for subset 20 | User: 0 sec | CPU: 2.1700000e-03 sec
vAlgorithm::IterateCPU() -> Start iteration 1/4 sub step 1/1 subset 21/28
iIterativeAlgorithm::StepInnerLoopInsideSubsetLoop() -> Start loop over events
oOptimizerManager::ImageUpdateStep() -> Proceed to image update
vOptimizer::ImageUpdateStep() -> Start image update
vAlgorithm::IterateCPU() -> Time spent for subset 21 | User: 0 sec | CPU: 2.5400000e-03 sec
vAlgorithm::IterateCPU() -> Start iteration 1/4 sub step 1/1 subset 22/28
iIterativeAlgorithm::StepInnerLoopInsideSubsetLoop() -> Start loop over events
oOptimizerManager::ImageUpdateStep() -> Proceed to image update
vOptimizer::ImageUpdateStep() -> Start image update
vAlgorithm::IterateCPU() -> Time spent for subset 22 | User: 0 sec | CPU: 1.9170000e-03 sec
vAlgorithm::IterateCPU() -> Start iteration 1/4 sub step 1/1 subset 23/28
iIterativeAlgorithm::StepInnerLoopInsideSubsetLoop() -> Start loop over events
oOptimizerManager::ImageUpdateStep() -> Proceed to image update
vOptimizer::ImageUpdateStep() -> Start image update
vAlgorithm::IterateCPU() -> Time spent for subset 23 | User: 0 sec | CPU: 2.0140000e-03 sec
vAlgorithm::IterateCPU() -> Start iteration 1/4 sub step 1/1 subset 24/28
iIterativeAlgorithm::StepInnerLoopInsideSubsetLoop() -> Start loop over events
oOptimizerManager::ImageUpdateStep() -> Proceed to image update
vOptimizer::ImageUpdateStep() -> Start image update
vAlgorithm::IterateCPU() -> Time spent for subset 24 | User: 0 sec | CPU: 2.4430000e-03 sec
vAlgorithm::IterateCPU() -> Start iteration 1/4 sub step 1/1 subset 25/28
iIterativeAlgorithm::StepInnerLoopInsideSubsetLoop() -> Start loop over events
oOptimizerManager::ImageUpdateStep() -> Proceed to image update
vOptimizer::ImageUpdateStep() -> Start image update
vAlgorithm::IterateCPU() -> Time spent for subset 25 | User: 0 sec | CPU: 2.3870000e-03 sec
vAlgorithm::IterateCPU() -> Start iteration 1/4 sub step 1/1 subset 26/28
iIterativeAlgorithm::StepInnerLoopInsideSubsetLoop() -> Start loop over events
oOptimizerManager::ImageUpdateStep() -> Proceed to image update
vOptimizer::ImageUpdateStep() -> Start image update
vAlgorithm::IterateCPU() -> Time spent for subset 26 | User: 0 sec | CPU: 1.9940000e-03 sec
vAlgorithm::IterateCPU() -> Start iteration 1/4 sub step 1/1 subset 27/28
iIterativeAlgorithm::StepInnerLoopInsideSubsetLoop() -> Start loop over events
oOptimizerManager::ImageUpdateStep() -> Proceed to image update
vOptimizer::ImageUpdateStep() -> Start image update
vAlgorithm::IterateCPU() -> Time spent for subset 27 | User: 0 sec | CPU: 2.0029999e-03 sec
vAlgorithm::IterateCPU() -> Start iteration 1/4 sub step 1/1 subset 28/28
iIterativeAlgorithm::StepInnerLoopInsideSubsetLoop() -> Start loop over events
oOptimizerManager::ImageUpdateStep() -> Proceed to image update
vOptimizer::ImageUpdateStep() -> Start image update
vAlgorithm::IterateCPU() -> Time spent for subset 28 | User: 0 sec | CPU: 1.8040000e-03 sec
vAlgorithm::IterateCPU() -> Start iteration 2/4 sub step 1/1 subset 1/28
iIterativeAlgorithm::StepInnerLoopInsideSubsetLoop() -> Start loop over events
oOptimizerManager::ImageUpdateStep() -> Proceed to image update
vOptimizer::ImageUpdateStep() -> Start image update
vAlgorithm::IterateCPU() -> Time spent for subset 1 | User: 0 sec | CPU: 2.0180000e-03 sec
vAlgorithm::IterateCPU() -> Start iteration 2/4 sub step 1/1 subset 2/28
iIterativeAlgorithm::StepInnerLoopInsideSubsetLoop() -> Start loop over events
oOptimizerManager::ImageUpdateStep() -> Proceed to image update
vOptimizer::ImageUpdateStep() -> Start image update
vAlgorithm::IterateCPU() -> Time spent for subset 2 | User: 0 sec | CPU: 1.8910000e-03 sec
vAlgorithm::IterateCPU() -> Start iteration 2/4 sub step 1/1 subset 3/28
iIterativeAlgorithm::StepInnerLoopInsideSubsetLoop() -> Start loop over events
oOptimizerManager::ImageUpdateStep() -> Proceed to image update
vOptimizer::ImageUpdateStep() -> Start image update
vAlgorithm::IterateCPU() -> Time spent for subset 3 | User: 0 sec | CPU: 2.0270001e-03 sec
vAlgorithm::IterateCPU() -> Start iteration 2/4 sub step 1/1 subset 4/28
iIterativeAlgorithm::StepInnerLoopInsideSubsetLoop() -> Start loop over events
oOptimizerManager::ImageUpdateStep() -> Proceed to image update
vOptimizer::ImageUpdateStep() -> Start image update
vAlgorithm::IterateCPU() -> Time spent for subset 4 | User: 0 sec | CPU: 2.0010001e-03 sec
vAlgorithm::IterateCPU() -> Start iteration 2/4 sub step 1/1 subset 5/28
iIterativeAlgorithm::StepInnerLoopInsideSubsetLoop() -> Start loop over events
oOptimizerManager::ImageUpdateStep() -> Proceed to image update
vOptimizer::ImageUpdateStep() -> Start image update
vAlgorithm::IterateCPU() -> Time spent for subset 5 | User: 0 sec | CPU: 1.9759999e-03 sec
vAlgorithm::IterateCPU() -> Start iteration 2/4 sub step 1/1 subset 6/28
iIterativeAlgorithm::StepInnerLoopInsideSubsetLoop() -> Start loop over events
oOptimizerManager::ImageUpdateStep() -> Proceed to image update
vOptimizer::ImageUpdateStep() -> Start image update
vAlgorithm::IterateCPU() -> Time spent for subset 6 | User: 0 sec | CPU: 1.8250000e-03 sec
vAlgorithm::IterateCPU() -> Start iteration 2/4 sub step 1/1 subset 7/28
iIterativeAlgorithm::StepInnerLoopInsideSubsetLoop() -> Start loop over events
oOptimizerManager::ImageUpdateStep() -> Proceed to image update
vOptimizer::ImageUpdateStep() -> Start image update
vAlgorithm::IterateCPU() -> Time spent for subset 7 | User: 0 sec | CPU: 1.8980000e-03 sec
vAlgorithm::IterateCPU() -> Start iteration 2/4 sub step 1/1 subset 8/28
iIterativeAlgorithm::StepInnerLoopInsideSubsetLoop() -> Start loop over events
oOptimizerManager::ImageUpdateStep() -> Proceed to image update
vOptimizer::ImageUpdateStep() -> Start image update
vAlgorithm::IterateCPU() -> Time spent for subset 8 | User: 0 sec | CPU: 2.0270001e-03 sec
vAlgorithm::IterateCPU() -> Start iteration 2/4 sub step 1/1 subset 9/28
iIterativeAlgorithm::StepInnerLoopInsideSubsetLoop() -> Start loop over events
oOptimizerManager::ImageUpdateStep() -> Proceed to image update
vOptimizer::ImageUpdateStep() -> Start image update
vAlgorithm::IterateCPU() -> Time spent for subset 9 | User: 0 sec | CPU: 1.8290000e-03 sec
vAlgorithm::IterateCPU() -> Start iteration 2/4 sub step 1/1 subset 10/28
iIterativeAlgorithm::StepInnerLoopInsideSubsetLoop() -> Start loop over events
oOptimizerManager::ImageUpdateStep() -> Proceed to image update
vOptimizer::ImageUpdateStep() -> Start image update
vAlgorithm::IterateCPU() -> Time spent for subset 10 | User: 0 sec | CPU: 1.9550000e-03 sec
vAlgorithm::IterateCPU() -> Start iteration 2/4 sub step 1/1 subset 11/28
iIterativeAlgorithm::StepInnerLoopInsideSubsetLoop() -> Start loop over events
oOptimizerManager::ImageUpdateStep() -> Proceed to image update
vOptimizer::ImageUpdateStep() -> Start image update
vAlgorithm::IterateCPU() -> Time spent for subset 11 | User: 0 sec | CPU: 2.0709999e-03 sec
vAlgorithm::IterateCPU() -> Start iteration 2/4 sub step 1/1 subset 12/28
iIterativeAlgorithm::StepInnerLoopInsideSubsetLoop() -> Start loop over events
oOptimizerManager::ImageUpdateStep() -> Proceed to image update
vOptimizer::ImageUpdateStep() -> Start image update
vAlgorithm::IterateCPU() -> Time spent for subset 12 | User: 0 sec | CPU: 1.9340001e-03 sec
vAlgorithm::IterateCPU() -> Start iteration 2/4 sub step 1/1 subset 13/28
iIterativeAlgorithm::StepInnerLoopInsideSubsetLoop() -> Start loop over events
oOptimizerManager::ImageUpdateStep() -> Proceed to image update
vOptimizer::ImageUpdateStep() -> Start image update
vAlgorithm::IterateCPU() -> Time spent for subset 13 | User: 0 sec | CPU: 2.0880001e-03 sec
vAlgorithm::IterateCPU() -> Start iteration 2/4 sub step 1/1 subset 14/28
iIterativeAlgorithm::StepInnerLoopInsideSubsetLoop() -> Start loop over events
oOptimizerManager::ImageUpdateStep() -> Proceed to image update
vOptimizer::ImageUpdateStep() -> Start image update
vAlgorithm::IterateCPU() -> Time spent for subset 14 | User: 0 sec | CPU: 1.8880001e-03 sec
vAlgorithm::IterateCPU() -> Start iteration 2/4 sub step 1/1 subset 15/28
iIterativeAlgorithm::StepInnerLoopInsideSubsetLoop() -> Start loop over events
oOptimizerManager::ImageUpdateStep() -> Proceed to image update
vOptimizer::ImageUpdateStep() -> Start image update
vAlgorithm::IterateCPU() -> Time spent for subset 15 | User: 0 sec | CPU: 1.9749999e-03 sec
vAlgorithm::IterateCPU() -> Start iteration 2/4 sub step 1/1 subset 16/28
iIterativeAlgorithm::StepInnerLoopInsideSubsetLoop() -> Start loop over events
oOptimizerManager::ImageUpdateStep() -> Proceed to image update
vOptimizer::ImageUpdateStep() -> Start image update
vAlgorithm::IterateCPU() -> Time spent for subset 16 | User: 0 sec | CPU: 2.1329999e-03 sec
vAlgorithm::IterateCPU() -> Start iteration 2/4 sub step 1/1 subset 17/28
iIterativeAlgorithm::StepInnerLoopInsideSubsetLoop() -> Start loop over events
oOptimizerManager::ImageUpdateStep() -> Proceed to image update
vOptimizer::ImageUpdateStep() -> Start image update
vAlgorithm::IterateCPU() -> Time spent for subset 17 | User: 0 sec | CPU: 2.1530001e-03 sec
vAlgorithm::IterateCPU() -> Start iteration 2/4 sub step 1/1 subset 18/28
iIterativeAlgorithm::StepInnerLoopInsideSubsetLoop() -> Start loop over events
oOptimizerManager::ImageUpdateStep() -> Proceed to image update
vOptimizer::ImageUpdateStep() -> Start image update
vAlgorithm::IterateCPU() -> Time spent for subset 18 | User: 0 sec | CPU: 1.8480000e-03 sec
vAlgorithm::IterateCPU() -> Start iteration 2/4 sub step 1/1 subset 19/28
iIterativeAlgorithm::StepInnerLoopInsideSubsetLoop() -> Start loop over events
oOptimizerManager::ImageUpdateStep() -> Proceed to image update
vOptimizer::ImageUpdateStep() -> Start image update
vAlgorithm::IterateCPU() -> Time spent for subset 19 | User: 0 sec | CPU: 2.0280001e-03 sec
vAlgorithm::IterateCPU() -> Start iteration 2/4 sub step 1/1 subset 20/28
iIterativeAlgorithm::StepInnerLoopInsideSubsetLoop() -> Start loop over events
oOptimizerManager::ImageUpdateStep() -> Proceed to image update
vOptimizer::ImageUpdateStep() -> Start image update
vAlgorithm::IterateCPU() -> Time spent for subset 20 | User: 0 sec | CPU: 1.8510000e-03 sec
vAlgorithm::IterateCPU() -> Start iteration 2/4 sub step 1/1 subset 21/28
iIterativeAlgorithm::StepInnerLoopInsideSubsetLoop() -> Start loop over events
oOptimizerManager::ImageUpdateStep() -> Proceed to image update
vOptimizer::ImageUpdateStep() -> Start image update
vAlgorithm::IterateCPU() -> Time spent for subset 21 | User: 0 sec | CPU: 1.9530000e-03 sec
vAlgorithm::IterateCPU() -> Start iteration 2/4 sub step 1/1 subset 22/28
iIterativeAlgorithm::StepInnerLoopInsideSubsetLoop() -> Start loop over events
oOptimizerManager::ImageUpdateStep() -> Proceed to image update
vOptimizer::ImageUpdateStep() -> Start image update
vAlgorithm::IterateCPU() -> Time spent for subset 22 | User: 0 sec | CPU: 1.9739999e-03 sec
vAlgorithm::IterateCPU() -> Start iteration 2/4 sub step 1/1 subset 23/28
iIterativeAlgorithm::StepInnerLoopInsideSubsetLoop() -> Start loop over events
oOptimizerManager::ImageUpdateStep() -> Proceed to image update
vOptimizer::ImageUpdateStep() -> Start image update
vAlgorithm::IterateCPU() -> Time spent for subset 23 | User: 0 sec | CPU: 2.0570001e-03 sec
vAlgorithm::IterateCPU() -> Start iteration 2/4 sub step 1/1 subset 24/28
iIterativeAlgorithm::StepInnerLoopInsideSubsetLoop() -> Start loop over events
oOptimizerManager::ImageUpdateStep() -> Proceed to image update
vOptimizer::ImageUpdateStep() -> Start image update
vAlgorithm::IterateCPU() -> Time spent for subset 24 | User: 0 sec | CPU: 2.1299999e-03 sec
vAlgorithm::IterateCPU() -> Start iteration 2/4 sub step 1/1 subset 25/28
iIterativeAlgorithm::StepInnerLoopInsideSubsetLoop() -> Start loop over events
oOptimizerManager::ImageUpdateStep() -> Proceed to image update
vOptimizer::ImageUpdateStep() -> Start image update
vAlgorithm::IterateCPU() -> Time spent for subset 25 | User: 0 sec | CPU: 1.9310000e-03 sec
vAlgorithm::IterateCPU() -> Start iteration 2/4 sub step 1/1 subset 26/28
iIterativeAlgorithm::StepInnerLoopInsideSubsetLoop() -> Start loop over events
oOptimizerManager::ImageUpdateStep() -> Proceed to image update
vOptimizer::ImageUpdateStep() -> Start image update
vAlgorithm::IterateCPU() -> Time spent for subset 26 | User: 0 sec | CPU: 1.9700001e-03 sec
vAlgorithm::IterateCPU() -> Start iteration 2/4 sub step 1/1 subset 27/28
iIterativeAlgorithm::StepInnerLoopInsideSubsetLoop() -> Start loop over events
oOptimizerManager::ImageUpdateStep() -> Proceed to image update
vOptimizer::ImageUpdateStep() -> Start image update
vAlgorithm::IterateCPU() -> Time spent for subset 27 | User: 0 sec | CPU: 1.9370000e-03 sec
vAlgorithm::IterateCPU() -> Start iteration 2/4 sub step 1/1 subset 28/28
iIterativeAlgorithm::StepInnerLoopInsideSubsetLoop() -> Start loop over events
oOptimizerManager::ImageUpdateStep() -> Proceed to image update
vOptimizer::ImageUpdateStep() -> Start image update
vAlgorithm::IterateCPU() -> Time spent for subset 28 | User: 0 sec | CPU: 2.0049999e-03 sec
vAlgorithm::IterateCPU() -> Start iteration 3/4 sub step 1/1 subset 1/28
iIterativeAlgorithm::StepInnerLoopInsideSubsetLoop() -> Start loop over events
oOptimizerManager::ImageUpdateStep() -> Proceed to image update
vOptimizer::ImageUpdateStep() -> Start image update
vAlgorithm::IterateCPU() -> Time spent for subset 1 | User: 0 sec | CPU: 2.0590001e-03 sec
vAlgorithm::IterateCPU() -> Start iteration 3/4 sub step 1/1 subset 2/28
iIterativeAlgorithm::StepInnerLoopInsideSubsetLoop() -> Start loop over events
oOptimizerManager::ImageUpdateStep() -> Proceed to image update
vOptimizer::ImageUpdateStep() -> Start image update
vAlgorithm::IterateCPU() -> Time spent for subset 2 | User: 0 sec | CPU: 1.9010000e-03 sec
vAlgorithm::IterateCPU() -> Start iteration 3/4 sub step 1/1 subset 3/28
iIterativeAlgorithm::StepInnerLoopInsideSubsetLoop() -> Start loop over events
oOptimizerManager::ImageUpdateStep() -> Proceed to image update
vOptimizer::ImageUpdateStep() -> Start image update
vAlgorithm::IterateCPU() -> Time spent for subset 3 | User: 0 sec | CPU: 1.9090000e-03 sec
vAlgorithm::IterateCPU() -> Start iteration 3/4 sub step 1/1 subset 4/28
iIterativeAlgorithm::StepInnerLoopInsideSubsetLoop() -> Start loop over events
oOptimizerManager::ImageUpdateStep() -> Proceed to image update
vOptimizer::ImageUpdateStep() -> Start image update
vAlgorithm::IterateCPU() -> Time spent for subset 4 | User: 0 sec | CPU: 2.0359999e-03 sec
vAlgorithm::IterateCPU() -> Start iteration 3/4 sub step 1/1 subset 5/28
iIterativeAlgorithm::StepInnerLoopInsideSubsetLoop() -> Start loop over events
oOptimizerManager::ImageUpdateStep() -> Proceed to image update
vOptimizer::ImageUpdateStep() -> Start image update
vAlgorithm::IterateCPU() -> Time spent for subset 5 | User: 0 sec | CPU: 2.5160001e-03 sec
vAlgorithm::IterateCPU() -> Start iteration 3/4 sub step 1/1 subset 6/28
iIterativeAlgorithm::StepInnerLoopInsideSubsetLoop() -> Start loop over events
oOptimizerManager::ImageUpdateStep() -> Proceed to image update
vOptimizer::ImageUpdateStep() -> Start image update
vAlgorithm::IterateCPU() -> Time spent for subset 6 | User: 0 sec | CPU: 1.9810000e-03 sec
vAlgorithm::IterateCPU() -> Start iteration 3/4 sub step 1/1 subset 7/28
iIterativeAlgorithm::StepInnerLoopInsideSubsetLoop() -> Start loop over events
oOptimizerManager::ImageUpdateStep() -> Proceed to image update
vOptimizer::ImageUpdateStep() -> Start image update
vAlgorithm::IterateCPU() -> Time spent for subset 7 | User: 0 sec | CPU: 1.9030001e-03 sec
vAlgorithm::IterateCPU() -> Start iteration 3/4 sub step 1/1 subset 8/28
iIterativeAlgorithm::StepInnerLoopInsideSubsetLoop() -> Start loop over events
oOptimizerManager::ImageUpdateStep() -> Proceed to image update
vOptimizer::ImageUpdateStep() -> Start image update
vAlgorithm::IterateCPU() -> Time spent for subset 8 | User: 0 sec | CPU: 2.1879999e-03 sec
vAlgorithm::IterateCPU() -> Start iteration 3/4 sub step 1/1 subset 9/28
iIterativeAlgorithm::StepInnerLoopInsideSubsetLoop() -> Start loop over events
oOptimizerManager::ImageUpdateStep() -> Proceed to image update
vOptimizer::ImageUpdateStep() -> Start image update
vAlgorithm::IterateCPU() -> Time spent for subset 9 | User: 0 sec | CPU: 1.9560000e-03 sec
vAlgorithm::IterateCPU() -> Start iteration 3/4 sub step 1/1 subset 10/28
iIterativeAlgorithm::StepInnerLoopInsideSubsetLoop() -> Start loop over events
oOptimizerManager::ImageUpdateStep() -> Proceed to image update
vOptimizer::ImageUpdateStep() -> Start image update
vAlgorithm::IterateCPU() -> Time spent for subset 10 | User: 0 sec | CPU: 2.0270001e-03 sec
vAlgorithm::IterateCPU() -> Start iteration 3/4 sub step 1/1 subset 11/28
iIterativeAlgorithm::StepInnerLoopInsideSubsetLoop() -> Start loop over events
oOptimizerManager::ImageUpdateStep() -> Proceed to image update
vOptimizer::ImageUpdateStep() -> Start image update
vAlgorithm::IterateCPU() -> Time spent for subset 11 | User: 0 sec | CPU: 2.0639999e-03 sec
vAlgorithm::IterateCPU() -> Start iteration 3/4 sub step 1/1 subset 12/28
iIterativeAlgorithm::StepInnerLoopInsideSubsetLoop() -> Start loop over events
oOptimizerManager::ImageUpdateStep() -> Proceed to image update
vOptimizer::ImageUpdateStep() -> Start image update
vAlgorithm::IterateCPU() -> Time spent for subset 12 | User: 0 sec | CPU: 2.0709999e-03 sec
vAlgorithm::IterateCPU() -> Start iteration 3/4 sub step 1/1 subset 13/28
iIterativeAlgorithm::StepInnerLoopInsideSubsetLoop() -> Start loop over events
oOptimizerManager::ImageUpdateStep() -> Proceed to image update
vOptimizer::ImageUpdateStep() -> Start image update
vAlgorithm::IterateCPU() -> Time spent for subset 13 | User: 0 sec | CPU: 2.1309999e-03 sec
vAlgorithm::IterateCPU() -> Start iteration 3/4 sub step 1/1 subset 14/28
iIterativeAlgorithm::StepInnerLoopInsideSubsetLoop() -> Start loop over events
oOptimizerManager::ImageUpdateStep() -> Proceed to image update
vOptimizer::ImageUpdateStep() -> Start image update
vAlgorithm::IterateCPU() -> Time spent for subset 14 | User: 0 sec | CPU: 1.7659999e-03 sec
vAlgorithm::IterateCPU() -> Start iteration 3/4 sub step 1/1 subset 15/28
iIterativeAlgorithm::StepInnerLoopInsideSubsetLoop() -> Start loop over events
oOptimizerManager::ImageUpdateStep() -> Proceed to image update
vOptimizer::ImageUpdateStep() -> Start image update
vAlgorithm::IterateCPU() -> Time spent for subset 15 | User: 0 sec | CPU: 2.0930001e-03 sec
vAlgorithm::IterateCPU() -> Start iteration 3/4 sub step 1/1 subset 16/28
iIterativeAlgorithm::StepInnerLoopInsideSubsetLoop() -> Start loop over events
oOptimizerManager::ImageUpdateStep() -> Proceed to image update
vOptimizer::ImageUpdateStep() -> Start image update
vAlgorithm::IterateCPU() -> Time spent for subset 16 | User: 0 sec | CPU: 2.0820000e-03 sec
vAlgorithm::IterateCPU() -> Start iteration 3/4 sub step 1/1 subset 17/28
iIterativeAlgorithm::StepInnerLoopInsideSubsetLoop() -> Start loop over events
oOptimizerManager::ImageUpdateStep() -> Proceed to image update
vOptimizer::ImageUpdateStep() -> Start image update
vAlgorithm::IterateCPU() -> Time spent for subset 17 | User: 0 sec | CPU: 1.9680001e-03 sec
vAlgorithm::IterateCPU() -> Start iteration 3/4 sub step 1/1 subset 18/28
iIterativeAlgorithm::StepInnerLoopInsideSubsetLoop() -> Start loop over events
oOptimizerManager::ImageUpdateStep() -> Proceed to image update
vOptimizer::ImageUpdateStep() -> Start image update
vAlgorithm::IterateCPU() -> Time spent for subset 18 | User: 0 sec | CPU: 1.9510000e-03 sec
vAlgorithm::IterateCPU() -> Start iteration 3/4 sub step 1/1 subset 19/28
iIterativeAlgorithm::StepInnerLoopInsideSubsetLoop() -> Start loop over events
oOptimizerManager::ImageUpdateStep() -> Proceed to image update
vOptimizer::ImageUpdateStep() -> Start image update
vAlgorithm::IterateCPU() -> Time spent for subset 19 | User: 0 sec | CPU: 1.9490001e-03 sec
vAlgorithm::IterateCPU() -> Start iteration 3/4 sub step 1/1 subset 20/28
iIterativeAlgorithm::StepInnerLoopInsideSubsetLoop() -> Start loop over events
oOptimizerManager::ImageUpdateStep() -> Proceed to image update
vOptimizer::ImageUpdateStep() -> Start image update
vAlgorithm::IterateCPU() -> Time spent for subset 20 | User: 0 sec | CPU: 1.8170000e-03 sec
vAlgorithm::IterateCPU() -> Start iteration 3/4 sub step 1/1 subset 21/28
iIterativeAlgorithm::StepInnerLoopInsideSubsetLoop() -> Start loop over events
oOptimizerManager::ImageUpdateStep() -> Proceed to image update
vOptimizer::ImageUpdateStep() -> Start image update
vAlgorithm::IterateCPU() -> Time spent for subset 21 | User: 0 sec | CPU: 2.1380000e-03 sec
vAlgorithm::IterateCPU() -> Start iteration 3/4 sub step 1/1 subset 22/28
iIterativeAlgorithm::StepInnerLoopInsideSubsetLoop() -> Start loop over events
oOptimizerManager::ImageUpdateStep() -> Proceed to image update
vOptimizer::ImageUpdateStep() -> Start image update
vAlgorithm::IterateCPU() -> Time spent for subset 22 | User: 0 sec | CPU: 1.9430000e-03 sec
vAlgorithm::IterateCPU() -> Start iteration 3/4 sub step 1/1 subset 23/28
iIterativeAlgorithm::StepInnerLoopInsideSubsetLoop() -> Start loop over events
oOptimizerManager::ImageUpdateStep() -> Proceed to image update
vOptimizer::ImageUpdateStep() -> Start image update
vAlgorithm::IterateCPU() -> Time spent for subset 23 | User: 0 sec | CPU: 2.0069999e-03 sec
vAlgorithm::IterateCPU() -> Start iteration 3/4 sub step 1/1 subset 24/28
iIterativeAlgorithm::StepInnerLoopInsideSubsetLoop() -> Start loop over events
oOptimizerManager::ImageUpdateStep() -> Proceed to image update
vOptimizer::ImageUpdateStep() -> Start image update
vAlgorithm::IterateCPU() -> Time spent for subset 24 | User: 0 sec | CPU: 2.2110001e-03 sec
vAlgorithm::IterateCPU() -> Start iteration 3/4 sub step 1/1 subset 25/28
iIterativeAlgorithm::StepInnerLoopInsideSubsetLoop() -> Start loop over events
oOptimizerManager::ImageUpdateStep() -> Proceed to image update
vOptimizer::ImageUpdateStep() -> Start image update
vAlgorithm::IterateCPU() -> Time spent for subset 25 | User: 0 sec | CPU: 1.9700001e-03 sec
vAlgorithm::IterateCPU() -> Start iteration 3/4 sub step 1/1 subset 26/28
iIterativeAlgorithm::StepInnerLoopInsideSubsetLoop() -> Start loop over events
oOptimizerManager::ImageUpdateStep() -> Proceed to image update
vOptimizer::ImageUpdateStep() -> Start image update
vAlgorithm::IterateCPU() -> Time spent for subset 26 | User: 0 sec | CPU: 1.8560000e-03 sec
vAlgorithm::IterateCPU() -> Start iteration 3/4 sub step 1/1 subset 27/28
iIterativeAlgorithm::StepInnerLoopInsideSubsetLoop() -> Start loop over events
oOptimizerManager::ImageUpdateStep() -> Proceed to image update
vOptimizer::ImageUpdateStep() -> Start image update
vAlgorithm::IterateCPU() -> Time spent for subset 27 | User: 0 sec | CPU: 1.9610000e-03 sec
vAlgorithm::IterateCPU() -> Start iteration 3/4 sub step 1/1 subset 28/28
iIterativeAlgorithm::StepInnerLoopInsideSubsetLoop() -> Start loop over events
oOptimizerManager::ImageUpdateStep() -> Proceed to image update
vOptimizer::ImageUpdateStep() -> Start image update
vAlgorithm::IterateCPU() -> Time spent for subset 28 | User: 0 sec | CPU: 1.8150000e-03 sec
vAlgorithm::IterateCPU() -> Start iteration 4/4 sub step 1/1 subset 1/28
iIterativeAlgorithm::StepInnerLoopInsideSubsetLoop() -> Start loop over events
oOptimizerManager::ImageUpdateStep() -> Proceed to image update
vOptimizer::ImageUpdateStep() -> Start image update
vAlgorithm::IterateCPU() -> Time spent for subset 1 | User: 0 sec | CPU: 1.7530000e-03 sec
vAlgorithm::IterateCPU() -> Start iteration 4/4 sub step 1/1 subset 2/28
iIterativeAlgorithm::StepInnerLoopInsideSubsetLoop() -> Start loop over events
oOptimizerManager::ImageUpdateStep() -> Proceed to image update
vOptimizer::ImageUpdateStep() -> Start image update
vAlgorithm::IterateCPU() -> Time spent for subset 2 | User: 0 sec | CPU: 1.7199999e-03 sec
vAlgorithm::IterateCPU() -> Start iteration 4/4 sub step 1/1 subset 3/28
iIterativeAlgorithm::StepInnerLoopInsideSubsetLoop() -> Start loop over events
oOptimizerManager::ImageUpdateStep() -> Proceed to image update
vOptimizer::ImageUpdateStep() -> Start image update
vAlgorithm::IterateCPU() -> Time spent for subset 3 | User: 0 sec | CPU: 1.7480000e-03 sec
vAlgorithm::IterateCPU() -> Start iteration 4/4 sub step 1/1 subset 4/28
iIterativeAlgorithm::StepInnerLoopInsideSubsetLoop() -> Start loop over events
oOptimizerManager::ImageUpdateStep() -> Proceed to image update
vOptimizer::ImageUpdateStep() -> Start image update
vAlgorithm::IterateCPU() -> Time spent for subset 4 | User: 0 sec | CPU: 2.1090000e-03 sec
vAlgorithm::IterateCPU() -> Start iteration 4/4 sub step 1/1 subset 5/28
iIterativeAlgorithm::StepInnerLoopInsideSubsetLoop() -> Start loop over events
oOptimizerManager::ImageUpdateStep() -> Proceed to image update
vOptimizer::ImageUpdateStep() -> Start image update
vAlgorithm::IterateCPU() -> Time spent for subset 5 | User: 0 sec | CPU: 2.2120001e-03 sec
vAlgorithm::IterateCPU() -> Start iteration 4/4 sub step 1/1 subset 6/28
iIterativeAlgorithm::StepInnerLoopInsideSubsetLoop() -> Start loop over events
oOptimizerManager::ImageUpdateStep() -> Proceed to image update
vOptimizer::ImageUpdateStep() -> Start image update
vAlgorithm::IterateCPU() -> Time spent for subset 6 | User: 0 sec | CPU: 1.9700001e-03 sec
vAlgorithm::IterateCPU() -> Start iteration 4/4 sub step 1/1 subset 7/28
iIterativeAlgorithm::StepInnerLoopInsideSubsetLoop() -> Start loop over events
oOptimizerManager::ImageUpdateStep() -> Proceed to image update
vOptimizer::ImageUpdateStep() -> Start image update
vAlgorithm::IterateCPU() -> Time spent for subset 7 | User: 0 sec | CPU: 1.8920000e-03 sec
vAlgorithm::IterateCPU() -> Start iteration 4/4 sub step 1/1 subset 8/28
iIterativeAlgorithm::StepInnerLoopInsideSubsetLoop() -> Start loop over events
oOptimizerManager::ImageUpdateStep() -> Proceed to image update
vOptimizer::ImageUpdateStep() -> Start image update
vAlgorithm::IterateCPU() -> Time spent for subset 8 | User: 0 sec | CPU: 2.7719999e-03 sec
vAlgorithm::IterateCPU() -> Start iteration 4/4 sub step 1/1 subset 9/28
iIterativeAlgorithm::StepInnerLoopInsideSubsetLoop() -> Start loop over events
oOptimizerManager::ImageUpdateStep() -> Proceed to image update
vOptimizer::ImageUpdateStep() -> Start image update
vAlgorithm::IterateCPU() -> Time spent for subset 9 | User: 0 sec | CPU: 1.8180000e-03 sec
vAlgorithm::IterateCPU() -> Start iteration 4/4 sub step 1/1 subset 10/28
iIterativeAlgorithm::StepInnerLoopInsideSubsetLoop() -> Start loop over events
oOptimizerManager::ImageUpdateStep() -> Proceed to image update
vOptimizer::ImageUpdateStep() -> Start image update
vAlgorithm::IterateCPU() -> Time spent for subset 10 | User: 0 sec | CPU: 1.9640001e-03 sec
vAlgorithm::IterateCPU() -> Start iteration 4/4 sub step 1/1 subset 11/28
iIterativeAlgorithm::StepInnerLoopInsideSubsetLoop() -> Start loop over events
oOptimizerManager::ImageUpdateStep() -> Proceed to image update
vOptimizer::ImageUpdateStep() -> Start image update
vAlgorithm::IterateCPU() -> Time spent for subset 11 | User: 0 sec | CPU: 2.0490000e-03 sec
vAlgorithm::IterateCPU() -> Start iteration 4/4 sub step 1/1 subset 12/28
iIterativeAlgorithm::StepInnerLoopInsideSubsetLoop() -> Start loop over events
oOptimizerManager::ImageUpdateStep() -> Proceed to image update
vOptimizer::ImageUpdateStep() -> Start image update
vAlgorithm::IterateCPU() -> Time spent for subset 12 | User: 0 sec | CPU: 2.6640000e-03 sec
vAlgorithm::IterateCPU() -> Start iteration 4/4 sub step 1/1 subset 13/28
iIterativeAlgorithm::StepInnerLoopInsideSubsetLoop() -> Start loop over events
oOptimizerManager::ImageUpdateStep() -> Proceed to image update
vOptimizer::ImageUpdateStep() -> Start image update
vAlgorithm::IterateCPU() -> Time spent for subset 13 | User: 0 sec | CPU: 2.5899999e-03 sec
vAlgorithm::IterateCPU() -> Start iteration 4/4 sub step 1/1 subset 14/28
iIterativeAlgorithm::StepInnerLoopInsideSubsetLoop() -> Start loop over events
oOptimizerManager::ImageUpdateStep() -> Proceed to image update
vOptimizer::ImageUpdateStep() -> Start image update
vAlgorithm::IterateCPU() -> Time spent for subset 14 | User: 0 sec | CPU: 2.1319999e-03 sec
vAlgorithm::IterateCPU() -> Start iteration 4/4 sub step 1/1 subset 15/28
iIterativeAlgorithm::StepInnerLoopInsideSubsetLoop() -> Start loop over events
oOptimizerManager::ImageUpdateStep() -> Proceed to image update
vOptimizer::ImageUpdateStep() -> Start image update
vAlgorithm::IterateCPU() -> Time spent for subset 15 | User: 0 sec | CPU: 2.2080000e-03 sec
vAlgorithm::IterateCPU() -> Start iteration 4/4 sub step 1/1 subset 16/28
iIterativeAlgorithm::StepInnerLoopInsideSubsetLoop() -> Start loop over events
oOptimizerManager::ImageUpdateStep() -> Proceed to image update
vOptimizer::ImageUpdateStep() -> Start image update
vAlgorithm::IterateCPU() -> Time spent for subset 16 | User: 0 sec | CPU: 2.5990000e-03 sec
vAlgorithm::IterateCPU() -> Start iteration 4/4 sub step 1/1 subset 17/28
iIterativeAlgorithm::StepInnerLoopInsideSubsetLoop() -> Start loop over events
oOptimizerManager::ImageUpdateStep() -> Proceed to image update
vOptimizer::ImageUpdateStep() -> Start image update
vAlgorithm::IterateCPU() -> Time spent for subset 17 | User: 0 sec | CPU: 2.0620001e-03 sec
vAlgorithm::IterateCPU() -> Start iteration 4/4 sub step 1/1 subset 18/28
iIterativeAlgorithm::StepInnerLoopInsideSubsetLoop() -> Start loop over events
oOptimizerManager::ImageUpdateStep() -> Proceed to image update
vOptimizer::ImageUpdateStep() -> Start image update
vAlgorithm::IterateCPU() -> Time spent for subset 18 | User: 0 sec | CPU: 2.1190001e-03 sec
vAlgorithm::IterateCPU() -> Start iteration 4/4 sub step 1/1 subset 19/28
iIterativeAlgorithm::StepInnerLoopInsideSubsetLoop() -> Start loop over events
oOptimizerManager::ImageUpdateStep() -> Proceed to image update
vOptimizer::ImageUpdateStep() -> Start image update
vAlgorithm::IterateCPU() -> Time spent for subset 19 | User: 0 sec | CPU: 2.0659999e-03 sec
vAlgorithm::IterateCPU() -> Start iteration 4/4 sub step 1/1 subset 20/28
iIterativeAlgorithm::StepInnerLoopInsideSubsetLoop() -> Start loop over events
oOptimizerManager::ImageUpdateStep() -> Proceed to image update
vOptimizer::ImageUpdateStep() -> Start image update
vAlgorithm::IterateCPU() -> Time spent for subset 20 | User: 0 sec | CPU: 1.9050000e-03 sec
vAlgorithm::IterateCPU() -> Start iteration 4/4 sub step 1/1 subset 21/28
iIterativeAlgorithm::StepInnerLoopInsideSubsetLoop() -> Start loop over events
oOptimizerManager::ImageUpdateStep() -> Proceed to image update
vOptimizer::ImageUpdateStep() -> Start image update
vAlgorithm::IterateCPU() -> Time spent for subset 21 | User: 0 sec | CPU: 2.0540000e-03 sec
vAlgorithm::IterateCPU() -> Start iteration 4/4 sub step 1/1 subset 22/28
iIterativeAlgorithm::StepInnerLoopInsideSubsetLoop() -> Start loop over events
oOptimizerManager::ImageUpdateStep() -> Proceed to image update
vOptimizer::ImageUpdateStep() -> Start image update
vAlgorithm::IterateCPU() -> Time spent for subset 22 | User: 0 sec | CPU: 2.1210001e-03 sec
vAlgorithm::IterateCPU() -> Start iteration 4/4 sub step 1/1 subset 23/28
iIterativeAlgorithm::StepInnerLoopInsideSubsetLoop() -> Start loop over events
oOptimizerManager::ImageUpdateStep() -> Proceed to image update
vOptimizer::ImageUpdateStep() -> Start image update
vAlgorithm::IterateCPU() -> Time spent for subset 23 | User: 0 sec | CPU: 2.0140000e-03 sec
vAlgorithm::IterateCPU() -> Start iteration 4/4 sub step 1/1 subset 24/28
iIterativeAlgorithm::StepInnerLoopInsideSubsetLoop() -> Start loop over events
oOptimizerManager::ImageUpdateStep() -> Proceed to image update
vOptimizer::ImageUpdateStep() -> Start image update
vAlgorithm::IterateCPU() -> Time spent for subset 24 | User: 0 sec | CPU: 2.1559999e-03 sec
vAlgorithm::IterateCPU() -> Start iteration 4/4 sub step 1/1 subset 25/28
iIterativeAlgorithm::StepInnerLoopInsideSubsetLoop() -> Start loop over events
oOptimizerManager::ImageUpdateStep() -> Proceed to image update
vOptimizer::ImageUpdateStep() -> Start image update
vAlgorithm::IterateCPU() -> Time spent for subset 25 | User: 0 sec | CPU: 1.8870000e-03 sec
vAlgorithm::IterateCPU() -> Start iteration 4/4 sub step 1/1 subset 26/28
iIterativeAlgorithm::StepInnerLoopInsideSubsetLoop() -> Start loop over events
oOptimizerManager::ImageUpdateStep() -> Proceed to image update
vOptimizer::ImageUpdateStep() -> Start image update
vAlgorithm::IterateCPU() -> Time spent for subset 26 | User: 0 sec | CPU: 2.0170000e-03 sec
vAlgorithm::IterateCPU() -> Start iteration 4/4 sub step 1/1 subset 27/28
iIterativeAlgorithm::StepInnerLoopInsideSubsetLoop() -> Start loop over events
oOptimizerManager::ImageUpdateStep() -> Proceed to image update
vOptimizer::ImageUpdateStep() -> Start image update
vAlgorithm::IterateCPU() -> Time spent for subset 27 | User: 0 sec | CPU: 1.9920000e-03 sec
vAlgorithm::IterateCPU() -> Start iteration 4/4 sub step 1/1 subset 28/28
iIterativeAlgorithm::StepInnerLoopInsideSubsetLoop() -> Start loop over events
oOptimizerManager::ImageUpdateStep() -> Proceed to image update
vOptimizer::ImageUpdateStep() -> Start image update
vAlgorithm::IterateCPU() -> Time spent for subset 28 | User: 0 sec | CPU: 2.1309999e-03 sec
iIterativeAlgorithm::StepAfterSubsetLoop() -> Save image at iteration 4
vAlgorithm::StepAfterIterationLoop ... 
iIterativeAlgorithm::StepAfterIterationLoop ... 
vAlgorithm::IterateCPU() -> Total time spent | User: 0 sec | CPU: 2.3608600e-01 sec
sChronoManager::Display() -> Results from the profiling
  --> Profiling of the data update step:
    | Datafile management: 00 hours 00 mins 00 secs 002 ms
    | Dynamic management: 00 hours 00 mins 00 secs 000 ms
    | Projection management: 00 hours 00 mins 00 secs 039 ms
    | Optimizer management: 00 hours 00 mins 00 secs 023 ms
  --> Profiling of the convolution steps: 00 hours 00 mins 00 secs 000 ms
  --> Custom update step 1: 00 hours 00 mins 00 secs 000 ms

