castor-recon() -> Launch reconstruction from CASToR version 3.2.1.
==================================================================================================
                                      COMMAND LINE CONTEXT
==================================================================================================
Command line: castor-recon -vb 2 -df coincidence_LYSO_src12.0cm_fine.cdh -fout LYSO_src12.0cm_fine -oit -1 -it 4:28 -dim 400,400,1 -fov 100.,100.,10. -off 0.,0.,0. -opti MLEM -proj joseph -sens philips_sim_simple_hot_point_all_merged_fine_sensitivity.hdr 
Working directory: /Users/yuema/MyCode/castor_v3.2/LXePET_Radius_Compare
Data of execution: Thu Oct 16 21:06:54 2025
Float numbers precision in bytes (for matrices and some computations): 4
Float numbers precision in bytes (for sensitive computations that require at least double precision): 8
Float numbers precision in bytes (for datafile reading/writing): 4
Float numbers precision in bytes (for scanner LUT reading/writing): 4
CASToR version: 3.2.1
==================================================================================================
sScannerManager::BuildScannerObject() -> Start building
sScannerManager::InstantiateScanner() -> Instantiate the scanner geometry structure
iScannerPET::Instantiate() -> Create scanner structure and read parameters from configuration file
sScannerManager::GetGeometricInfoFromDataFile() -> Look for acquisition specific settings into datafile header
sScannerManager::BuildLUT() -> Generate the geometric Look-Up Table
iScannerPET::BuildLUT() -> Build LUT for scanner elements coordinates and orientations
sScannerManager::Initialize() -> From scanner PET_PHILIPS_VEREOS_FINE
iScannerPET::Initialize() -> Initialize remaining stuff for scanner to be ready
oImageDimensionsAndQuantification::Initialize() -> Initialize image dimensions, basis functions and quantification
  --> Image dimensions: [400;400;1] voxels of [2.5000000e-01;2.5000000e-01;1.0000000e+01] mm3
  --> FOV size: [1.0000000e+02;1.0000000e+02;1.0000000e+01] mm3
oImageDimensionsAndQuantification::SetAcquisitionTime() -> Static single bed acquisition with duration [ 0.0000000e+00 : 1.0000000e+01 ] seconds
  --> Correct for frame duration
oImageDimensionsAndQuantification::SetPETIsotope() -> Isotope F-18 has 6.5862002e+03 seconds half life and 9.6700001e-01 branching ratio
  --> Correct for branching ratio
  --> Correct for half-life
oImageDimensionsAndQuantification::SetCalibrationFactor() -> Correct for following calibration factor: 1.0000000e+00
vDataFile::InitializeMappedFile() -> Map datafile to memory
iDataFilePET::PrepareDataFile() -> Build listmode events
oDynamicDataManager::SetDynamicSpecificQuantificationFactors() ... 
oProjectorManager::Initialize() -> Initialize projectors and projection lines
iProjectorJoseph::InitializeSpecific() -> Use Joseph projector
----- Dynamic model: No parameters given - setting diagonal basis functions !
oOptimizerManager::Initialize() -> Initialize optimizer and penalty
iOptimizerMLEM::InitializeSpecific() -> Use the MLEM optimizer
sChronoManager::Initialize() -> Initialize all duration counters for profiling
iIterativeAlgorithm::InitSpecificOptions ... 
vAlgorithm::Iterate ...
vAlgorithm::IterateCPU() -> Start algorithm for 4 iterations
vAlgorithm::StepBeforeIterationLoop ... 
iIterativeAlgorithm::StepBeforeIterationLoop ... 
vAlgorithm::IterateCPU() -> Start iteration 1/4 sub step 1/1 subset 1/28
iIterativeAlgorithm::StepInnerLoopInsideSubsetLoop() -> Start loop over events
oOptimizerManager::ImageUpdateStep() -> Proceed to image update
vOptimizer::ImageUpdateStep() -> Start image update
vAlgorithm::IterateCPU() -> Time spent for subset 1 | User: 0 sec | CPU: 6.9229999e-03 sec
vAlgorithm::IterateCPU() -> Start iteration 1/4 sub step 1/1 subset 2/28
iIterativeAlgorithm::StepInnerLoopInsideSubsetLoop() -> Start loop over events
oOptimizerManager::ImageUpdateStep() -> Proceed to image update
vOptimizer::ImageUpdateStep() -> Start image update
vAlgorithm::IterateCPU() -> Time spent for subset 2 | User: 0 sec | CPU: 5.4199998e-03 sec
vAlgorithm::IterateCPU() -> Start iteration 1/4 sub step 1/1 subset 3/28
iIterativeAlgorithm::StepInnerLoopInsideSubsetLoop() -> Start loop over events
oOptimizerManager::ImageUpdateStep() -> Proceed to image update
vOptimizer::ImageUpdateStep() -> Start image update
vAlgorithm::IterateCPU() -> Time spent for subset 3 | User: 0 sec | CPU: 4.0549999e-03 sec
vAlgorithm::IterateCPU() -> Start iteration 1/4 sub step 1/1 subset 4/28
iIterativeAlgorithm::StepInnerLoopInsideSubsetLoop() -> Start loop over events
oOptimizerManager::ImageUpdateStep() -> Proceed to image update
vOptimizer::ImageUpdateStep() -> Start image update
vAlgorithm::IterateCPU() -> Time spent for subset 4 | User: 0 sec | CPU: 2.4089999e-03 sec
vAlgorithm::IterateCPU() -> Start iteration 1/4 sub step 1/1 subset 5/28
iIterativeAlgorithm::StepInnerLoopInsideSubsetLoop() -> Start loop over events
oOptimizerManager::ImageUpdateStep() -> Proceed to image update
vOptimizer::ImageUpdateStep() -> Start image update
vAlgorithm::IterateCPU() -> Time spent for subset 5 | User: 0 sec | CPU: 2.5950000e-03 sec
vAlgorithm::IterateCPU() -> Start iteration 1/4 sub step 1/1 subset 6/28
iIterativeAlgorithm::StepInnerLoopInsideSubsetLoop() -> Start loop over events
oOptimizerManager::ImageUpdateStep() -> Proceed to image update
vOptimizer::ImageUpdateStep() -> Start image update
vAlgorithm::IterateCPU() -> Time spent for subset 6 | User: 0 sec | CPU: 2.8470000e-03 sec
vAlgorithm::IterateCPU() -> Start iteration 1/4 sub step 1/1 subset 7/28
iIterativeAlgorithm::StepInnerLoopInsideSubsetLoop() -> Start loop over events
oOptimizerManager::ImageUpdateStep() -> Proceed to image update
vOptimizer::ImageUpdateStep() -> Start image update
vAlgorithm::IterateCPU() -> Time spent for subset 7 | User: 0 sec | CPU: 2.3570000e-03 sec
vAlgorithm::IterateCPU() -> Start iteration 1/4 sub step 1/1 subset 8/28
iIterativeAlgorithm::StepInnerLoopInsideSubsetLoop() -> Start loop over events
oOptimizerManager::ImageUpdateStep() -> Proceed to image update
vOptimizer::ImageUpdateStep() -> Start image update
vAlgorithm::IterateCPU() -> Time spent for subset 8 | User: 0 sec | CPU: 2.6750001e-03 sec
vAlgorithm::IterateCPU() -> Start iteration 1/4 sub step 1/1 subset 9/28
iIterativeAlgorithm::StepInnerLoopInsideSubsetLoop() -> Start loop over events
oOptimizerManager::ImageUpdateStep() -> Proceed to image update
vOptimizer::ImageUpdateStep() -> Start image update
vAlgorithm::IterateCPU() -> Time spent for subset 9 | User: 0 sec | CPU: 2.3729999e-03 sec
vAlgorithm::IterateCPU() -> Start iteration 1/4 sub step 1/1 subset 10/28
iIterativeAlgorithm::StepInnerLoopInsideSubsetLoop() -> Start loop over events
oOptimizerManager::ImageUpdateStep() -> Proceed to image update
vOptimizer::ImageUpdateStep() -> Start image update
vAlgorithm::IterateCPU() -> Time spent for subset 10 | User: 0 sec | CPU: 2.2870000e-03 sec
vAlgorithm::IterateCPU() -> Start iteration 1/4 sub step 1/1 subset 11/28
iIterativeAlgorithm::StepInnerLoopInsideSubsetLoop() -> Start loop over events
oOptimizerManager::ImageUpdateStep() -> Proceed to image update
vOptimizer::ImageUpdateStep() -> Start image update
vAlgorithm::IterateCPU() -> Time spent for subset 11 | User: 0 sec | CPU: 2.5859999e-03 sec
vAlgorithm::IterateCPU() -> Start iteration 1/4 sub step 1/1 subset 12/28
iIterativeAlgorithm::StepInnerLoopInsideSubsetLoop() -> Start loop over events
oOptimizerManager::ImageUpdateStep() -> Proceed to image update
vOptimizer::ImageUpdateStep() -> Start image update
vAlgorithm::IterateCPU() -> Time spent for subset 12 | User: 0 sec | CPU: 2.6300000e-03 sec
vAlgorithm::IterateCPU() -> Start iteration 1/4 sub step 1/1 subset 13/28
iIterativeAlgorithm::StepInnerLoopInsideSubsetLoop() -> Start loop over events
oOptimizerManager::ImageUpdateStep() -> Proceed to image update
vOptimizer::ImageUpdateStep() -> Start image update
vAlgorithm::IterateCPU() -> Time spent for subset 13 | User: 0 sec | CPU: 4.1319998e-03 sec
vAlgorithm::IterateCPU() -> Start iteration 1/4 sub step 1/1 subset 14/28
iIterativeAlgorithm::StepInnerLoopInsideSubsetLoop() -> Start loop over events
oOptimizerManager::ImageUpdateStep() -> Proceed to image update
vOptimizer::ImageUpdateStep() -> Start image update
vAlgorithm::IterateCPU() -> Time spent for subset 14 | User: 0 sec | CPU: 3.4990001e-03 sec
vAlgorithm::IterateCPU() -> Start iteration 1/4 sub step 1/1 subset 15/28
iIterativeAlgorithm::StepInnerLoopInsideSubsetLoop() -> Start loop over events
oOptimizerManager::ImageUpdateStep() -> Proceed to image update
vOptimizer::ImageUpdateStep() -> Start image update
vAlgorithm::IterateCPU() -> Time spent for subset 15 | User: 0 sec | CPU: 3.0759999e-03 sec
vAlgorithm::IterateCPU() -> Start iteration 1/4 sub step 1/1 subset 16/28
iIterativeAlgorithm::StepInnerLoopInsideSubsetLoop() -> Start loop over events
oOptimizerManager::ImageUpdateStep() -> Proceed to image update
vOptimizer::ImageUpdateStep() -> Start image update
vAlgorithm::IterateCPU() -> Time spent for subset 16 | User: 0 sec | CPU: 2.9889999e-03 sec
vAlgorithm::IterateCPU() -> Start iteration 1/4 sub step 1/1 subset 17/28
iIterativeAlgorithm::StepInnerLoopInsideSubsetLoop() -> Start loop over events
oOptimizerManager::ImageUpdateStep() -> Proceed to image update
vOptimizer::ImageUpdateStep() -> Start image update
vAlgorithm::IterateCPU() -> Time spent for subset 17 | User: 0 sec | CPU: 3.6050000e-03 sec
vAlgorithm::IterateCPU() -> Start iteration 1/4 sub step 1/1 subset 18/28
iIterativeAlgorithm::StepInnerLoopInsideSubsetLoop() -> Start loop over events
oOptimizerManager::ImageUpdateStep() -> Proceed to image update
vOptimizer::ImageUpdateStep() -> Start image update
vAlgorithm::IterateCPU() -> Time spent for subset 18 | User: 0 sec | CPU: 2.8160000e-03 sec
vAlgorithm::IterateCPU() -> Start iteration 1/4 sub step 1/1 subset 19/28
iIterativeAlgorithm::StepInnerLoopInsideSubsetLoop() -> Start loop over events
oOptimizerManager::ImageUpdateStep() -> Proceed to image update
vOptimizer::ImageUpdateStep() -> Start image update
vAlgorithm::IterateCPU() -> Time spent for subset 19 | User: 0 sec | CPU: 2.9330000e-03 sec
vAlgorithm::IterateCPU() -> Start iteration 1/4 sub step 1/1 subset 20/28
iIterativeAlgorithm::StepInnerLoopInsideSubsetLoop() -> Start loop over events
oOptimizerManager::ImageUpdateStep() -> Proceed to image update
vOptimizer::ImageUpdateStep() -> Start image update
vAlgorithm::IterateCPU() -> Time spent for subset 20 | User: 0 sec | CPU: 2.8979999e-03 sec
vAlgorithm::IterateCPU() -> Start iteration 1/4 sub step 1/1 subset 21/28
iIterativeAlgorithm::StepInnerLoopInsideSubsetLoop() -> Start loop over events
oOptimizerManager::ImageUpdateStep() -> Proceed to image update
vOptimizer::ImageUpdateStep() -> Start image update
vAlgorithm::IterateCPU() -> Time spent for subset 21 | User: 0 sec | CPU: 2.3270000e-03 sec
vAlgorithm::IterateCPU() -> Start iteration 1/4 sub step 1/1 subset 22/28
iIterativeAlgorithm::StepInnerLoopInsideSubsetLoop() -> Start loop over events
oOptimizerManager::ImageUpdateStep() -> Proceed to image update
vOptimizer::ImageUpdateStep() -> Start image update
vAlgorithm::IterateCPU() -> Time spent for subset 22 | User: 0 sec | CPU: 3.0590000e-03 sec
vAlgorithm::IterateCPU() -> Start iteration 1/4 sub step 1/1 subset 23/28
iIterativeAlgorithm::StepInnerLoopInsideSubsetLoop() -> Start loop over events
oOptimizerManager::ImageUpdateStep() -> Proceed to image update
vOptimizer::ImageUpdateStep() -> Start image update
vAlgorithm::IterateCPU() -> Time spent for subset 23 | User: 0 sec | CPU: 2.8730000e-03 sec
vAlgorithm::IterateCPU() -> Start iteration 1/4 sub step 1/1 subset 24/28
iIterativeAlgorithm::StepInnerLoopInsideSubsetLoop() -> Start loop over events
oOptimizerManager::ImageUpdateStep() -> Proceed to image update
vOptimizer::ImageUpdateStep() -> Start image update
vAlgorithm::IterateCPU() -> Time spent for subset 24 | User: 0 sec | CPU: 3.2970000e-03 sec
vAlgorithm::IterateCPU() -> Start iteration 1/4 sub step 1/1 subset 25/28
iIterativeAlgorithm::StepInnerLoopInsideSubsetLoop() -> Start loop over events
oOptimizerManager::ImageUpdateStep() -> Proceed to image update
vOptimizer::ImageUpdateStep() -> Start image update
vAlgorithm::IterateCPU() -> Time spent for subset 25 | User: 0 sec | CPU: 2.9559999e-03 sec
vAlgorithm::IterateCPU() -> Start iteration 1/4 sub step 1/1 subset 26/28
iIterativeAlgorithm::StepInnerLoopInsideSubsetLoop() -> Start loop over events
oOptimizerManager::ImageUpdateStep() -> Proceed to image update
vOptimizer::ImageUpdateStep() -> Start image update
vAlgorithm::IterateCPU() -> Time spent for subset 26 | User: 0 sec | CPU: 2.4890001e-03 sec
vAlgorithm::IterateCPU() -> Start iteration 1/4 sub step 1/1 subset 27/28
iIterativeAlgorithm::StepInnerLoopInsideSubsetLoop() -> Start loop over events
oOptimizerManager::ImageUpdateStep() -> Proceed to image update
vOptimizer::ImageUpdateStep() -> Start image update
vAlgorithm::IterateCPU() -> Time spent for subset 27 | User: 0 sec | CPU: 3.8220000e-03 sec
vAlgorithm::IterateCPU() -> Start iteration 1/4 sub step 1/1 subset 28/28
iIterativeAlgorithm::StepInnerLoopInsideSubsetLoop() -> Start loop over events
oOptimizerManager::ImageUpdateStep() -> Proceed to image update
vOptimizer::ImageUpdateStep() -> Start image update
vAlgorithm::IterateCPU() -> Time spent for subset 28 | User: 0 sec | CPU: 3.5639999e-03 sec
vAlgorithm::IterateCPU() -> Start iteration 2/4 sub step 1/1 subset 1/28
iIterativeAlgorithm::StepInnerLoopInsideSubsetLoop() -> Start loop over events
oOptimizerManager::ImageUpdateStep() -> Proceed to image update
vOptimizer::ImageUpdateStep() -> Start image update
vAlgorithm::IterateCPU() -> Time spent for subset 1 | User: 0 sec | CPU: 2.5330000e-03 sec
vAlgorithm::IterateCPU() -> Start iteration 2/4 sub step 1/1 subset 2/28
iIterativeAlgorithm::StepInnerLoopInsideSubsetLoop() -> Start loop over events
oOptimizerManager::ImageUpdateStep() -> Proceed to image update
vOptimizer::ImageUpdateStep() -> Start image update
vAlgorithm::IterateCPU() -> Time spent for subset 2 | User: 0 sec | CPU: 3.1570001e-03 sec
vAlgorithm::IterateCPU() -> Start iteration 2/4 sub step 1/1 subset 3/28
iIterativeAlgorithm::StepInnerLoopInsideSubsetLoop() -> Start loop over events
oOptimizerManager::ImageUpdateStep() -> Proceed to image update
vOptimizer::ImageUpdateStep() -> Start image update
vAlgorithm::IterateCPU() -> Time spent for subset 3 | User: 0 sec | CPU: 3.0380001e-03 sec
vAlgorithm::IterateCPU() -> Start iteration 2/4 sub step 1/1 subset 4/28
iIterativeAlgorithm::StepInnerLoopInsideSubsetLoop() -> Start loop over events
oOptimizerManager::ImageUpdateStep() -> Proceed to image update
vOptimizer::ImageUpdateStep() -> Start image update
vAlgorithm::IterateCPU() -> Time spent for subset 4 | User: 0 sec | CPU: 3.3529999e-03 sec
vAlgorithm::IterateCPU() -> Start iteration 2/4 sub step 1/1 subset 5/28
iIterativeAlgorithm::StepInnerLoopInsideSubsetLoop() -> Start loop over events
oOptimizerManager::ImageUpdateStep() -> Proceed to image update
vOptimizer::ImageUpdateStep() -> Start image update
vAlgorithm::IterateCPU() -> Time spent for subset 5 | User: 0 sec | CPU: 3.6370000e-03 sec
vAlgorithm::IterateCPU() -> Start iteration 2/4 sub step 1/1 subset 6/28
iIterativeAlgorithm::StepInnerLoopInsideSubsetLoop() -> Start loop over events
oOptimizerManager::ImageUpdateStep() -> Proceed to image update
vOptimizer::ImageUpdateStep() -> Start image update
vAlgorithm::IterateCPU() -> Time spent for subset 6 | User: 0 sec | CPU: 2.4230001e-03 sec
vAlgorithm::IterateCPU() -> Start iteration 2/4 sub step 1/1 subset 7/28
iIterativeAlgorithm::StepInnerLoopInsideSubsetLoop() -> Start loop over events
oOptimizerManager::ImageUpdateStep() -> Proceed to image update
vOptimizer::ImageUpdateStep() -> Start image update
vAlgorithm::IterateCPU() -> Time spent for subset 7 | User: 0 sec | CPU: 3.1030001e-03 sec
vAlgorithm::IterateCPU() -> Start iteration 2/4 sub step 1/1 subset 8/28
iIterativeAlgorithm::StepInnerLoopInsideSubsetLoop() -> Start loop over events
oOptimizerManager::ImageUpdateStep() -> Proceed to image update
vOptimizer::ImageUpdateStep() -> Start image update
vAlgorithm::IterateCPU() -> Time spent for subset 8 | User: 0 sec | CPU: 2.8969999e-03 sec
vAlgorithm::IterateCPU() -> Start iteration 2/4 sub step 1/1 subset 9/28
iIterativeAlgorithm::StepInnerLoopInsideSubsetLoop() -> Start loop over events
oOptimizerManager::ImageUpdateStep() -> Proceed to image update
vOptimizer::ImageUpdateStep() -> Start image update
vAlgorithm::IterateCPU() -> Time spent for subset 9 | User: 0 sec | CPU: 2.7770000e-03 sec
vAlgorithm::IterateCPU() -> Start iteration 2/4 sub step 1/1 subset 10/28
iIterativeAlgorithm::StepInnerLoopInsideSubsetLoop() -> Start loop over events
oOptimizerManager::ImageUpdateStep() -> Proceed to image update
vOptimizer::ImageUpdateStep() -> Start image update
vAlgorithm::IterateCPU() -> Time spent for subset 10 | User: 0 sec | CPU: 2.7600001e-03 sec
vAlgorithm::IterateCPU() -> Start iteration 2/4 sub step 1/1 subset 11/28
iIterativeAlgorithm::StepInnerLoopInsideSubsetLoop() -> Start loop over events
oOptimizerManager::ImageUpdateStep() -> Proceed to image update
vOptimizer::ImageUpdateStep() -> Start image update
vAlgorithm::IterateCPU() -> Time spent for subset 11 | User: 0 sec | CPU: 2.3169999e-03 sec
vAlgorithm::IterateCPU() -> Start iteration 2/4 sub step 1/1 subset 12/28
iIterativeAlgorithm::StepInnerLoopInsideSubsetLoop() -> Start loop over events
oOptimizerManager::ImageUpdateStep() -> Proceed to image update
vOptimizer::ImageUpdateStep() -> Start image update
vAlgorithm::IterateCPU() -> Time spent for subset 12 | User: 0 sec | CPU: 2.7250000e-03 sec
vAlgorithm::IterateCPU() -> Start iteration 2/4 sub step 1/1 subset 13/28
iIterativeAlgorithm::StepInnerLoopInsideSubsetLoop() -> Start loop over events
oOptimizerManager::ImageUpdateStep() -> Proceed to image update
vOptimizer::ImageUpdateStep() -> Start image update
vAlgorithm::IterateCPU() -> Time spent for subset 13 | User: 0 sec | CPU: 2.8329999e-03 sec
vAlgorithm::IterateCPU() -> Start iteration 2/4 sub step 1/1 subset 14/28
iIterativeAlgorithm::StepInnerLoopInsideSubsetLoop() -> Start loop over events
oOptimizerManager::ImageUpdateStep() -> Proceed to image update
vOptimizer::ImageUpdateStep() -> Start image update
vAlgorithm::IterateCPU() -> Time spent for subset 14 | User: 0 sec | CPU: 2.5420000e-03 sec
vAlgorithm::IterateCPU() -> Start iteration 2/4 sub step 1/1 subset 15/28
iIterativeAlgorithm::StepInnerLoopInsideSubsetLoop() -> Start loop over events
oOptimizerManager::ImageUpdateStep() -> Proceed to image update
vOptimizer::ImageUpdateStep() -> Start image update
vAlgorithm::IterateCPU() -> Time spent for subset 15 | User: 0 sec | CPU: 2.6690001e-03 sec
vAlgorithm::IterateCPU() -> Start iteration 2/4 sub step 1/1 subset 16/28
iIterativeAlgorithm::StepInnerLoopInsideSubsetLoop() -> Start loop over events
oOptimizerManager::ImageUpdateStep() -> Proceed to image update
vOptimizer::ImageUpdateStep() -> Start image update
vAlgorithm::IterateCPU() -> Time spent for subset 16 | User: 0 sec | CPU: 2.7650001e-03 sec
vAlgorithm::IterateCPU() -> Start iteration 2/4 sub step 1/1 subset 17/28
iIterativeAlgorithm::StepInnerLoopInsideSubsetLoop() -> Start loop over events
oOptimizerManager::ImageUpdateStep() -> Proceed to image update
vOptimizer::ImageUpdateStep() -> Start image update
vAlgorithm::IterateCPU() -> Time spent for subset 17 | User: 0 sec | CPU: 2.5190001e-03 sec
vAlgorithm::IterateCPU() -> Start iteration 2/4 sub step 1/1 subset 18/28
iIterativeAlgorithm::StepInnerLoopInsideSubsetLoop() -> Start loop over events
oOptimizerManager::ImageUpdateStep() -> Proceed to image update
vOptimizer::ImageUpdateStep() -> Start image update
vAlgorithm::IterateCPU() -> Time spent for subset 18 | User: 0 sec | CPU: 2.3600000e-03 sec
vAlgorithm::IterateCPU() -> Start iteration 2/4 sub step 1/1 subset 19/28
iIterativeAlgorithm::StepInnerLoopInsideSubsetLoop() -> Start loop over events
oOptimizerManager::ImageUpdateStep() -> Proceed to image update
vOptimizer::ImageUpdateStep() -> Start image update
vAlgorithm::IterateCPU() -> Time spent for subset 19 | User: 0 sec | CPU: 2.9640000e-03 sec
vAlgorithm::IterateCPU() -> Start iteration 2/4 sub step 1/1 subset 20/28
iIterativeAlgorithm::StepInnerLoopInsideSubsetLoop() -> Start loop over events
oOptimizerManager::ImageUpdateStep() -> Proceed to image update
vOptimizer::ImageUpdateStep() -> Start image update
vAlgorithm::IterateCPU() -> Time spent for subset 20 | User: 0 sec | CPU: 2.6710001e-03 sec
vAlgorithm::IterateCPU() -> Start iteration 2/4 sub step 1/1 subset 21/28
iIterativeAlgorithm::StepInnerLoopInsideSubsetLoop() -> Start loop over events
oOptimizerManager::ImageUpdateStep() -> Proceed to image update
vOptimizer::ImageUpdateStep() -> Start image update
vAlgorithm::IterateCPU() -> Time spent for subset 21 | User: 0 sec | CPU: 2.2479999e-03 sec
vAlgorithm::IterateCPU() -> Start iteration 2/4 sub step 1/1 subset 22/28
iIterativeAlgorithm::StepInnerLoopInsideSubsetLoop() -> Start loop over events
oOptimizerManager::ImageUpdateStep() -> Proceed to image update
vOptimizer::ImageUpdateStep() -> Start image update
vAlgorithm::IterateCPU() -> Time spent for subset 22 | User: 0 sec | CPU: 2.7880000e-03 sec
vAlgorithm::IterateCPU() -> Start iteration 2/4 sub step 1/1 subset 23/28
iIterativeAlgorithm::StepInnerLoopInsideSubsetLoop() -> Start loop over events
oOptimizerManager::ImageUpdateStep() -> Proceed to image update
vOptimizer::ImageUpdateStep() -> Start image update
vAlgorithm::IterateCPU() -> Time spent for subset 23 | User: 0 sec | CPU: 2.7280001e-03 sec
vAlgorithm::IterateCPU() -> Start iteration 2/4 sub step 1/1 subset 24/28
iIterativeAlgorithm::StepInnerLoopInsideSubsetLoop() -> Start loop over events
oOptimizerManager::ImageUpdateStep() -> Proceed to image update
vOptimizer::ImageUpdateStep() -> Start image update
vAlgorithm::IterateCPU() -> Time spent for subset 24 | User: 0 sec | CPU: 2.5320000e-03 sec
vAlgorithm::IterateCPU() -> Start iteration 2/4 sub step 1/1 subset 25/28
iIterativeAlgorithm::StepInnerLoopInsideSubsetLoop() -> Start loop over events
oOptimizerManager::ImageUpdateStep() -> Proceed to image update
vOptimizer::ImageUpdateStep() -> Start image update
vAlgorithm::IterateCPU() -> Time spent for subset 25 | User: 0 sec | CPU: 2.7590001e-03 sec
vAlgorithm::IterateCPU() -> Start iteration 2/4 sub step 1/1 subset 26/28
iIterativeAlgorithm::StepInnerLoopInsideSubsetLoop() -> Start loop over events
oOptimizerManager::ImageUpdateStep() -> Proceed to image update
vOptimizer::ImageUpdateStep() -> Start image update
vAlgorithm::IterateCPU() -> Time spent for subset 26 | User: 0 sec | CPU: 2.6060001e-03 sec
vAlgorithm::IterateCPU() -> Start iteration 2/4 sub step 1/1 subset 27/28
iIterativeAlgorithm::StepInnerLoopInsideSubsetLoop() -> Start loop over events
oOptimizerManager::ImageUpdateStep() -> Proceed to image update
vOptimizer::ImageUpdateStep() -> Start image update
vAlgorithm::IterateCPU() -> Time spent for subset 27 | User: 0 sec | CPU: 2.3149999e-03 sec
vAlgorithm::IterateCPU() -> Start iteration 2/4 sub step 1/1 subset 28/28
iIterativeAlgorithm::StepInnerLoopInsideSubsetLoop() -> Start loop over events
oOptimizerManager::ImageUpdateStep() -> Proceed to image update
vOptimizer::ImageUpdateStep() -> Start image update
vAlgorithm::IterateCPU() -> Time spent for subset 28 | User: 0 sec | CPU: 2.1830001e-03 sec
vAlgorithm::IterateCPU() -> Start iteration 3/4 sub step 1/1 subset 1/28
iIterativeAlgorithm::StepInnerLoopInsideSubsetLoop() -> Start loop over events
oOptimizerManager::ImageUpdateStep() -> Proceed to image update
vOptimizer::ImageUpdateStep() -> Start image update
vAlgorithm::IterateCPU() -> Time spent for subset 1 | User: 0 sec | CPU: 2.5140001e-03 sec
vAlgorithm::IterateCPU() -> Start iteration 3/4 sub step 1/1 subset 2/28
iIterativeAlgorithm::StepInnerLoopInsideSubsetLoop() -> Start loop over events
oOptimizerManager::ImageUpdateStep() -> Proceed to image update
vOptimizer::ImageUpdateStep() -> Start image update
vAlgorithm::IterateCPU() -> Time spent for subset 2 | User: 0 sec | CPU: 2.3790000e-03 sec
vAlgorithm::IterateCPU() -> Start iteration 3/4 sub step 1/1 subset 3/28
iIterativeAlgorithm::StepInnerLoopInsideSubsetLoop() -> Start loop over events
oOptimizerManager::ImageUpdateStep() -> Proceed to image update
vOptimizer::ImageUpdateStep() -> Start image update
vAlgorithm::IterateCPU() -> Time spent for subset 3 | User: 0 sec | CPU: 2.6680001e-03 sec
vAlgorithm::IterateCPU() -> Start iteration 3/4 sub step 1/1 subset 4/28
iIterativeAlgorithm::StepInnerLoopInsideSubsetLoop() -> Start loop over events
oOptimizerManager::ImageUpdateStep() -> Proceed to image update
vOptimizer::ImageUpdateStep() -> Start image update
vAlgorithm::IterateCPU() -> Time spent for subset 4 | User: 0 sec | CPU: 2.2690000e-03 sec
vAlgorithm::IterateCPU() -> Start iteration 3/4 sub step 1/1 subset 5/28
iIterativeAlgorithm::StepInnerLoopInsideSubsetLoop() -> Start loop over events
oOptimizerManager::ImageUpdateStep() -> Proceed to image update
vOptimizer::ImageUpdateStep() -> Start image update
vAlgorithm::IterateCPU() -> Time spent for subset 5 | User: 0 sec | CPU: 2.6850000e-03 sec
vAlgorithm::IterateCPU() -> Start iteration 3/4 sub step 1/1 subset 6/28
iIterativeAlgorithm::StepInnerLoopInsideSubsetLoop() -> Start loop over events
oOptimizerManager::ImageUpdateStep() -> Proceed to image update
vOptimizer::ImageUpdateStep() -> Start image update
vAlgorithm::IterateCPU() -> Time spent for subset 6 | User: 0 sec | CPU: 2.6580000e-03 sec
vAlgorithm::IterateCPU() -> Start iteration 3/4 sub step 1/1 subset 7/28
iIterativeAlgorithm::StepInnerLoopInsideSubsetLoop() -> Start loop over events
oOptimizerManager::ImageUpdateStep() -> Proceed to image update
vOptimizer::ImageUpdateStep() -> Start image update
vAlgorithm::IterateCPU() -> Time spent for subset 7 | User: 0 sec | CPU: 2.3060001e-03 sec
vAlgorithm::IterateCPU() -> Start iteration 3/4 sub step 1/1 subset 8/28
iIterativeAlgorithm::StepInnerLoopInsideSubsetLoop() -> Start loop over events
oOptimizerManager::ImageUpdateStep() -> Proceed to image update
vOptimizer::ImageUpdateStep() -> Start image update
vAlgorithm::IterateCPU() -> Time spent for subset 8 | User: 0 sec | CPU: 2.9910000e-03 sec
vAlgorithm::IterateCPU() -> Start iteration 3/4 sub step 1/1 subset 9/28
iIterativeAlgorithm::StepInnerLoopInsideSubsetLoop() -> Start loop over events
oOptimizerManager::ImageUpdateStep() -> Proceed to image update
vOptimizer::ImageUpdateStep() -> Start image update
vAlgorithm::IterateCPU() -> Time spent for subset 9 | User: 0 sec | CPU: 2.2610000e-03 sec
vAlgorithm::IterateCPU() -> Start iteration 3/4 sub step 1/1 subset 10/28
iIterativeAlgorithm::StepInnerLoopInsideSubsetLoop() -> Start loop over events
oOptimizerManager::ImageUpdateStep() -> Proceed to image update
vOptimizer::ImageUpdateStep() -> Start image update
vAlgorithm::IterateCPU() -> Time spent for subset 10 | User: 0 sec | CPU: 2.2499999e-03 sec
vAlgorithm::IterateCPU() -> Start iteration 3/4 sub step 1/1 subset 11/28
iIterativeAlgorithm::StepInnerLoopInsideSubsetLoop() -> Start loop over events
oOptimizerManager::ImageUpdateStep() -> Proceed to image update
vOptimizer::ImageUpdateStep() -> Start image update
vAlgorithm::IterateCPU() -> Time spent for subset 11 | User: 0 sec | CPU: 3.1170000e-03 sec
vAlgorithm::IterateCPU() -> Start iteration 3/4 sub step 1/1 subset 12/28
iIterativeAlgorithm::StepInnerLoopInsideSubsetLoop() -> Start loop over events
oOptimizerManager::ImageUpdateStep() -> Proceed to image update
vOptimizer::ImageUpdateStep() -> Start image update
vAlgorithm::IterateCPU() -> Time spent for subset 12 | User: 0 sec | CPU: 2.6479999e-03 sec
vAlgorithm::IterateCPU() -> Start iteration 3/4 sub step 1/1 subset 13/28
iIterativeAlgorithm::StepInnerLoopInsideSubsetLoop() -> Start loop over events
oOptimizerManager::ImageUpdateStep() -> Proceed to image update
vOptimizer::ImageUpdateStep() -> Start image update
vAlgorithm::IterateCPU() -> Time spent for subset 13 | User: 0 sec | CPU: 2.4890001e-03 sec
vAlgorithm::IterateCPU() -> Start iteration 3/4 sub step 1/1 subset 14/28
iIterativeAlgorithm::StepInnerLoopInsideSubsetLoop() -> Start loop over events
oOptimizerManager::ImageUpdateStep() -> Proceed to image update
vOptimizer::ImageUpdateStep() -> Start image update
vAlgorithm::IterateCPU() -> Time spent for subset 14 | User: 0 sec | CPU: 2.7180000e-03 sec
vAlgorithm::IterateCPU() -> Start iteration 3/4 sub step 1/1 subset 15/28
iIterativeAlgorithm::StepInnerLoopInsideSubsetLoop() -> Start loop over events
oOptimizerManager::ImageUpdateStep() -> Proceed to image update
vOptimizer::ImageUpdateStep() -> Start image update
vAlgorithm::IterateCPU() -> Time spent for subset 15 | User: 0 sec | CPU: 2.6809999e-03 sec
vAlgorithm::IterateCPU() -> Start iteration 3/4 sub step 1/1 subset 16/28
iIterativeAlgorithm::StepInnerLoopInsideSubsetLoop() -> Start loop over events
oOptimizerManager::ImageUpdateStep() -> Proceed to image update
vOptimizer::ImageUpdateStep() -> Start image update
vAlgorithm::IterateCPU() -> Time spent for subset 16 | User: 0 sec | CPU: 2.7260000e-03 sec
vAlgorithm::IterateCPU() -> Start iteration 3/4 sub step 1/1 subset 17/28
iIterativeAlgorithm::StepInnerLoopInsideSubsetLoop() -> Start loop over events
oOptimizerManager::ImageUpdateStep() -> Proceed to image update
vOptimizer::ImageUpdateStep() -> Start image update
vAlgorithm::IterateCPU() -> Time spent for subset 17 | User: 0 sec | CPU: 2.1869999e-03 sec
vAlgorithm::IterateCPU() -> Start iteration 3/4 sub step 1/1 subset 18/28
iIterativeAlgorithm::StepInnerLoopInsideSubsetLoop() -> Start loop over events
oOptimizerManager::ImageUpdateStep() -> Proceed to image update
vOptimizer::ImageUpdateStep() -> Start image update
vAlgorithm::IterateCPU() -> Time spent for subset 18 | User: 0 sec | CPU: 2.8609999e-03 sec
vAlgorithm::IterateCPU() -> Start iteration 3/4 sub step 1/1 subset 19/28
iIterativeAlgorithm::StepInnerLoopInsideSubsetLoop() -> Start loop over events
oOptimizerManager::ImageUpdateStep() -> Proceed to image update
vOptimizer::ImageUpdateStep() -> Start image update
vAlgorithm::IterateCPU() -> Time spent for subset 19 | User: 0 sec | CPU: 2.6870000e-03 sec
vAlgorithm::IterateCPU() -> Start iteration 3/4 sub step 1/1 subset 20/28
iIterativeAlgorithm::StepInnerLoopInsideSubsetLoop() -> Start loop over events
oOptimizerManager::ImageUpdateStep() -> Proceed to image update
vOptimizer::ImageUpdateStep() -> Start image update
vAlgorithm::IterateCPU() -> Time spent for subset 20 | User: 0 sec | CPU: 2.4510000e-03 sec
vAlgorithm::IterateCPU() -> Start iteration 3/4 sub step 1/1 subset 21/28
iIterativeAlgorithm::StepInnerLoopInsideSubsetLoop() -> Start loop over events
oOptimizerManager::ImageUpdateStep() -> Proceed to image update
vOptimizer::ImageUpdateStep() -> Start image update
vAlgorithm::IterateCPU() -> Time spent for subset 21 | User: 0 sec | CPU: 2.2960000e-03 sec
vAlgorithm::IterateCPU() -> Start iteration 3/4 sub step 1/1 subset 22/28
iIterativeAlgorithm::StepInnerLoopInsideSubsetLoop() -> Start loop over events
oOptimizerManager::ImageUpdateStep() -> Proceed to image update
vOptimizer::ImageUpdateStep() -> Start image update
vAlgorithm::IterateCPU() -> Time spent for subset 22 | User: 0 sec | CPU: 2.8860001e-03 sec
vAlgorithm::IterateCPU() -> Start iteration 3/4 sub step 1/1 subset 23/28
iIterativeAlgorithm::StepInnerLoopInsideSubsetLoop() -> Start loop over events
oOptimizerManager::ImageUpdateStep() -> Proceed to image update
vOptimizer::ImageUpdateStep() -> Start image update
vAlgorithm::IterateCPU() -> Time spent for subset 23 | User: 0 sec | CPU: 2.5909999e-03 sec
vAlgorithm::IterateCPU() -> Start iteration 3/4 sub step 1/1 subset 24/28
iIterativeAlgorithm::StepInnerLoopInsideSubsetLoop() -> Start loop over events
oOptimizerManager::ImageUpdateStep() -> Proceed to image update
vOptimizer::ImageUpdateStep() -> Start image update
vAlgorithm::IterateCPU() -> Time spent for subset 24 | User: 0 sec | CPU: 2.7630001e-03 sec
vAlgorithm::IterateCPU() -> Start iteration 3/4 sub step 1/1 subset 25/28
iIterativeAlgorithm::StepInnerLoopInsideSubsetLoop() -> Start loop over events
oOptimizerManager::ImageUpdateStep() -> Proceed to image update
vOptimizer::ImageUpdateStep() -> Start image update
vAlgorithm::IterateCPU() -> Time spent for subset 25 | User: 0 sec | CPU: 2.7389999e-03 sec
vAlgorithm::IterateCPU() -> Start iteration 3/4 sub step 1/1 subset 26/28
iIterativeAlgorithm::StepInnerLoopInsideSubsetLoop() -> Start loop over events
oOptimizerManager::ImageUpdateStep() -> Proceed to image update
vOptimizer::ImageUpdateStep() -> Start image update
vAlgorithm::IterateCPU() -> Time spent for subset 26 | User: 0 sec | CPU: 2.5299999e-03 sec
vAlgorithm::IterateCPU() -> Start iteration 3/4 sub step 1/1 subset 27/28
iIterativeAlgorithm::StepInnerLoopInsideSubsetLoop() -> Start loop over events
oOptimizerManager::ImageUpdateStep() -> Proceed to image update
vOptimizer::ImageUpdateStep() -> Start image update
vAlgorithm::IterateCPU() -> Time spent for subset 27 | User: 0 sec | CPU: 2.2620000e-03 sec
vAlgorithm::IterateCPU() -> Start iteration 3/4 sub step 1/1 subset 28/28
iIterativeAlgorithm::StepInnerLoopInsideSubsetLoop() -> Start loop over events
oOptimizerManager::ImageUpdateStep() -> Proceed to image update
vOptimizer::ImageUpdateStep() -> Start image update
vAlgorithm::IterateCPU() -> Time spent for subset 28 | User: 0 sec | CPU: 2.6149999e-03 sec
vAlgorithm::IterateCPU() -> Start iteration 4/4 sub step 1/1 subset 1/28
iIterativeAlgorithm::StepInnerLoopInsideSubsetLoop() -> Start loop over events
oOptimizerManager::ImageUpdateStep() -> Proceed to image update
vOptimizer::ImageUpdateStep() -> Start image update
vAlgorithm::IterateCPU() -> Time spent for subset 1 | User: 0 sec | CPU: 2.4490000e-03 sec
vAlgorithm::IterateCPU() -> Start iteration 4/4 sub step 1/1 subset 2/28
iIterativeAlgorithm::StepInnerLoopInsideSubsetLoop() -> Start loop over events
oOptimizerManager::ImageUpdateStep() -> Proceed to image update
vOptimizer::ImageUpdateStep() -> Start image update
vAlgorithm::IterateCPU() -> Time spent for subset 2 | User: 0 sec | CPU: 2.4710000e-03 sec
vAlgorithm::IterateCPU() -> Start iteration 4/4 sub step 1/1 subset 3/28
iIterativeAlgorithm::StepInnerLoopInsideSubsetLoop() -> Start loop over events
oOptimizerManager::ImageUpdateStep() -> Proceed to image update
vOptimizer::ImageUpdateStep() -> Start image update
vAlgorithm::IterateCPU() -> Time spent for subset 3 | User: 0 sec | CPU: 2.3480000e-03 sec
vAlgorithm::IterateCPU() -> Start iteration 4/4 sub step 1/1 subset 4/28
iIterativeAlgorithm::StepInnerLoopInsideSubsetLoop() -> Start loop over events
oOptimizerManager::ImageUpdateStep() -> Proceed to image update
vOptimizer::ImageUpdateStep() -> Start image update
vAlgorithm::IterateCPU() -> Time spent for subset 4 | User: 0 sec | CPU: 2.4540001e-03 sec
vAlgorithm::IterateCPU() -> Start iteration 4/4 sub step 1/1 subset 5/28
iIterativeAlgorithm::StepInnerLoopInsideSubsetLoop() -> Start loop over events
oOptimizerManager::ImageUpdateStep() -> Proceed to image update
vOptimizer::ImageUpdateStep() -> Start image update
vAlgorithm::IterateCPU() -> Time spent for subset 5 | User: 0 sec | CPU: 2.4880001e-03 sec
vAlgorithm::IterateCPU() -> Start iteration 4/4 sub step 1/1 subset 6/28
iIterativeAlgorithm::StepInnerLoopInsideSubsetLoop() -> Start loop over events
oOptimizerManager::ImageUpdateStep() -> Proceed to image update
vOptimizer::ImageUpdateStep() -> Start image update
vAlgorithm::IterateCPU() -> Time spent for subset 6 | User: 0 sec | CPU: 2.4220000e-03 sec
vAlgorithm::IterateCPU() -> Start iteration 4/4 sub step 1/1 subset 7/28
iIterativeAlgorithm::StepInnerLoopInsideSubsetLoop() -> Start loop over events
oOptimizerManager::ImageUpdateStep() -> Proceed to image update
vOptimizer::ImageUpdateStep() -> Start image update
vAlgorithm::IterateCPU() -> Time spent for subset 7 | User: 0 sec | CPU: 2.5919999e-03 sec
vAlgorithm::IterateCPU() -> Start iteration 4/4 sub step 1/1 subset 8/28
iIterativeAlgorithm::StepInnerLoopInsideSubsetLoop() -> Start loop over events
oOptimizerManager::ImageUpdateStep() -> Proceed to image update
vOptimizer::ImageUpdateStep() -> Start image update
vAlgorithm::IterateCPU() -> Time spent for subset 8 | User: 0 sec | CPU: 2.5820001e-03 sec
vAlgorithm::IterateCPU() -> Start iteration 4/4 sub step 1/1 subset 9/28
iIterativeAlgorithm::StepInnerLoopInsideSubsetLoop() -> Start loop over events
oOptimizerManager::ImageUpdateStep() -> Proceed to image update
vOptimizer::ImageUpdateStep() -> Start image update
vAlgorithm::IterateCPU() -> Time spent for subset 9 | User: 0 sec | CPU: 2.1060000e-03 sec
vAlgorithm::IterateCPU() -> Start iteration 4/4 sub step 1/1 subset 10/28
iIterativeAlgorithm::StepInnerLoopInsideSubsetLoop() -> Start loop over events
oOptimizerManager::ImageUpdateStep() -> Proceed to image update
vOptimizer::ImageUpdateStep() -> Start image update
vAlgorithm::IterateCPU() -> Time spent for subset 10 | User: 0 sec | CPU: 2.3990001e-03 sec
vAlgorithm::IterateCPU() -> Start iteration 4/4 sub step 1/1 subset 11/28
iIterativeAlgorithm::StepInnerLoopInsideSubsetLoop() -> Start loop over events
oOptimizerManager::ImageUpdateStep() -> Proceed to image update
vOptimizer::ImageUpdateStep() -> Start image update
vAlgorithm::IterateCPU() -> Time spent for subset 11 | User: 0 sec | CPU: 2.3630001e-03 sec
vAlgorithm::IterateCPU() -> Start iteration 4/4 sub step 1/1 subset 12/28
iIterativeAlgorithm::StepInnerLoopInsideSubsetLoop() -> Start loop over events
oOptimizerManager::ImageUpdateStep() -> Proceed to image update
vOptimizer::ImageUpdateStep() -> Start image update
vAlgorithm::IterateCPU() -> Time spent for subset 12 | User: 0 sec | CPU: 2.3880000e-03 sec
vAlgorithm::IterateCPU() -> Start iteration 4/4 sub step 1/1 subset 13/28
iIterativeAlgorithm::StepInnerLoopInsideSubsetLoop() -> Start loop over events
oOptimizerManager::ImageUpdateStep() -> Proceed to image update
vOptimizer::ImageUpdateStep() -> Start image update
vAlgorithm::IterateCPU() -> Time spent for subset 13 | User: 0 sec | CPU: 2.4560001e-03 sec
vAlgorithm::IterateCPU() -> Start iteration 4/4 sub step 1/1 subset 14/28
iIterativeAlgorithm::StepInnerLoopInsideSubsetLoop() -> Start loop over events
oOptimizerManager::ImageUpdateStep() -> Proceed to image update
vOptimizer::ImageUpdateStep() -> Start image update
vAlgorithm::IterateCPU() -> Time spent for subset 14 | User: 0 sec | CPU: 2.3709999e-03 sec
vAlgorithm::IterateCPU() -> Start iteration 4/4 sub step 1/1 subset 15/28
iIterativeAlgorithm::StepInnerLoopInsideSubsetLoop() -> Start loop over events
oOptimizerManager::ImageUpdateStep() -> Proceed to image update
vOptimizer::ImageUpdateStep() -> Start image update
vAlgorithm::IterateCPU() -> Time spent for subset 15 | User: 0 sec | CPU: 2.4290001e-03 sec
vAlgorithm::IterateCPU() -> Start iteration 4/4 sub step 1/1 subset 16/28
iIterativeAlgorithm::StepInnerLoopInsideSubsetLoop() -> Start loop over events
oOptimizerManager::ImageUpdateStep() -> Proceed to image update
vOptimizer::ImageUpdateStep() -> Start image update
vAlgorithm::IterateCPU() -> Time spent for subset 16 | User: 0 sec | CPU: 2.3960001e-03 sec
vAlgorithm::IterateCPU() -> Start iteration 4/4 sub step 1/1 subset 17/28
iIterativeAlgorithm::StepInnerLoopInsideSubsetLoop() -> Start loop over events
oOptimizerManager::ImageUpdateStep() -> Proceed to image update
vOptimizer::ImageUpdateStep() -> Start image update
vAlgorithm::IterateCPU() -> Time spent for subset 17 | User: 0 sec | CPU: 2.4679999e-03 sec
vAlgorithm::IterateCPU() -> Start iteration 4/4 sub step 1/1 subset 18/28
iIterativeAlgorithm::StepInnerLoopInsideSubsetLoop() -> Start loop over events
oOptimizerManager::ImageUpdateStep() -> Proceed to image update
vOptimizer::ImageUpdateStep() -> Start image update
vAlgorithm::IterateCPU() -> Time spent for subset 18 | User: 0 sec | CPU: 2.5480001e-03 sec
vAlgorithm::IterateCPU() -> Start iteration 4/4 sub step 1/1 subset 19/28
iIterativeAlgorithm::StepInnerLoopInsideSubsetLoop() -> Start loop over events
oOptimizerManager::ImageUpdateStep() -> Proceed to image update
vOptimizer::ImageUpdateStep() -> Start image update
vAlgorithm::IterateCPU() -> Time spent for subset 19 | User: 0 sec | CPU: 2.5460001e-03 sec
vAlgorithm::IterateCPU() -> Start iteration 4/4 sub step 1/1 subset 20/28
iIterativeAlgorithm::StepInnerLoopInsideSubsetLoop() -> Start loop over events
oOptimizerManager::ImageUpdateStep() -> Proceed to image update
vOptimizer::ImageUpdateStep() -> Start image update
vAlgorithm::IterateCPU() -> Time spent for subset 20 | User: 0 sec | CPU: 2.7500000e-03 sec
vAlgorithm::IterateCPU() -> Start iteration 4/4 sub step 1/1 subset 21/28
iIterativeAlgorithm::StepInnerLoopInsideSubsetLoop() -> Start loop over events
oOptimizerManager::ImageUpdateStep() -> Proceed to image update
vOptimizer::ImageUpdateStep() -> Start image update
vAlgorithm::IterateCPU() -> Time spent for subset 21 | User: 0 sec | CPU: 2.4959999e-03 sec
vAlgorithm::IterateCPU() -> Start iteration 4/4 sub step 1/1 subset 22/28
iIterativeAlgorithm::StepInnerLoopInsideSubsetLoop() -> Start loop over events
oOptimizerManager::ImageUpdateStep() -> Proceed to image update
vOptimizer::ImageUpdateStep() -> Start image update
vAlgorithm::IterateCPU() -> Time spent for subset 22 | User: 0 sec | CPU: 2.6660000e-03 sec
vAlgorithm::IterateCPU() -> Start iteration 4/4 sub step 1/1 subset 23/28
iIterativeAlgorithm::StepInnerLoopInsideSubsetLoop() -> Start loop over events
oOptimizerManager::ImageUpdateStep() -> Proceed to image update
vOptimizer::ImageUpdateStep() -> Start image update
vAlgorithm::IterateCPU() -> Time spent for subset 23 | User: 0 sec | CPU: 2.6320000e-03 sec
vAlgorithm::IterateCPU() -> Start iteration 4/4 sub step 1/1 subset 24/28
iIterativeAlgorithm::StepInnerLoopInsideSubsetLoop() -> Start loop over events
oOptimizerManager::ImageUpdateStep() -> Proceed to image update
vOptimizer::ImageUpdateStep() -> Start image update
vAlgorithm::IterateCPU() -> Time spent for subset 24 | User: 0 sec | CPU: 2.6499999e-03 sec
vAlgorithm::IterateCPU() -> Start iteration 4/4 sub step 1/1 subset 25/28
iIterativeAlgorithm::StepInnerLoopInsideSubsetLoop() -> Start loop over events
oOptimizerManager::ImageUpdateStep() -> Proceed to image update
vOptimizer::ImageUpdateStep() -> Start image update
vAlgorithm::IterateCPU() -> Time spent for subset 25 | User: 0 sec | CPU: 2.5160001e-03 sec
vAlgorithm::IterateCPU() -> Start iteration 4/4 sub step 1/1 subset 26/28
iIterativeAlgorithm::StepInnerLoopInsideSubsetLoop() -> Start loop over events
oOptimizerManager::ImageUpdateStep() -> Proceed to image update
vOptimizer::ImageUpdateStep() -> Start image update
vAlgorithm::IterateCPU() -> Time spent for subset 26 | User: 0 sec | CPU: 2.6390001e-03 sec
vAlgorithm::IterateCPU() -> Start iteration 4/4 sub step 1/1 subset 27/28
iIterativeAlgorithm::StepInnerLoopInsideSubsetLoop() -> Start loop over events
oOptimizerManager::ImageUpdateStep() -> Proceed to image update
vOptimizer::ImageUpdateStep() -> Start image update
vAlgorithm::IterateCPU() -> Time spent for subset 27 | User: 0 sec | CPU: 2.2970000e-03 sec
vAlgorithm::IterateCPU() -> Start iteration 4/4 sub step 1/1 subset 28/28
iIterativeAlgorithm::StepInnerLoopInsideSubsetLoop() -> Start loop over events
oOptimizerManager::ImageUpdateStep() -> Proceed to image update
vOptimizer::ImageUpdateStep() -> Start image update
vAlgorithm::IterateCPU() -> Time spent for subset 28 | User: 0 sec | CPU: 2.4480000e-03 sec
iIterativeAlgorithm::StepAfterSubsetLoop() -> Save image at iteration 4
vAlgorithm::StepAfterIterationLoop ... 
iIterativeAlgorithm::StepAfterIterationLoop ... 
vAlgorithm::IterateCPU() -> Total time spent | User: 0 sec | CPU: 3.1845900e-01 sec
sChronoManager::Display() -> Results from the profiling
  --> Profiling of the data update step:
    | Datafile management: 00 hours 00 mins 00 secs 004 ms
    | Dynamic management: 00 hours 00 mins 00 secs 001 ms
    | Projection management: 00 hours 00 mins 00 secs 073 ms
    | Optimizer management: 00 hours 00 mins 00 secs 050 ms
  --> Profiling of the convolution steps: 00 hours 00 mins 00 secs 000 ms
  --> Custom update step 1: 00 hours 00 mins 00 secs 000 ms

