castor-recon() -> Launch reconstruction from CASToR version 3.2.1.
==================================================================================================
                                      COMMAND LINE CONTEXT
==================================================================================================
Command line: castor-recon -vb 2 -df coincidence_LYSO_src9.0cm_original.cdh -fout LYSO_src9.0cm_original -oit -1 -it 4:28 -dim 400,400,1 -fov 100.,100.,10. -off 0.,0.,0. -opti MLEM -proj joseph -sens philips_sim_simple_hot_point_all_merged_sensitivity.hdr 
Working directory: /Users/yuema/MyCode/castor_v3.2/LXePET_Radius_Compare
Data of execution: Thu Oct 16 21:06:39 2025
Float numbers precision in bytes (for matrices and some computations): 4
Float numbers precision in bytes (for sensitive computations that require at least double precision): 8
Float numbers precision in bytes (for datafile reading/writing): 4
Float numbers precision in bytes (for scanner LUT reading/writing): 4
CASToR version: 3.2.1
==================================================================================================
sScannerManager::BuildScannerObject() -> Start building
sScannerManager::InstantiateScanner() -> Instantiate the scanner geometry structure
iScannerPET::Instantiate() -> Create scanner structure and read parameters from configuration file
sScannerManager::GetGeometricInfoFromDataFile() -> Look for acquisition specific settings into datafile header
sScannerManager::BuildLUT() -> Generate the geometric Look-Up Table
iScannerPET::BuildLUT() -> Build LUT for scanner elements coordinates and orientations
sScannerManager::Initialize() -> From scanner PET_PHILIPS_VEREOS
iScannerPET::Initialize() -> Initialize remaining stuff for scanner to be ready
oImageDimensionsAndQuantification::Initialize() -> Initialize image dimensions, basis functions and quantification
  --> Image dimensions: [400;400;1] voxels of [2.5000000e-01;2.5000000e-01;1.0000000e+01] mm3
  --> FOV size: [1.0000000e+02;1.0000000e+02;1.0000000e+01] mm3
oImageDimensionsAndQuantification::SetAcquisitionTime() -> Static single bed acquisition with duration [ 0.0000000e+00 : 1.0000000e+01 ] seconds
  --> Correct for frame duration
oImageDimensionsAndQuantification::SetPETIsotope() -> Isotope F-18 has 6.5862002e+03 seconds half life and 9.6700001e-01 branching ratio
  --> Correct for branching ratio
  --> Correct for half-life
oImageDimensionsAndQuantification::SetCalibrationFactor() -> Correct for following calibration factor: 1.0000000e+00
vDataFile::InitializeMappedFile() -> Map datafile to memory
iDataFilePET::PrepareDataFile() -> Build listmode events
oDynamicDataManager::SetDynamicSpecificQuantificationFactors() ... 
oProjectorManager::Initialize() -> Initialize projectors and projection lines
iProjectorJoseph::InitializeSpecific() -> Use Joseph projector
----- Dynamic model: No parameters given - setting diagonal basis functions !
oOptimizerManager::Initialize() -> Initialize optimizer and penalty
iOptimizerMLEM::InitializeSpecific() -> Use the MLEM optimizer
sChronoManager::Initialize() -> Initialize all duration counters for profiling
iIterativeAlgorithm::InitSpecificOptions ... 
vAlgorithm::Iterate ...
vAlgorithm::IterateCPU() -> Start algorithm for 4 iterations
vAlgorithm::StepBeforeIterationLoop ... 
iIterativeAlgorithm::StepBeforeIterationLoop ... 
vAlgorithm::IterateCPU() -> Start iteration 1/4 sub step 1/1 subset 1/28
iIterativeAlgorithm::StepInnerLoopInsideSubsetLoop() -> Start loop over events
oOptimizerManager::ImageUpdateStep() -> Proceed to image update
vOptimizer::ImageUpdateStep() -> Start image update
vAlgorithm::IterateCPU() -> Time spent for subset 1 | User: 0 sec | CPU: 2.9680000e-03 sec
vAlgorithm::IterateCPU() -> Start iteration 1/4 sub step 1/1 subset 2/28
iIterativeAlgorithm::StepInnerLoopInsideSubsetLoop() -> Start loop over events
oOptimizerManager::ImageUpdateStep() -> Proceed to image update
vOptimizer::ImageUpdateStep() -> Start image update
vAlgorithm::IterateCPU() -> Time spent for subset 2 | User: 0 sec | CPU: 3.1300001e-03 sec
vAlgorithm::IterateCPU() -> Start iteration 1/4 sub step 1/1 subset 3/28
iIterativeAlgorithm::StepInnerLoopInsideSubsetLoop() -> Start loop over events
oOptimizerManager::ImageUpdateStep() -> Proceed to image update
vOptimizer::ImageUpdateStep() -> Start image update
vAlgorithm::IterateCPU() -> Time spent for subset 3 | User: 0 sec | CPU: 2.8939999e-03 sec
vAlgorithm::IterateCPU() -> Start iteration 1/4 sub step 1/1 subset 4/28
iIterativeAlgorithm::StepInnerLoopInsideSubsetLoop() -> Start loop over events
oOptimizerManager::ImageUpdateStep() -> Proceed to image update
vOptimizer::ImageUpdateStep() -> Start image update
vAlgorithm::IterateCPU() -> Time spent for subset 4 | User: 0 sec | CPU: 2.9559999e-03 sec
vAlgorithm::IterateCPU() -> Start iteration 1/4 sub step 1/1 subset 5/28
iIterativeAlgorithm::StepInnerLoopInsideSubsetLoop() -> Start loop over events
oOptimizerManager::ImageUpdateStep() -> Proceed to image update
vOptimizer::ImageUpdateStep() -> Start image update
vAlgorithm::IterateCPU() -> Time spent for subset 5 | User: 0 sec | CPU: 3.2770000e-03 sec
vAlgorithm::IterateCPU() -> Start iteration 1/4 sub step 1/1 subset 6/28
iIterativeAlgorithm::StepInnerLoopInsideSubsetLoop() -> Start loop over events
oOptimizerManager::ImageUpdateStep() -> Proceed to image update
vOptimizer::ImageUpdateStep() -> Start image update
vAlgorithm::IterateCPU() -> Time spent for subset 6 | User: 0 sec | CPU: 2.8049999e-03 sec
vAlgorithm::IterateCPU() -> Start iteration 1/4 sub step 1/1 subset 7/28
iIterativeAlgorithm::StepInnerLoopInsideSubsetLoop() -> Start loop over events
oOptimizerManager::ImageUpdateStep() -> Proceed to image update
vOptimizer::ImageUpdateStep() -> Start image update
vAlgorithm::IterateCPU() -> Time spent for subset 7 | User: 0 sec | CPU: 2.6960000e-03 sec
vAlgorithm::IterateCPU() -> Start iteration 1/4 sub step 1/1 subset 8/28
iIterativeAlgorithm::StepInnerLoopInsideSubsetLoop() -> Start loop over events
oOptimizerManager::ImageUpdateStep() -> Proceed to image update
vOptimizer::ImageUpdateStep() -> Start image update
vAlgorithm::IterateCPU() -> Time spent for subset 8 | User: 0 sec | CPU: 3.1349999e-03 sec
vAlgorithm::IterateCPU() -> Start iteration 1/4 sub step 1/1 subset 9/28
iIterativeAlgorithm::StepInnerLoopInsideSubsetLoop() -> Start loop over events
oOptimizerManager::ImageUpdateStep() -> Proceed to image update
vOptimizer::ImageUpdateStep() -> Start image update
vAlgorithm::IterateCPU() -> Time spent for subset 9 | User: 0 sec | CPU: 2.7709999e-03 sec
vAlgorithm::IterateCPU() -> Start iteration 1/4 sub step 1/1 subset 10/28
iIterativeAlgorithm::StepInnerLoopInsideSubsetLoop() -> Start loop over events
oOptimizerManager::ImageUpdateStep() -> Proceed to image update
vOptimizer::ImageUpdateStep() -> Start image update
vAlgorithm::IterateCPU() -> Time spent for subset 10 | User: 0 sec | CPU: 2.9559999e-03 sec
vAlgorithm::IterateCPU() -> Start iteration 1/4 sub step 1/1 subset 11/28
iIterativeAlgorithm::StepInnerLoopInsideSubsetLoop() -> Start loop over events
oOptimizerManager::ImageUpdateStep() -> Proceed to image update
vOptimizer::ImageUpdateStep() -> Start image update
vAlgorithm::IterateCPU() -> Time spent for subset 11 | User: 0 sec | CPU: 2.5510001e-03 sec
vAlgorithm::IterateCPU() -> Start iteration 1/4 sub step 1/1 subset 12/28
iIterativeAlgorithm::StepInnerLoopInsideSubsetLoop() -> Start loop over events
oOptimizerManager::ImageUpdateStep() -> Proceed to image update
vOptimizer::ImageUpdateStep() -> Start image update
vAlgorithm::IterateCPU() -> Time spent for subset 12 | User: 0 sec | CPU: 2.9910000e-03 sec
vAlgorithm::IterateCPU() -> Start iteration 1/4 sub step 1/1 subset 13/28
iIterativeAlgorithm::StepInnerLoopInsideSubsetLoop() -> Start loop over events
oOptimizerManager::ImageUpdateStep() -> Proceed to image update
vOptimizer::ImageUpdateStep() -> Start image update
vAlgorithm::IterateCPU() -> Time spent for subset 13 | User: 0 sec | CPU: 2.8550001e-03 sec
vAlgorithm::IterateCPU() -> Start iteration 1/4 sub step 1/1 subset 14/28
iIterativeAlgorithm::StepInnerLoopInsideSubsetLoop() -> Start loop over events
oOptimizerManager::ImageUpdateStep() -> Proceed to image update
vOptimizer::ImageUpdateStep() -> Start image update
vAlgorithm::IterateCPU() -> Time spent for subset 14 | User: 0 sec | CPU: 2.5559999e-03 sec
vAlgorithm::IterateCPU() -> Start iteration 1/4 sub step 1/1 subset 15/28
iIterativeAlgorithm::StepInnerLoopInsideSubsetLoop() -> Start loop over events
oOptimizerManager::ImageUpdateStep() -> Proceed to image update
vOptimizer::ImageUpdateStep() -> Start image update
vAlgorithm::IterateCPU() -> Time spent for subset 15 | User: 0 sec | CPU: 2.7600001e-03 sec
vAlgorithm::IterateCPU() -> Start iteration 1/4 sub step 1/1 subset 16/28
iIterativeAlgorithm::StepInnerLoopInsideSubsetLoop() -> Start loop over events
oOptimizerManager::ImageUpdateStep() -> Proceed to image update
vOptimizer::ImageUpdateStep() -> Start image update
vAlgorithm::IterateCPU() -> Time spent for subset 16 | User: 0 sec | CPU: 2.3690001e-03 sec
vAlgorithm::IterateCPU() -> Start iteration 1/4 sub step 1/1 subset 17/28
iIterativeAlgorithm::StepInnerLoopInsideSubsetLoop() -> Start loop over events
oOptimizerManager::ImageUpdateStep() -> Proceed to image update
vOptimizer::ImageUpdateStep() -> Start image update
vAlgorithm::IterateCPU() -> Time spent for subset 17 | User: 0 sec | CPU: 2.5700000e-03 sec
vAlgorithm::IterateCPU() -> Start iteration 1/4 sub step 1/1 subset 18/28
iIterativeAlgorithm::StepInnerLoopInsideSubsetLoop() -> Start loop over events
oOptimizerManager::ImageUpdateStep() -> Proceed to image update
vOptimizer::ImageUpdateStep() -> Start image update
vAlgorithm::IterateCPU() -> Time spent for subset 18 | User: 0 sec | CPU: 2.9670000e-03 sec
vAlgorithm::IterateCPU() -> Start iteration 1/4 sub step 1/1 subset 19/28
iIterativeAlgorithm::StepInnerLoopInsideSubsetLoop() -> Start loop over events
oOptimizerManager::ImageUpdateStep() -> Proceed to image update
vOptimizer::ImageUpdateStep() -> Start image update
vAlgorithm::IterateCPU() -> Time spent for subset 19 | User: 0 sec | CPU: 2.7040001e-03 sec
vAlgorithm::IterateCPU() -> Start iteration 1/4 sub step 1/1 subset 20/28
iIterativeAlgorithm::StepInnerLoopInsideSubsetLoop() -> Start loop over events
oOptimizerManager::ImageUpdateStep() -> Proceed to image update
vOptimizer::ImageUpdateStep() -> Start image update
vAlgorithm::IterateCPU() -> Time spent for subset 20 | User: 0 sec | CPU: 2.6070001e-03 sec
vAlgorithm::IterateCPU() -> Start iteration 1/4 sub step 1/1 subset 21/28
iIterativeAlgorithm::StepInnerLoopInsideSubsetLoop() -> Start loop over events
oOptimizerManager::ImageUpdateStep() -> Proceed to image update
vOptimizer::ImageUpdateStep() -> Start image update
vAlgorithm::IterateCPU() -> Time spent for subset 21 | User: 0 sec | CPU: 2.9030000e-03 sec
vAlgorithm::IterateCPU() -> Start iteration 1/4 sub step 1/1 subset 22/28
iIterativeAlgorithm::StepInnerLoopInsideSubsetLoop() -> Start loop over events
oOptimizerManager::ImageUpdateStep() -> Proceed to image update
vOptimizer::ImageUpdateStep() -> Start image update
vAlgorithm::IterateCPU() -> Time spent for subset 22 | User: 0 sec | CPU: 3.1280001e-03 sec
vAlgorithm::IterateCPU() -> Start iteration 1/4 sub step 1/1 subset 23/28
iIterativeAlgorithm::StepInnerLoopInsideSubsetLoop() -> Start loop over events
oOptimizerManager::ImageUpdateStep() -> Proceed to image update
vOptimizer::ImageUpdateStep() -> Start image update
vAlgorithm::IterateCPU() -> Time spent for subset 23 | User: 0 sec | CPU: 3.4789999e-03 sec
vAlgorithm::IterateCPU() -> Start iteration 1/4 sub step 1/1 subset 24/28
iIterativeAlgorithm::StepInnerLoopInsideSubsetLoop() -> Start loop over events
oOptimizerManager::ImageUpdateStep() -> Proceed to image update
vOptimizer::ImageUpdateStep() -> Start image update
vAlgorithm::IterateCPU() -> Time spent for subset 24 | User: 0 sec | CPU: 2.5160001e-03 sec
vAlgorithm::IterateCPU() -> Start iteration 1/4 sub step 1/1 subset 25/28
iIterativeAlgorithm::StepInnerLoopInsideSubsetLoop() -> Start loop over events
oOptimizerManager::ImageUpdateStep() -> Proceed to image update
vOptimizer::ImageUpdateStep() -> Start image update
vAlgorithm::IterateCPU() -> Time spent for subset 25 | User: 0 sec | CPU: 2.5640000e-03 sec
vAlgorithm::IterateCPU() -> Start iteration 1/4 sub step 1/1 subset 26/28
iIterativeAlgorithm::StepInnerLoopInsideSubsetLoop() -> Start loop over events
oOptimizerManager::ImageUpdateStep() -> Proceed to image update
vOptimizer::ImageUpdateStep() -> Start image update
vAlgorithm::IterateCPU() -> Time spent for subset 26 | User: 0 sec | CPU: 3.1989999e-03 sec
vAlgorithm::IterateCPU() -> Start iteration 1/4 sub step 1/1 subset 27/28
iIterativeAlgorithm::StepInnerLoopInsideSubsetLoop() -> Start loop over events
oOptimizerManager::ImageUpdateStep() -> Proceed to image update
vOptimizer::ImageUpdateStep() -> Start image update
vAlgorithm::IterateCPU() -> Time spent for subset 27 | User: 0 sec | CPU: 2.9480001e-03 sec
vAlgorithm::IterateCPU() -> Start iteration 1/4 sub step 1/1 subset 28/28
iIterativeAlgorithm::StepInnerLoopInsideSubsetLoop() -> Start loop over events
oOptimizerManager::ImageUpdateStep() -> Proceed to image update
vOptimizer::ImageUpdateStep() -> Start image update
vAlgorithm::IterateCPU() -> Time spent for subset 28 | User: 0 sec | CPU: 2.6880000e-03 sec
vAlgorithm::IterateCPU() -> Start iteration 2/4 sub step 1/1 subset 1/28
iIterativeAlgorithm::StepInnerLoopInsideSubsetLoop() -> Start loop over events
oOptimizerManager::ImageUpdateStep() -> Proceed to image update
vOptimizer::ImageUpdateStep() -> Start image update
vAlgorithm::IterateCPU() -> Time spent for subset 1 | User: 0 sec | CPU: 2.8100000e-03 sec
vAlgorithm::IterateCPU() -> Start iteration 2/4 sub step 1/1 subset 2/28
iIterativeAlgorithm::StepInnerLoopInsideSubsetLoop() -> Start loop over events
oOptimizerManager::ImageUpdateStep() -> Proceed to image update
vOptimizer::ImageUpdateStep() -> Start image update
vAlgorithm::IterateCPU() -> Time spent for subset 2 | User: 0 sec | CPU: 2.7200000e-03 sec
vAlgorithm::IterateCPU() -> Start iteration 2/4 sub step 1/1 subset 3/28
iIterativeAlgorithm::StepInnerLoopInsideSubsetLoop() -> Start loop over events
oOptimizerManager::ImageUpdateStep() -> Proceed to image update
vOptimizer::ImageUpdateStep() -> Start image update
vAlgorithm::IterateCPU() -> Time spent for subset 3 | User: 0 sec | CPU: 2.9660000e-03 sec
vAlgorithm::IterateCPU() -> Start iteration 2/4 sub step 1/1 subset 4/28
iIterativeAlgorithm::StepInnerLoopInsideSubsetLoop() -> Start loop over events
oOptimizerManager::ImageUpdateStep() -> Proceed to image update
vOptimizer::ImageUpdateStep() -> Start image update
vAlgorithm::IterateCPU() -> Time spent for subset 4 | User: 0 sec | CPU: 2.7860000e-03 sec
vAlgorithm::IterateCPU() -> Start iteration 2/4 sub step 1/1 subset 5/28
iIterativeAlgorithm::StepInnerLoopInsideSubsetLoop() -> Start loop over events
oOptimizerManager::ImageUpdateStep() -> Proceed to image update
vOptimizer::ImageUpdateStep() -> Start image update
vAlgorithm::IterateCPU() -> Time spent for subset 5 | User: 0 sec | CPU: 2.9810001e-03 sec
vAlgorithm::IterateCPU() -> Start iteration 2/4 sub step 1/1 subset 6/28
iIterativeAlgorithm::StepInnerLoopInsideSubsetLoop() -> Start loop over events
oOptimizerManager::ImageUpdateStep() -> Proceed to image update
vOptimizer::ImageUpdateStep() -> Start image update
vAlgorithm::IterateCPU() -> Time spent for subset 6 | User: 0 sec | CPU: 3.4570000e-03 sec
vAlgorithm::IterateCPU() -> Start iteration 2/4 sub step 1/1 subset 7/28
iIterativeAlgorithm::StepInnerLoopInsideSubsetLoop() -> Start loop over events
oOptimizerManager::ImageUpdateStep() -> Proceed to image update
vOptimizer::ImageUpdateStep() -> Start image update
vAlgorithm::IterateCPU() -> Time spent for subset 7 | User: 0 sec | CPU: 3.1089999e-03 sec
vAlgorithm::IterateCPU() -> Start iteration 2/4 sub step 1/1 subset 8/28
iIterativeAlgorithm::StepInnerLoopInsideSubsetLoop() -> Start loop over events
oOptimizerManager::ImageUpdateStep() -> Proceed to image update
vOptimizer::ImageUpdateStep() -> Start image update
vAlgorithm::IterateCPU() -> Time spent for subset 8 | User: 0 sec | CPU: 2.9539999e-03 sec
vAlgorithm::IterateCPU() -> Start iteration 2/4 sub step 1/1 subset 9/28
iIterativeAlgorithm::StepInnerLoopInsideSubsetLoop() -> Start loop over events
oOptimizerManager::ImageUpdateStep() -> Proceed to image update
vOptimizer::ImageUpdateStep() -> Start image update
vAlgorithm::IterateCPU() -> Time spent for subset 9 | User: 0 sec | CPU: 3.0199999e-03 sec
vAlgorithm::IterateCPU() -> Start iteration 2/4 sub step 1/1 subset 10/28
iIterativeAlgorithm::StepInnerLoopInsideSubsetLoop() -> Start loop over events
oOptimizerManager::ImageUpdateStep() -> Proceed to image update
vOptimizer::ImageUpdateStep() -> Start image update
vAlgorithm::IterateCPU() -> Time spent for subset 10 | User: 0 sec | CPU: 2.8029999e-03 sec
vAlgorithm::IterateCPU() -> Start iteration 2/4 sub step 1/1 subset 11/28
iIterativeAlgorithm::StepInnerLoopInsideSubsetLoop() -> Start loop over events
oOptimizerManager::ImageUpdateStep() -> Proceed to image update
vOptimizer::ImageUpdateStep() -> Start image update
vAlgorithm::IterateCPU() -> Time spent for subset 11 | User: 0 sec | CPU: 2.7300001e-03 sec
vAlgorithm::IterateCPU() -> Start iteration 2/4 sub step 1/1 subset 12/28
iIterativeAlgorithm::StepInnerLoopInsideSubsetLoop() -> Start loop over events
oOptimizerManager::ImageUpdateStep() -> Proceed to image update
vOptimizer::ImageUpdateStep() -> Start image update
vAlgorithm::IterateCPU() -> Time spent for subset 12 | User: 0 sec | CPU: 3.0429999e-03 sec
vAlgorithm::IterateCPU() -> Start iteration 2/4 sub step 1/1 subset 13/28
iIterativeAlgorithm::StepInnerLoopInsideSubsetLoop() -> Start loop over events
oOptimizerManager::ImageUpdateStep() -> Proceed to image update
vOptimizer::ImageUpdateStep() -> Start image update
vAlgorithm::IterateCPU() -> Time spent for subset 13 | User: 0 sec | CPU: 2.7860000e-03 sec
vAlgorithm::IterateCPU() -> Start iteration 2/4 sub step 1/1 subset 14/28
iIterativeAlgorithm::StepInnerLoopInsideSubsetLoop() -> Start loop over events
oOptimizerManager::ImageUpdateStep() -> Proceed to image update
vOptimizer::ImageUpdateStep() -> Start image update
vAlgorithm::IterateCPU() -> Time spent for subset 14 | User: 0 sec | CPU: 3.0459999e-03 sec
vAlgorithm::IterateCPU() -> Start iteration 2/4 sub step 1/1 subset 15/28
iIterativeAlgorithm::StepInnerLoopInsideSubsetLoop() -> Start loop over events
oOptimizerManager::ImageUpdateStep() -> Proceed to image update
vOptimizer::ImageUpdateStep() -> Start image update
vAlgorithm::IterateCPU() -> Time spent for subset 15 | User: 0 sec | CPU: 2.8890001e-03 sec
vAlgorithm::IterateCPU() -> Start iteration 2/4 sub step 1/1 subset 16/28
iIterativeAlgorithm::StepInnerLoopInsideSubsetLoop() -> Start loop over events
oOptimizerManager::ImageUpdateStep() -> Proceed to image update
vOptimizer::ImageUpdateStep() -> Start image update
vAlgorithm::IterateCPU() -> Time spent for subset 16 | User: 0 sec | CPU: 2.6620000e-03 sec
vAlgorithm::IterateCPU() -> Start iteration 2/4 sub step 1/1 subset 17/28
iIterativeAlgorithm::StepInnerLoopInsideSubsetLoop() -> Start loop over events
oOptimizerManager::ImageUpdateStep() -> Proceed to image update
vOptimizer::ImageUpdateStep() -> Start image update
vAlgorithm::IterateCPU() -> Time spent for subset 17 | User: 0 sec | CPU: 3.0040001e-03 sec
vAlgorithm::IterateCPU() -> Start iteration 2/4 sub step 1/1 subset 18/28
iIterativeAlgorithm::StepInnerLoopInsideSubsetLoop() -> Start loop over events
oOptimizerManager::ImageUpdateStep() -> Proceed to image update
vOptimizer::ImageUpdateStep() -> Start image update
vAlgorithm::IterateCPU() -> Time spent for subset 18 | User: 0 sec | CPU: 2.6010000e-03 sec
vAlgorithm::IterateCPU() -> Start iteration 2/4 sub step 1/1 subset 19/28
iIterativeAlgorithm::StepInnerLoopInsideSubsetLoop() -> Start loop over events
oOptimizerManager::ImageUpdateStep() -> Proceed to image update
vOptimizer::ImageUpdateStep() -> Start image update
vAlgorithm::IterateCPU() -> Time spent for subset 19 | User: 0 sec | CPU: 3.3630000e-03 sec
vAlgorithm::IterateCPU() -> Start iteration 2/4 sub step 1/1 subset 20/28
iIterativeAlgorithm::StepInnerLoopInsideSubsetLoop() -> Start loop over events
oOptimizerManager::ImageUpdateStep() -> Proceed to image update
vOptimizer::ImageUpdateStep() -> Start image update
vAlgorithm::IterateCPU() -> Time spent for subset 20 | User: 0 sec | CPU: 2.7449999e-03 sec
vAlgorithm::IterateCPU() -> Start iteration 2/4 sub step 1/1 subset 21/28
iIterativeAlgorithm::StepInnerLoopInsideSubsetLoop() -> Start loop over events
oOptimizerManager::ImageUpdateStep() -> Proceed to image update
vOptimizer::ImageUpdateStep() -> Start image update
vAlgorithm::IterateCPU() -> Time spent for subset 21 | User: 0 sec | CPU: 2.9060000e-03 sec
vAlgorithm::IterateCPU() -> Start iteration 2/4 sub step 1/1 subset 22/28
iIterativeAlgorithm::StepInnerLoopInsideSubsetLoop() -> Start loop over events
oOptimizerManager::ImageUpdateStep() -> Proceed to image update
vOptimizer::ImageUpdateStep() -> Start image update
vAlgorithm::IterateCPU() -> Time spent for subset 22 | User: 0 sec | CPU: 3.0820000e-03 sec
vAlgorithm::IterateCPU() -> Start iteration 2/4 sub step 1/1 subset 23/28
iIterativeAlgorithm::StepInnerLoopInsideSubsetLoop() -> Start loop over events
oOptimizerManager::ImageUpdateStep() -> Proceed to image update
vOptimizer::ImageUpdateStep() -> Start image update
vAlgorithm::IterateCPU() -> Time spent for subset 23 | User: 0 sec | CPU: 2.7979999e-03 sec
vAlgorithm::IterateCPU() -> Start iteration 2/4 sub step 1/1 subset 24/28
iIterativeAlgorithm::StepInnerLoopInsideSubsetLoop() -> Start loop over events
oOptimizerManager::ImageUpdateStep() -> Proceed to image update
vOptimizer::ImageUpdateStep() -> Start image update
vAlgorithm::IterateCPU() -> Time spent for subset 24 | User: 0 sec | CPU: 2.6799999e-03 sec
vAlgorithm::IterateCPU() -> Start iteration 2/4 sub step 1/1 subset 25/28
iIterativeAlgorithm::StepInnerLoopInsideSubsetLoop() -> Start loop over events
oOptimizerManager::ImageUpdateStep() -> Proceed to image update
vOptimizer::ImageUpdateStep() -> Start image update
vAlgorithm::IterateCPU() -> Time spent for subset 25 | User: 0 sec | CPU: 2.8170000e-03 sec
vAlgorithm::IterateCPU() -> Start iteration 2/4 sub step 1/1 subset 26/28
iIterativeAlgorithm::StepInnerLoopInsideSubsetLoop() -> Start loop over events
oOptimizerManager::ImageUpdateStep() -> Proceed to image update
vOptimizer::ImageUpdateStep() -> Start image update
vAlgorithm::IterateCPU() -> Time spent for subset 26 | User: 0 sec | CPU: 3.0050001e-03 sec
vAlgorithm::IterateCPU() -> Start iteration 2/4 sub step 1/1 subset 27/28
iIterativeAlgorithm::StepInnerLoopInsideSubsetLoop() -> Start loop over events
oOptimizerManager::ImageUpdateStep() -> Proceed to image update
vOptimizer::ImageUpdateStep() -> Start image update
vAlgorithm::IterateCPU() -> Time spent for subset 27 | User: 0 sec | CPU: 3.0330000e-03 sec
vAlgorithm::IterateCPU() -> Start iteration 2/4 sub step 1/1 subset 28/28
iIterativeAlgorithm::StepInnerLoopInsideSubsetLoop() -> Start loop over events
oOptimizerManager::ImageUpdateStep() -> Proceed to image update
vOptimizer::ImageUpdateStep() -> Start image update
vAlgorithm::IterateCPU() -> Time spent for subset 28 | User: 0 sec | CPU: 3.4820000e-03 sec
vAlgorithm::IterateCPU() -> Start iteration 3/4 sub step 1/1 subset 1/28
iIterativeAlgorithm::StepInnerLoopInsideSubsetLoop() -> Start loop over events
oOptimizerManager::ImageUpdateStep() -> Proceed to image update
vOptimizer::ImageUpdateStep() -> Start image update
vAlgorithm::IterateCPU() -> Time spent for subset 1 | User: 0 sec | CPU: 2.6219999e-03 sec
vAlgorithm::IterateCPU() -> Start iteration 3/4 sub step 1/1 subset 2/28
iIterativeAlgorithm::StepInnerLoopInsideSubsetLoop() -> Start loop over events
oOptimizerManager::ImageUpdateStep() -> Proceed to image update
vOptimizer::ImageUpdateStep() -> Start image update
vAlgorithm::IterateCPU() -> Time spent for subset 2 | User: 0 sec | CPU: 2.8899999e-03 sec
vAlgorithm::IterateCPU() -> Start iteration 3/4 sub step 1/1 subset 3/28
iIterativeAlgorithm::StepInnerLoopInsideSubsetLoop() -> Start loop over events
oOptimizerManager::ImageUpdateStep() -> Proceed to image update
vOptimizer::ImageUpdateStep() -> Start image update
vAlgorithm::IterateCPU() -> Time spent for subset 3 | User: 0 sec | CPU: 2.7139999e-03 sec
vAlgorithm::IterateCPU() -> Start iteration 3/4 sub step 1/1 subset 4/28
iIterativeAlgorithm::StepInnerLoopInsideSubsetLoop() -> Start loop over events
oOptimizerManager::ImageUpdateStep() -> Proceed to image update
vOptimizer::ImageUpdateStep() -> Start image update
vAlgorithm::IterateCPU() -> Time spent for subset 4 | User: 0 sec | CPU: 2.7190000e-03 sec
vAlgorithm::IterateCPU() -> Start iteration 3/4 sub step 1/1 subset 5/28
iIterativeAlgorithm::StepInnerLoopInsideSubsetLoop() -> Start loop over events
oOptimizerManager::ImageUpdateStep() -> Proceed to image update
vOptimizer::ImageUpdateStep() -> Start image update
vAlgorithm::IterateCPU() -> Time spent for subset 5 | User: 0 sec | CPU: 3.2009999e-03 sec
vAlgorithm::IterateCPU() -> Start iteration 3/4 sub step 1/1 subset 6/28
iIterativeAlgorithm::StepInnerLoopInsideSubsetLoop() -> Start loop over events
oOptimizerManager::ImageUpdateStep() -> Proceed to image update
vOptimizer::ImageUpdateStep() -> Start image update
vAlgorithm::IterateCPU() -> Time spent for subset 6 | User: 0 sec | CPU: 2.8720000e-03 sec
vAlgorithm::IterateCPU() -> Start iteration 3/4 sub step 1/1 subset 7/28
iIterativeAlgorithm::StepInnerLoopInsideSubsetLoop() -> Start loop over events
oOptimizerManager::ImageUpdateStep() -> Proceed to image update
vOptimizer::ImageUpdateStep() -> Start image update
vAlgorithm::IterateCPU() -> Time spent for subset 7 | User: 0 sec | CPU: 2.8649999e-03 sec
vAlgorithm::IterateCPU() -> Start iteration 3/4 sub step 1/1 subset 8/28
iIterativeAlgorithm::StepInnerLoopInsideSubsetLoop() -> Start loop over events
oOptimizerManager::ImageUpdateStep() -> Proceed to image update
vOptimizer::ImageUpdateStep() -> Start image update
vAlgorithm::IterateCPU() -> Time spent for subset 8 | User: 0 sec | CPU: 2.8220001e-03 sec
vAlgorithm::IterateCPU() -> Start iteration 3/4 sub step 1/1 subset 9/28
iIterativeAlgorithm::StepInnerLoopInsideSubsetLoop() -> Start loop over events
oOptimizerManager::ImageUpdateStep() -> Proceed to image update
vOptimizer::ImageUpdateStep() -> Start image update
vAlgorithm::IterateCPU() -> Time spent for subset 9 | User: 0 sec | CPU: 2.5990000e-03 sec
vAlgorithm::IterateCPU() -> Start iteration 3/4 sub step 1/1 subset 10/28
iIterativeAlgorithm::StepInnerLoopInsideSubsetLoop() -> Start loop over events
oOptimizerManager::ImageUpdateStep() -> Proceed to image update
vOptimizer::ImageUpdateStep() -> Start image update
vAlgorithm::IterateCPU() -> Time spent for subset 10 | User: 0 sec | CPU: 2.7800000e-03 sec
vAlgorithm::IterateCPU() -> Start iteration 3/4 sub step 1/1 subset 11/28
iIterativeAlgorithm::StepInnerLoopInsideSubsetLoop() -> Start loop over events
oOptimizerManager::ImageUpdateStep() -> Proceed to image update
vOptimizer::ImageUpdateStep() -> Start image update
vAlgorithm::IterateCPU() -> Time spent for subset 11 | User: 0 sec | CPU: 2.7790000e-03 sec
vAlgorithm::IterateCPU() -> Start iteration 3/4 sub step 1/1 subset 12/28
iIterativeAlgorithm::StepInnerLoopInsideSubsetLoop() -> Start loop over events
oOptimizerManager::ImageUpdateStep() -> Proceed to image update
vOptimizer::ImageUpdateStep() -> Start image update
vAlgorithm::IterateCPU() -> Time spent for subset 12 | User: 0 sec | CPU: 2.6980001e-03 sec
vAlgorithm::IterateCPU() -> Start iteration 3/4 sub step 1/1 subset 13/28
iIterativeAlgorithm::StepInnerLoopInsideSubsetLoop() -> Start loop over events
oOptimizerManager::ImageUpdateStep() -> Proceed to image update
vOptimizer::ImageUpdateStep() -> Start image update
vAlgorithm::IterateCPU() -> Time spent for subset 13 | User: 0 sec | CPU: 2.6839999e-03 sec
vAlgorithm::IterateCPU() -> Start iteration 3/4 sub step 1/1 subset 14/28
iIterativeAlgorithm::StepInnerLoopInsideSubsetLoop() -> Start loop over events
oOptimizerManager::ImageUpdateStep() -> Proceed to image update
vOptimizer::ImageUpdateStep() -> Start image update
vAlgorithm::IterateCPU() -> Time spent for subset 14 | User: 0 sec | CPU: 3.0489999e-03 sec
vAlgorithm::IterateCPU() -> Start iteration 3/4 sub step 1/1 subset 15/28
iIterativeAlgorithm::StepInnerLoopInsideSubsetLoop() -> Start loop over events
oOptimizerManager::ImageUpdateStep() -> Proceed to image update
vOptimizer::ImageUpdateStep() -> Start image update
vAlgorithm::IterateCPU() -> Time spent for subset 15 | User: 0 sec | CPU: 2.6680001e-03 sec
vAlgorithm::IterateCPU() -> Start iteration 3/4 sub step 1/1 subset 16/28
iIterativeAlgorithm::StepInnerLoopInsideSubsetLoop() -> Start loop over events
oOptimizerManager::ImageUpdateStep() -> Proceed to image update
vOptimizer::ImageUpdateStep() -> Start image update
vAlgorithm::IterateCPU() -> Time spent for subset 16 | User: 0 sec | CPU: 2.7389999e-03 sec
vAlgorithm::IterateCPU() -> Start iteration 3/4 sub step 1/1 subset 17/28
iIterativeAlgorithm::StepInnerLoopInsideSubsetLoop() -> Start loop over events
oOptimizerManager::ImageUpdateStep() -> Proceed to image update
vOptimizer::ImageUpdateStep() -> Start image update
vAlgorithm::IterateCPU() -> Time spent for subset 17 | User: 0 sec | CPU: 2.8880001e-03 sec
vAlgorithm::IterateCPU() -> Start iteration 3/4 sub step 1/1 subset 18/28
iIterativeAlgorithm::StepInnerLoopInsideSubsetLoop() -> Start loop over events
oOptimizerManager::ImageUpdateStep() -> Proceed to image update
vOptimizer::ImageUpdateStep() -> Start image update
vAlgorithm::IterateCPU() -> Time spent for subset 18 | User: 0 sec | CPU: 2.5150001e-03 sec
vAlgorithm::IterateCPU() -> Start iteration 3/4 sub step 1/1 subset 19/28
iIterativeAlgorithm::StepInnerLoopInsideSubsetLoop() -> Start loop over events
oOptimizerManager::ImageUpdateStep() -> Proceed to image update
vOptimizer::ImageUpdateStep() -> Start image update
vAlgorithm::IterateCPU() -> Time spent for subset 19 | User: 0 sec | CPU: 3.1910001e-03 sec
vAlgorithm::IterateCPU() -> Start iteration 3/4 sub step 1/1 subset 20/28
iIterativeAlgorithm::StepInnerLoopInsideSubsetLoop() -> Start loop over events
oOptimizerManager::ImageUpdateStep() -> Proceed to image update
vOptimizer::ImageUpdateStep() -> Start image update
vAlgorithm::IterateCPU() -> Time spent for subset 20 | User: 0 sec | CPU: 2.7470000e-03 sec
vAlgorithm::IterateCPU() -> Start iteration 3/4 sub step 1/1 subset 21/28
iIterativeAlgorithm::StepInnerLoopInsideSubsetLoop() -> Start loop over events
oOptimizerManager::ImageUpdateStep() -> Proceed to image update
vOptimizer::ImageUpdateStep() -> Start image update
vAlgorithm::IterateCPU() -> Time spent for subset 21 | User: 0 sec | CPU: 3.6960000e-03 sec
vAlgorithm::IterateCPU() -> Start iteration 3/4 sub step 1/1 subset 22/28
iIterativeAlgorithm::StepInnerLoopInsideSubsetLoop() -> Start loop over events
oOptimizerManager::ImageUpdateStep() -> Proceed to image update
vOptimizer::ImageUpdateStep() -> Start image update
vAlgorithm::IterateCPU() -> Time spent for subset 22 | User: 0 sec | CPU: 3.0139999e-03 sec
vAlgorithm::IterateCPU() -> Start iteration 3/4 sub step 1/1 subset 23/28
iIterativeAlgorithm::StepInnerLoopInsideSubsetLoop() -> Start loop over events
oOptimizerManager::ImageUpdateStep() -> Proceed to image update
vOptimizer::ImageUpdateStep() -> Start image update
vAlgorithm::IterateCPU() -> Time spent for subset 23 | User: 0 sec | CPU: 2.6459999e-03 sec
vAlgorithm::IterateCPU() -> Start iteration 3/4 sub step 1/1 subset 24/28
iIterativeAlgorithm::StepInnerLoopInsideSubsetLoop() -> Start loop over events
oOptimizerManager::ImageUpdateStep() -> Proceed to image update
vOptimizer::ImageUpdateStep() -> Start image update
vAlgorithm::IterateCPU() -> Time spent for subset 24 | User: 0 sec | CPU: 2.8339999e-03 sec
vAlgorithm::IterateCPU() -> Start iteration 3/4 sub step 1/1 subset 25/28
iIterativeAlgorithm::StepInnerLoopInsideSubsetLoop() -> Start loop over events
oOptimizerManager::ImageUpdateStep() -> Proceed to image update
vOptimizer::ImageUpdateStep() -> Start image update
vAlgorithm::IterateCPU() -> Time spent for subset 25 | User: 0 sec | CPU: 2.5150001e-03 sec
vAlgorithm::IterateCPU() -> Start iteration 3/4 sub step 1/1 subset 26/28
iIterativeAlgorithm::StepInnerLoopInsideSubsetLoop() -> Start loop over events
oOptimizerManager::ImageUpdateStep() -> Proceed to image update
vOptimizer::ImageUpdateStep() -> Start image update
vAlgorithm::IterateCPU() -> Time spent for subset 26 | User: 0 sec | CPU: 2.8029999e-03 sec
vAlgorithm::IterateCPU() -> Start iteration 3/4 sub step 1/1 subset 27/28
iIterativeAlgorithm::StepInnerLoopInsideSubsetLoop() -> Start loop over events
oOptimizerManager::ImageUpdateStep() -> Proceed to image update
vOptimizer::ImageUpdateStep() -> Start image update
vAlgorithm::IterateCPU() -> Time spent for subset 27 | User: 0 sec | CPU: 4.4720001e-03 sec
vAlgorithm::IterateCPU() -> Start iteration 3/4 sub step 1/1 subset 28/28
iIterativeAlgorithm::StepInnerLoopInsideSubsetLoop() -> Start loop over events
oOptimizerManager::ImageUpdateStep() -> Proceed to image update
vOptimizer::ImageUpdateStep() -> Start image update
vAlgorithm::IterateCPU() -> Time spent for subset 28 | User: 0 sec | CPU: 3.1830000e-03 sec
vAlgorithm::IterateCPU() -> Start iteration 4/4 sub step 1/1 subset 1/28
iIterativeAlgorithm::StepInnerLoopInsideSubsetLoop() -> Start loop over events
oOptimizerManager::ImageUpdateStep() -> Proceed to image update
vOptimizer::ImageUpdateStep() -> Start image update
vAlgorithm::IterateCPU() -> Time spent for subset 1 | User: 0 sec | CPU: 3.9849998e-03 sec
vAlgorithm::IterateCPU() -> Start iteration 4/4 sub step 1/1 subset 2/28
iIterativeAlgorithm::StepInnerLoopInsideSubsetLoop() -> Start loop over events
oOptimizerManager::ImageUpdateStep() -> Proceed to image update
vOptimizer::ImageUpdateStep() -> Start image update
vAlgorithm::IterateCPU() -> Time spent for subset 2 | User: 0 sec | CPU: 2.8470000e-03 sec
vAlgorithm::IterateCPU() -> Start iteration 4/4 sub step 1/1 subset 3/28
iIterativeAlgorithm::StepInnerLoopInsideSubsetLoop() -> Start loop over events
oOptimizerManager::ImageUpdateStep() -> Proceed to image update
vOptimizer::ImageUpdateStep() -> Start image update
vAlgorithm::IterateCPU() -> Time spent for subset 3 | User: 0 sec | CPU: 3.3300000e-03 sec
vAlgorithm::IterateCPU() -> Start iteration 4/4 sub step 1/1 subset 4/28
iIterativeAlgorithm::StepInnerLoopInsideSubsetLoop() -> Start loop over events
oOptimizerManager::ImageUpdateStep() -> Proceed to image update
vOptimizer::ImageUpdateStep() -> Start image update
vAlgorithm::IterateCPU() -> Time spent for subset 4 | User: 0 sec | CPU: 2.7379999e-03 sec
vAlgorithm::IterateCPU() -> Start iteration 4/4 sub step 1/1 subset 5/28
iIterativeAlgorithm::StepInnerLoopInsideSubsetLoop() -> Start loop over events
oOptimizerManager::ImageUpdateStep() -> Proceed to image update
vOptimizer::ImageUpdateStep() -> Start image update
vAlgorithm::IterateCPU() -> Time spent for subset 5 | User: 0 sec | CPU: 3.3209999e-03 sec
vAlgorithm::IterateCPU() -> Start iteration 4/4 sub step 1/1 subset 6/28
iIterativeAlgorithm::StepInnerLoopInsideSubsetLoop() -> Start loop over events
oOptimizerManager::ImageUpdateStep() -> Proceed to image update
vOptimizer::ImageUpdateStep() -> Start image update
vAlgorithm::IterateCPU() -> Time spent for subset 6 | User: 0 sec | CPU: 2.9330000e-03 sec
vAlgorithm::IterateCPU() -> Start iteration 4/4 sub step 1/1 subset 7/28
iIterativeAlgorithm::StepInnerLoopInsideSubsetLoop() -> Start loop over events
oOptimizerManager::ImageUpdateStep() -> Proceed to image update
vOptimizer::ImageUpdateStep() -> Start image update
vAlgorithm::IterateCPU() -> Time spent for subset 7 | User: 0 sec | CPU: 3.0720001e-03 sec
vAlgorithm::IterateCPU() -> Start iteration 4/4 sub step 1/1 subset 8/28
iIterativeAlgorithm::StepInnerLoopInsideSubsetLoop() -> Start loop over events
oOptimizerManager::ImageUpdateStep() -> Proceed to image update
vOptimizer::ImageUpdateStep() -> Start image update
vAlgorithm::IterateCPU() -> Time spent for subset 8 | User: 0 sec | CPU: 3.2460000e-03 sec
vAlgorithm::IterateCPU() -> Start iteration 4/4 sub step 1/1 subset 9/28
iIterativeAlgorithm::StepInnerLoopInsideSubsetLoop() -> Start loop over events
oOptimizerManager::ImageUpdateStep() -> Proceed to image update
vOptimizer::ImageUpdateStep() -> Start image update
vAlgorithm::IterateCPU() -> Time spent for subset 9 | User: 0 sec | CPU: 2.6720001e-03 sec
vAlgorithm::IterateCPU() -> Start iteration 4/4 sub step 1/1 subset 10/28
iIterativeAlgorithm::StepInnerLoopInsideSubsetLoop() -> Start loop over events
oOptimizerManager::ImageUpdateStep() -> Proceed to image update
vOptimizer::ImageUpdateStep() -> Start image update
vAlgorithm::IterateCPU() -> Time spent for subset 10 | User: 0 sec | CPU: 3.0320000e-03 sec
vAlgorithm::IterateCPU() -> Start iteration 4/4 sub step 1/1 subset 11/28
iIterativeAlgorithm::StepInnerLoopInsideSubsetLoop() -> Start loop over events
oOptimizerManager::ImageUpdateStep() -> Proceed to image update
vOptimizer::ImageUpdateStep() -> Start image update
vAlgorithm::IterateCPU() -> Time spent for subset 11 | User: 0 sec | CPU: 2.8369999e-03 sec
vAlgorithm::IterateCPU() -> Start iteration 4/4 sub step 1/1 subset 12/28
iIterativeAlgorithm::StepInnerLoopInsideSubsetLoop() -> Start loop over events
oOptimizerManager::ImageUpdateStep() -> Proceed to image update
vOptimizer::ImageUpdateStep() -> Start image update
vAlgorithm::IterateCPU() -> Time spent for subset 12 | User: 0 sec | CPU: 2.8339999e-03 sec
vAlgorithm::IterateCPU() -> Start iteration 4/4 sub step 1/1 subset 13/28
iIterativeAlgorithm::StepInnerLoopInsideSubsetLoop() -> Start loop over events
oOptimizerManager::ImageUpdateStep() -> Proceed to image update
vOptimizer::ImageUpdateStep() -> Start image update
vAlgorithm::IterateCPU() -> Time spent for subset 13 | User: 0 sec | CPU: 3.1440000e-03 sec
vAlgorithm::IterateCPU() -> Start iteration 4/4 sub step 1/1 subset 14/28
iIterativeAlgorithm::StepInnerLoopInsideSubsetLoop() -> Start loop over events
oOptimizerManager::ImageUpdateStep() -> Proceed to image update
vOptimizer::ImageUpdateStep() -> Start image update
vAlgorithm::IterateCPU() -> Time spent for subset 14 | User: 0 sec | CPU: 3.0930000e-03 sec
vAlgorithm::IterateCPU() -> Start iteration 4/4 sub step 1/1 subset 15/28
iIterativeAlgorithm::StepInnerLoopInsideSubsetLoop() -> Start loop over events
oOptimizerManager::ImageUpdateStep() -> Proceed to image update
vOptimizer::ImageUpdateStep() -> Start image update
vAlgorithm::IterateCPU() -> Time spent for subset 15 | User: 0 sec | CPU: 2.6720001e-03 sec
vAlgorithm::IterateCPU() -> Start iteration 4/4 sub step 1/1 subset 16/28
iIterativeAlgorithm::StepInnerLoopInsideSubsetLoop() -> Start loop over events
oOptimizerManager::ImageUpdateStep() -> Proceed to image update
vOptimizer::ImageUpdateStep() -> Start image update
vAlgorithm::IterateCPU() -> Time spent for subset 16 | User: 0 sec | CPU: 2.3530000e-03 sec
vAlgorithm::IterateCPU() -> Start iteration 4/4 sub step 1/1 subset 17/28
iIterativeAlgorithm::StepInnerLoopInsideSubsetLoop() -> Start loop over events
oOptimizerManager::ImageUpdateStep() -> Proceed to image update
vOptimizer::ImageUpdateStep() -> Start image update
vAlgorithm::IterateCPU() -> Time spent for subset 17 | User: 0 sec | CPU: 2.7139999e-03 sec
vAlgorithm::IterateCPU() -> Start iteration 4/4 sub step 1/1 subset 18/28
iIterativeAlgorithm::StepInnerLoopInsideSubsetLoop() -> Start loop over events
oOptimizerManager::ImageUpdateStep() -> Proceed to image update
vOptimizer::ImageUpdateStep() -> Start image update
vAlgorithm::IterateCPU() -> Time spent for subset 18 | User: 0 sec | CPU: 2.6940000e-03 sec
vAlgorithm::IterateCPU() -> Start iteration 4/4 sub step 1/1 subset 19/28
iIterativeAlgorithm::StepInnerLoopInsideSubsetLoop() -> Start loop over events
oOptimizerManager::ImageUpdateStep() -> Proceed to image update
vOptimizer::ImageUpdateStep() -> Start image update
vAlgorithm::IterateCPU() -> Time spent for subset 19 | User: 0 sec | CPU: 3.1160000e-03 sec
vAlgorithm::IterateCPU() -> Start iteration 4/4 sub step 1/1 subset 20/28
iIterativeAlgorithm::StepInnerLoopInsideSubsetLoop() -> Start loop over events
oOptimizerManager::ImageUpdateStep() -> Proceed to image update
vOptimizer::ImageUpdateStep() -> Start image update
vAlgorithm::IterateCPU() -> Time spent for subset 20 | User: 0 sec | CPU: 2.8080000e-03 sec
vAlgorithm::IterateCPU() -> Start iteration 4/4 sub step 1/1 subset 21/28
iIterativeAlgorithm::StepInnerLoopInsideSubsetLoop() -> Start loop over events
oOptimizerManager::ImageUpdateStep() -> Proceed to image update
vOptimizer::ImageUpdateStep() -> Start image update
vAlgorithm::IterateCPU() -> Time spent for subset 21 | User: 0 sec | CPU: 2.8939999e-03 sec
vAlgorithm::IterateCPU() -> Start iteration 4/4 sub step 1/1 subset 22/28
iIterativeAlgorithm::StepInnerLoopInsideSubsetLoop() -> Start loop over events
oOptimizerManager::ImageUpdateStep() -> Proceed to image update
vOptimizer::ImageUpdateStep() -> Start image update
vAlgorithm::IterateCPU() -> Time spent for subset 22 | User: 0 sec | CPU: 2.8949999e-03 sec
vAlgorithm::IterateCPU() -> Start iteration 4/4 sub step 1/1 subset 23/28
iIterativeAlgorithm::StepInnerLoopInsideSubsetLoop() -> Start loop over events
oOptimizerManager::ImageUpdateStep() -> Proceed to image update
vOptimizer::ImageUpdateStep() -> Start image update
vAlgorithm::IterateCPU() -> Time spent for subset 23 | User: 0 sec | CPU: 2.5869999e-03 sec
vAlgorithm::IterateCPU() -> Start iteration 4/4 sub step 1/1 subset 24/28
iIterativeAlgorithm::StepInnerLoopInsideSubsetLoop() -> Start loop over events
oOptimizerManager::ImageUpdateStep() -> Proceed to image update
vOptimizer::ImageUpdateStep() -> Start image update
vAlgorithm::IterateCPU() -> Time spent for subset 24 | User: 0 sec | CPU: 2.9290000e-03 sec
vAlgorithm::IterateCPU() -> Start iteration 4/4 sub step 1/1 subset 25/28
iIterativeAlgorithm::StepInnerLoopInsideSubsetLoop() -> Start loop over events
oOptimizerManager::ImageUpdateStep() -> Proceed to image update
vOptimizer::ImageUpdateStep() -> Start image update
vAlgorithm::IterateCPU() -> Time spent for subset 25 | User: 0 sec | CPU: 2.9500001e-03 sec
vAlgorithm::IterateCPU() -> Start iteration 4/4 sub step 1/1 subset 26/28
iIterativeAlgorithm::StepInnerLoopInsideSubsetLoop() -> Start loop over events
oOptimizerManager::ImageUpdateStep() -> Proceed to image update
vOptimizer::ImageUpdateStep() -> Start image update
vAlgorithm::IterateCPU() -> Time spent for subset 26 | User: 0 sec | CPU: 2.7069999e-03 sec
vAlgorithm::IterateCPU() -> Start iteration 4/4 sub step 1/1 subset 27/28
iIterativeAlgorithm::StepInnerLoopInsideSubsetLoop() -> Start loop over events
oOptimizerManager::ImageUpdateStep() -> Proceed to image update
vOptimizer::ImageUpdateStep() -> Start image update
vAlgorithm::IterateCPU() -> Time spent for subset 27 | User: 0 sec | CPU: 2.7190000e-03 sec
vAlgorithm::IterateCPU() -> Start iteration 4/4 sub step 1/1 subset 28/28
iIterativeAlgorithm::StepInnerLoopInsideSubsetLoop() -> Start loop over events
oOptimizerManager::ImageUpdateStep() -> Proceed to image update
vOptimizer::ImageUpdateStep() -> Start image update
vAlgorithm::IterateCPU() -> Time spent for subset 28 | User: 0 sec | CPU: 2.6320000e-03 sec
iIterativeAlgorithm::StepAfterSubsetLoop() -> Save image at iteration 4
vAlgorithm::StepAfterIterationLoop ... 
iIterativeAlgorithm::StepAfterIterationLoop ... 
vAlgorithm::IterateCPU() -> Total time spent | User: 0 sec | CPU: 3.3371499e-01 sec
sChronoManager::Display() -> Results from the profiling
  --> Profiling of the data update step:
    | Datafile management: 00 hours 00 mins 00 secs 003 ms
    | Dynamic management: 00 hours 00 mins 00 secs 001 ms
    | Projection management: 00 hours 00 mins 00 secs 086 ms
    | Optimizer management: 00 hours 00 mins 00 secs 068 ms
  --> Profiling of the convolution steps: 00 hours 00 mins 00 secs 000 ms
  --> Custom update step 1: 00 hours 00 mins 00 secs 000 ms

