castor-recon() -> Launch reconstruction from CASToR version 3.2.1.
==================================================================================================
                                      COMMAND LINE CONTEXT
==================================================================================================
Command line: castor-recon -vb 2 -df coincidence_LYSO_src0.4cm_fine.cdh -fout LYSO_src0.4cm_fine -oit -1 -it 4:28 -dim 400,400,1 -fov 100.,100.,10. -off 0.,0.,0. -opti MLEM -proj joseph -sens philips_sim_simple_hot_point_all_merged_fine_sensitivity.hdr 
Working directory: /Users/yuema/MyCode/castor_v3.2/LXePET_Radius_Compare
Data of execution: Fri Oct 17 13:58:51 2025
Float numbers precision in bytes (for matrices and some computations): 4
Float numbers precision in bytes (for sensitive computations that require at least double precision): 8
Float numbers precision in bytes (for datafile reading/writing): 4
Float numbers precision in bytes (for scanner LUT reading/writing): 4
CASToR version: 3.2.1
==================================================================================================
sScannerManager::BuildScannerObject() -> Start building
sScannerManager::InstantiateScanner() -> Instantiate the scanner geometry structure
iScannerPET::Instantiate() -> Create scanner structure and read parameters from configuration file
sScannerManager::GetGeometricInfoFromDataFile() -> Look for acquisition specific settings into datafile header
sScannerManager::BuildLUT() -> Generate the geometric Look-Up Table
iScannerPET::BuildLUT() -> Build LUT for scanner elements coordinates and orientations
sScannerManager::Initialize() -> From scanner PET_PHILIPS_VEREOS_FINE
iScannerPET::Initialize() -> Initialize remaining stuff for scanner to be ready
oImageDimensionsAndQuantification::Initialize() -> Initialize image dimensions, basis functions and quantification
  --> Image dimensions: [400;400;1] voxels of [2.5000000e-01;2.5000000e-01;1.0000000e+01] mm3
  --> FOV size: [1.0000000e+02;1.0000000e+02;1.0000000e+01] mm3
oImageDimensionsAndQuantification::SetAcquisitionTime() -> Static single bed acquisition with duration [ 0.0000000e+00 : 1.0000000e+01 ] seconds
  --> Correct for frame duration
oImageDimensionsAndQuantification::SetPETIsotope() -> Isotope F-18 has 6.5862002e+03 seconds half life and 9.6700001e-01 branching ratio
  --> Correct for branching ratio
  --> Correct for half-life
oImageDimensionsAndQuantification::SetCalibrationFactor() -> Correct for following calibration factor: 1.0000000e+00
vDataFile::InitializeMappedFile() -> Map datafile to memory
iDataFilePET::PrepareDataFile() -> Build listmode events
oDynamicDataManager::SetDynamicSpecificQuantificationFactors() ... 
oProjectorManager::Initialize() -> Initialize projectors and projection lines
iProjectorJoseph::InitializeSpecific() -> Use Joseph projector
----- Dynamic model: No parameters given - setting diagonal basis functions !
oOptimizerManager::Initialize() -> Initialize optimizer and penalty
iOptimizerMLEM::InitializeSpecific() -> Use the MLEM optimizer
sChronoManager::Initialize() -> Initialize all duration counters for profiling
iIterativeAlgorithm::InitSpecificOptions ... 
vAlgorithm::Iterate ...
vAlgorithm::IterateCPU() -> Start algorithm for 4 iterations
vAlgorithm::StepBeforeIterationLoop ... 
iIterativeAlgorithm::StepBeforeIterationLoop ... 
vAlgorithm::IterateCPU() -> Start iteration 1/4 sub step 1/1 subset 1/28
iIterativeAlgorithm::StepInnerLoopInsideSubsetLoop() -> Start loop over events
oOptimizerManager::ImageUpdateStep() -> Proceed to image update
vOptimizer::ImageUpdateStep() -> Start image update
vAlgorithm::IterateCPU() -> Time spent for subset 1 | User: 0 sec | CPU: 8.4309997e-03 sec
vAlgorithm::IterateCPU() -> Start iteration 1/4 sub step 1/1 subset 2/28
iIterativeAlgorithm::StepInnerLoopInsideSubsetLoop() -> Start loop over events
oOptimizerManager::ImageUpdateStep() -> Proceed to image update
vOptimizer::ImageUpdateStep() -> Start image update
vAlgorithm::IterateCPU() -> Time spent for subset 2 | User: 0 sec | CPU: 6.7389999e-03 sec
vAlgorithm::IterateCPU() -> Start iteration 1/4 sub step 1/1 subset 3/28
iIterativeAlgorithm::StepInnerLoopInsideSubsetLoop() -> Start loop over events
oOptimizerManager::ImageUpdateStep() -> Proceed to image update
vOptimizer::ImageUpdateStep() -> Start image update
vAlgorithm::IterateCPU() -> Time spent for subset 3 | User: 0 sec | CPU: 7.1379999e-03 sec
vAlgorithm::IterateCPU() -> Start iteration 1/4 sub step 1/1 subset 4/28
iIterativeAlgorithm::StepInnerLoopInsideSubsetLoop() -> Start loop over events
oOptimizerManager::ImageUpdateStep() -> Proceed to image update
vOptimizer::ImageUpdateStep() -> Start image update
vAlgorithm::IterateCPU() -> Time spent for subset 4 | User: 0 sec | CPU: 6.6479999e-03 sec
vAlgorithm::IterateCPU() -> Start iteration 1/4 sub step 1/1 subset 5/28
iIterativeAlgorithm::StepInnerLoopInsideSubsetLoop() -> Start loop over events
oOptimizerManager::ImageUpdateStep() -> Proceed to image update
vOptimizer::ImageUpdateStep() -> Start image update
vAlgorithm::IterateCPU() -> Time spent for subset 5 | User: 0 sec | CPU: 6.9710002e-03 sec
vAlgorithm::IterateCPU() -> Start iteration 1/4 sub step 1/1 subset 6/28
iIterativeAlgorithm::StepInnerLoopInsideSubsetLoop() -> Start loop over events
oOptimizerManager::ImageUpdateStep() -> Proceed to image update
vOptimizer::ImageUpdateStep() -> Start image update
vAlgorithm::IterateCPU() -> Time spent for subset 6 | User: 0 sec | CPU: 6.6220001e-03 sec
vAlgorithm::IterateCPU() -> Start iteration 1/4 sub step 1/1 subset 7/28
iIterativeAlgorithm::StepInnerLoopInsideSubsetLoop() -> Start loop over events
oOptimizerManager::ImageUpdateStep() -> Proceed to image update
vOptimizer::ImageUpdateStep() -> Start image update
vAlgorithm::IterateCPU() -> Time spent for subset 7 | User: 1 sec | CPU: 6.7500002e-03 sec
vAlgorithm::IterateCPU() -> Start iteration 1/4 sub step 1/1 subset 8/28
iIterativeAlgorithm::StepInnerLoopInsideSubsetLoop() -> Start loop over events
oOptimizerManager::ImageUpdateStep() -> Proceed to image update
vOptimizer::ImageUpdateStep() -> Start image update
vAlgorithm::IterateCPU() -> Time spent for subset 8 | User: 0 sec | CPU: 6.3049998e-03 sec
vAlgorithm::IterateCPU() -> Start iteration 1/4 sub step 1/1 subset 9/28
iIterativeAlgorithm::StepInnerLoopInsideSubsetLoop() -> Start loop over events
oOptimizerManager::ImageUpdateStep() -> Proceed to image update
vOptimizer::ImageUpdateStep() -> Start image update
vAlgorithm::IterateCPU() -> Time spent for subset 9 | User: 0 sec | CPU: 6.7010000e-03 sec
vAlgorithm::IterateCPU() -> Start iteration 1/4 sub step 1/1 subset 10/28
iIterativeAlgorithm::StepInnerLoopInsideSubsetLoop() -> Start loop over events
oOptimizerManager::ImageUpdateStep() -> Proceed to image update
vOptimizer::ImageUpdateStep() -> Start image update
vAlgorithm::IterateCPU() -> Time spent for subset 10 | User: 0 sec | CPU: 6.7719999e-03 sec
vAlgorithm::IterateCPU() -> Start iteration 1/4 sub step 1/1 subset 11/28
iIterativeAlgorithm::StepInnerLoopInsideSubsetLoop() -> Start loop over events
oOptimizerManager::ImageUpdateStep() -> Proceed to image update
vOptimizer::ImageUpdateStep() -> Start image update
vAlgorithm::IterateCPU() -> Time spent for subset 11 | User: 0 sec | CPU: 6.2230001e-03 sec
vAlgorithm::IterateCPU() -> Start iteration 1/4 sub step 1/1 subset 12/28
iIterativeAlgorithm::StepInnerLoopInsideSubsetLoop() -> Start loop over events
oOptimizerManager::ImageUpdateStep() -> Proceed to image update
vOptimizer::ImageUpdateStep() -> Start image update
vAlgorithm::IterateCPU() -> Time spent for subset 12 | User: 0 sec | CPU: 6.3180001e-03 sec
vAlgorithm::IterateCPU() -> Start iteration 1/4 sub step 1/1 subset 13/28
iIterativeAlgorithm::StepInnerLoopInsideSubsetLoop() -> Start loop over events
oOptimizerManager::ImageUpdateStep() -> Proceed to image update
vOptimizer::ImageUpdateStep() -> Start image update
vAlgorithm::IterateCPU() -> Time spent for subset 13 | User: 0 sec | CPU: 6.6920002e-03 sec
vAlgorithm::IterateCPU() -> Start iteration 1/4 sub step 1/1 subset 14/28
iIterativeAlgorithm::StepInnerLoopInsideSubsetLoop() -> Start loop over events
oOptimizerManager::ImageUpdateStep() -> Proceed to image update
vOptimizer::ImageUpdateStep() -> Start image update
vAlgorithm::IterateCPU() -> Time spent for subset 14 | User: 0 sec | CPU: 6.6940002e-03 sec
vAlgorithm::IterateCPU() -> Start iteration 1/4 sub step 1/1 subset 15/28
iIterativeAlgorithm::StepInnerLoopInsideSubsetLoop() -> Start loop over events
oOptimizerManager::ImageUpdateStep() -> Proceed to image update
vOptimizer::ImageUpdateStep() -> Start image update
vAlgorithm::IterateCPU() -> Time spent for subset 15 | User: 0 sec | CPU: 6.2540001e-03 sec
vAlgorithm::IterateCPU() -> Start iteration 1/4 sub step 1/1 subset 16/28
iIterativeAlgorithm::StepInnerLoopInsideSubsetLoop() -> Start loop over events
oOptimizerManager::ImageUpdateStep() -> Proceed to image update
vOptimizer::ImageUpdateStep() -> Start image update
vAlgorithm::IterateCPU() -> Time spent for subset 16 | User: 0 sec | CPU: 6.5870001e-03 sec
vAlgorithm::IterateCPU() -> Start iteration 1/4 sub step 1/1 subset 17/28
iIterativeAlgorithm::StepInnerLoopInsideSubsetLoop() -> Start loop over events
oOptimizerManager::ImageUpdateStep() -> Proceed to image update
vOptimizer::ImageUpdateStep() -> Start image update
vAlgorithm::IterateCPU() -> Time spent for subset 17 | User: 0 sec | CPU: 6.5199998e-03 sec
vAlgorithm::IterateCPU() -> Start iteration 1/4 sub step 1/1 subset 18/28
iIterativeAlgorithm::StepInnerLoopInsideSubsetLoop() -> Start loop over events
oOptimizerManager::ImageUpdateStep() -> Proceed to image update
vOptimizer::ImageUpdateStep() -> Start image update
vAlgorithm::IterateCPU() -> Time spent for subset 18 | User: 0 sec | CPU: 6.5930001e-03 sec
vAlgorithm::IterateCPU() -> Start iteration 1/4 sub step 1/1 subset 19/28
iIterativeAlgorithm::StepInnerLoopInsideSubsetLoop() -> Start loop over events
oOptimizerManager::ImageUpdateStep() -> Proceed to image update
vOptimizer::ImageUpdateStep() -> Start image update
vAlgorithm::IterateCPU() -> Time spent for subset 19 | User: 0 sec | CPU: 6.2699998e-03 sec
vAlgorithm::IterateCPU() -> Start iteration 1/4 sub step 1/1 subset 20/28
iIterativeAlgorithm::StepInnerLoopInsideSubsetLoop() -> Start loop over events
oOptimizerManager::ImageUpdateStep() -> Proceed to image update
vOptimizer::ImageUpdateStep() -> Start image update
vAlgorithm::IterateCPU() -> Time spent for subset 20 | User: 0 sec | CPU: 6.4579998e-03 sec
vAlgorithm::IterateCPU() -> Start iteration 1/4 sub step 1/1 subset 21/28
iIterativeAlgorithm::StepInnerLoopInsideSubsetLoop() -> Start loop over events
oOptimizerManager::ImageUpdateStep() -> Proceed to image update
vOptimizer::ImageUpdateStep() -> Start image update
vAlgorithm::IterateCPU() -> Time spent for subset 21 | User: 0 sec | CPU: 6.2040002e-03 sec
vAlgorithm::IterateCPU() -> Start iteration 1/4 sub step 1/1 subset 22/28
iIterativeAlgorithm::StepInnerLoopInsideSubsetLoop() -> Start loop over events
oOptimizerManager::ImageUpdateStep() -> Proceed to image update
vOptimizer::ImageUpdateStep() -> Start image update
vAlgorithm::IterateCPU() -> Time spent for subset 22 | User: 0 sec | CPU: 6.0430001e-03 sec
vAlgorithm::IterateCPU() -> Start iteration 1/4 sub step 1/1 subset 23/28
iIterativeAlgorithm::StepInnerLoopInsideSubsetLoop() -> Start loop over events
oOptimizerManager::ImageUpdateStep() -> Proceed to image update
vOptimizer::ImageUpdateStep() -> Start image update
vAlgorithm::IterateCPU() -> Time spent for subset 23 | User: 0 sec | CPU: 5.9969998e-03 sec
vAlgorithm::IterateCPU() -> Start iteration 1/4 sub step 1/1 subset 24/28
iIterativeAlgorithm::StepInnerLoopInsideSubsetLoop() -> Start loop over events
oOptimizerManager::ImageUpdateStep() -> Proceed to image update
vOptimizer::ImageUpdateStep() -> Start image update
vAlgorithm::IterateCPU() -> Time spent for subset 24 | User: 0 sec | CPU: 6.2600002e-03 sec
vAlgorithm::IterateCPU() -> Start iteration 1/4 sub step 1/1 subset 25/28
iIterativeAlgorithm::StepInnerLoopInsideSubsetLoop() -> Start loop over events
oOptimizerManager::ImageUpdateStep() -> Proceed to image update
vOptimizer::ImageUpdateStep() -> Start image update
vAlgorithm::IterateCPU() -> Time spent for subset 25 | User: 0 sec | CPU: 7.5579998e-03 sec
vAlgorithm::IterateCPU() -> Start iteration 1/4 sub step 1/1 subset 26/28
iIterativeAlgorithm::StepInnerLoopInsideSubsetLoop() -> Start loop over events
oOptimizerManager::ImageUpdateStep() -> Proceed to image update
vOptimizer::ImageUpdateStep() -> Start image update
vAlgorithm::IterateCPU() -> Time spent for subset 26 | User: 0 sec | CPU: 6.4579998e-03 sec
vAlgorithm::IterateCPU() -> Start iteration 1/4 sub step 1/1 subset 27/28
iIterativeAlgorithm::StepInnerLoopInsideSubsetLoop() -> Start loop over events
oOptimizerManager::ImageUpdateStep() -> Proceed to image update
vOptimizer::ImageUpdateStep() -> Start image update
vAlgorithm::IterateCPU() -> Time spent for subset 27 | User: 0 sec | CPU: 6.2620002e-03 sec
vAlgorithm::IterateCPU() -> Start iteration 1/4 sub step 1/1 subset 28/28
iIterativeAlgorithm::StepInnerLoopInsideSubsetLoop() -> Start loop over events
oOptimizerManager::ImageUpdateStep() -> Proceed to image update
vOptimizer::ImageUpdateStep() -> Start image update
vAlgorithm::IterateCPU() -> Time spent for subset 28 | User: 0 sec | CPU: 6.0580000e-03 sec
vAlgorithm::IterateCPU() -> Start iteration 2/4 sub step 1/1 subset 1/28
iIterativeAlgorithm::StepInnerLoopInsideSubsetLoop() -> Start loop over events
oOptimizerManager::ImageUpdateStep() -> Proceed to image update
vOptimizer::ImageUpdateStep() -> Start image update
vAlgorithm::IterateCPU() -> Time spent for subset 1 | User: 0 sec | CPU: 6.3120001e-03 sec
vAlgorithm::IterateCPU() -> Start iteration 2/4 sub step 1/1 subset 2/28
iIterativeAlgorithm::StepInnerLoopInsideSubsetLoop() -> Start loop over events
oOptimizerManager::ImageUpdateStep() -> Proceed to image update
vOptimizer::ImageUpdateStep() -> Start image update
vAlgorithm::IterateCPU() -> Time spent for subset 2 | User: 0 sec | CPU: 6.5350002e-03 sec
vAlgorithm::IterateCPU() -> Start iteration 2/4 sub step 1/1 subset 3/28
iIterativeAlgorithm::StepInnerLoopInsideSubsetLoop() -> Start loop over events
oOptimizerManager::ImageUpdateStep() -> Proceed to image update
vOptimizer::ImageUpdateStep() -> Start image update
vAlgorithm::IterateCPU() -> Time spent for subset 3 | User: 0 sec | CPU: 6.3499999e-03 sec
vAlgorithm::IterateCPU() -> Start iteration 2/4 sub step 1/1 subset 4/28
iIterativeAlgorithm::StepInnerLoopInsideSubsetLoop() -> Start loop over events
oOptimizerManager::ImageUpdateStep() -> Proceed to image update
vOptimizer::ImageUpdateStep() -> Start image update
vAlgorithm::IterateCPU() -> Time spent for subset 4 | User: 0 sec | CPU: 7.0770001e-03 sec
vAlgorithm::IterateCPU() -> Start iteration 2/4 sub step 1/1 subset 5/28
iIterativeAlgorithm::StepInnerLoopInsideSubsetLoop() -> Start loop over events
oOptimizerManager::ImageUpdateStep() -> Proceed to image update
vOptimizer::ImageUpdateStep() -> Start image update
vAlgorithm::IterateCPU() -> Time spent for subset 5 | User: 0 sec | CPU: 7.7660000e-03 sec
vAlgorithm::IterateCPU() -> Start iteration 2/4 sub step 1/1 subset 6/28
iIterativeAlgorithm::StepInnerLoopInsideSubsetLoop() -> Start loop over events
oOptimizerManager::ImageUpdateStep() -> Proceed to image update
vOptimizer::ImageUpdateStep() -> Start image update
vAlgorithm::IterateCPU() -> Time spent for subset 6 | User: 0 sec | CPU: 7.4040000e-03 sec
vAlgorithm::IterateCPU() -> Start iteration 2/4 sub step 1/1 subset 7/28
iIterativeAlgorithm::StepInnerLoopInsideSubsetLoop() -> Start loop over events
oOptimizerManager::ImageUpdateStep() -> Proceed to image update
vOptimizer::ImageUpdateStep() -> Start image update
vAlgorithm::IterateCPU() -> Time spent for subset 7 | User: 0 sec | CPU: 9.9339997e-03 sec
vAlgorithm::IterateCPU() -> Start iteration 2/4 sub step 1/1 subset 8/28
iIterativeAlgorithm::StepInnerLoopInsideSubsetLoop() -> Start loop over events
oOptimizerManager::ImageUpdateStep() -> Proceed to image update
vOptimizer::ImageUpdateStep() -> Start image update
vAlgorithm::IterateCPU() -> Time spent for subset 8 | User: 0 sec | CPU: 7.5780000e-03 sec
vAlgorithm::IterateCPU() -> Start iteration 2/4 sub step 1/1 subset 9/28
iIterativeAlgorithm::StepInnerLoopInsideSubsetLoop() -> Start loop over events
oOptimizerManager::ImageUpdateStep() -> Proceed to image update
vOptimizer::ImageUpdateStep() -> Start image update
vAlgorithm::IterateCPU() -> Time spent for subset 9 | User: 0 sec | CPU: 9.3400003e-03 sec
vAlgorithm::IterateCPU() -> Start iteration 2/4 sub step 1/1 subset 10/28
iIterativeAlgorithm::StepInnerLoopInsideSubsetLoop() -> Start loop over events
oOptimizerManager::ImageUpdateStep() -> Proceed to image update
vOptimizer::ImageUpdateStep() -> Start image update
vAlgorithm::IterateCPU() -> Time spent for subset 10 | User: 0 sec | CPU: 6.5839998e-03 sec
vAlgorithm::IterateCPU() -> Start iteration 2/4 sub step 1/1 subset 11/28
iIterativeAlgorithm::StepInnerLoopInsideSubsetLoop() -> Start loop over events
oOptimizerManager::ImageUpdateStep() -> Proceed to image update
vOptimizer::ImageUpdateStep() -> Start image update
vAlgorithm::IterateCPU() -> Time spent for subset 11 | User: 0 sec | CPU: 6.7579998e-03 sec
vAlgorithm::IterateCPU() -> Start iteration 2/4 sub step 1/1 subset 12/28
iIterativeAlgorithm::StepInnerLoopInsideSubsetLoop() -> Start loop over events
oOptimizerManager::ImageUpdateStep() -> Proceed to image update
vOptimizer::ImageUpdateStep() -> Start image update
vAlgorithm::IterateCPU() -> Time spent for subset 12 | User: 0 sec | CPU: 6.6200001e-03 sec
vAlgorithm::IterateCPU() -> Start iteration 2/4 sub step 1/1 subset 13/28
iIterativeAlgorithm::StepInnerLoopInsideSubsetLoop() -> Start loop over events
oOptimizerManager::ImageUpdateStep() -> Proceed to image update
vOptimizer::ImageUpdateStep() -> Start image update
vAlgorithm::IterateCPU() -> Time spent for subset 13 | User: 0 sec | CPU: 6.8500000e-03 sec
vAlgorithm::IterateCPU() -> Start iteration 2/4 sub step 1/1 subset 14/28
iIterativeAlgorithm::StepInnerLoopInsideSubsetLoop() -> Start loop over events
oOptimizerManager::ImageUpdateStep() -> Proceed to image update
vOptimizer::ImageUpdateStep() -> Start image update
vAlgorithm::IterateCPU() -> Time spent for subset 14 | User: 0 sec | CPU: 6.2139998e-03 sec
vAlgorithm::IterateCPU() -> Start iteration 2/4 sub step 1/1 subset 15/28
iIterativeAlgorithm::StepInnerLoopInsideSubsetLoop() -> Start loop over events
oOptimizerManager::ImageUpdateStep() -> Proceed to image update
vOptimizer::ImageUpdateStep() -> Start image update
vAlgorithm::IterateCPU() -> Time spent for subset 15 | User: 0 sec | CPU: 7.4470001e-03 sec
vAlgorithm::IterateCPU() -> Start iteration 2/4 sub step 1/1 subset 16/28
iIterativeAlgorithm::StepInnerLoopInsideSubsetLoop() -> Start loop over events
oOptimizerManager::ImageUpdateStep() -> Proceed to image update
vOptimizer::ImageUpdateStep() -> Start image update
vAlgorithm::IterateCPU() -> Time spent for subset 16 | User: 0 sec | CPU: 7.3400000e-03 sec
vAlgorithm::IterateCPU() -> Start iteration 2/4 sub step 1/1 subset 17/28
iIterativeAlgorithm::StepInnerLoopInsideSubsetLoop() -> Start loop over events
oOptimizerManager::ImageUpdateStep() -> Proceed to image update
vOptimizer::ImageUpdateStep() -> Start image update
vAlgorithm::IterateCPU() -> Time spent for subset 17 | User: 0 sec | CPU: 7.7269999e-03 sec
vAlgorithm::IterateCPU() -> Start iteration 2/4 sub step 1/1 subset 18/28
iIterativeAlgorithm::StepInnerLoopInsideSubsetLoop() -> Start loop over events
oOptimizerManager::ImageUpdateStep() -> Proceed to image update
vOptimizer::ImageUpdateStep() -> Start image update
vAlgorithm::IterateCPU() -> Time spent for subset 18 | User: 0 sec | CPU: 6.3260002e-03 sec
vAlgorithm::IterateCPU() -> Start iteration 2/4 sub step 1/1 subset 19/28
iIterativeAlgorithm::StepInnerLoopInsideSubsetLoop() -> Start loop over events
oOptimizerManager::ImageUpdateStep() -> Proceed to image update
vOptimizer::ImageUpdateStep() -> Start image update
vAlgorithm::IterateCPU() -> Time spent for subset 19 | User: 0 sec | CPU: 6.6060000e-03 sec
vAlgorithm::IterateCPU() -> Start iteration 2/4 sub step 1/1 subset 20/28
iIterativeAlgorithm::StepInnerLoopInsideSubsetLoop() -> Start loop over events
oOptimizerManager::ImageUpdateStep() -> Proceed to image update
vOptimizer::ImageUpdateStep() -> Start image update
vAlgorithm::IterateCPU() -> Time spent for subset 20 | User: 0 sec | CPU: 6.6140001e-03 sec
vAlgorithm::IterateCPU() -> Start iteration 2/4 sub step 1/1 subset 21/28
iIterativeAlgorithm::StepInnerLoopInsideSubsetLoop() -> Start loop over events
oOptimizerManager::ImageUpdateStep() -> Proceed to image update
vOptimizer::ImageUpdateStep() -> Start image update
vAlgorithm::IterateCPU() -> Time spent for subset 21 | User: 0 sec | CPU: 6.6579999e-03 sec
vAlgorithm::IterateCPU() -> Start iteration 2/4 sub step 1/1 subset 22/28
iIterativeAlgorithm::StepInnerLoopInsideSubsetLoop() -> Start loop over events
oOptimizerManager::ImageUpdateStep() -> Proceed to image update
vOptimizer::ImageUpdateStep() -> Start image update
vAlgorithm::IterateCPU() -> Time spent for subset 22 | User: 0 sec | CPU: 6.8709999e-03 sec
vAlgorithm::IterateCPU() -> Start iteration 2/4 sub step 1/1 subset 23/28
iIterativeAlgorithm::StepInnerLoopInsideSubsetLoop() -> Start loop over events
oOptimizerManager::ImageUpdateStep() -> Proceed to image update
vOptimizer::ImageUpdateStep() -> Start image update
vAlgorithm::IterateCPU() -> Time spent for subset 23 | User: 0 sec | CPU: 5.9389998e-03 sec
vAlgorithm::IterateCPU() -> Start iteration 2/4 sub step 1/1 subset 24/28
iIterativeAlgorithm::StepInnerLoopInsideSubsetLoop() -> Start loop over events
oOptimizerManager::ImageUpdateStep() -> Proceed to image update
vOptimizer::ImageUpdateStep() -> Start image update
vAlgorithm::IterateCPU() -> Time spent for subset 24 | User: 0 sec | CPU: 6.2759998e-03 sec
vAlgorithm::IterateCPU() -> Start iteration 2/4 sub step 1/1 subset 25/28
iIterativeAlgorithm::StepInnerLoopInsideSubsetLoop() -> Start loop over events
oOptimizerManager::ImageUpdateStep() -> Proceed to image update
vOptimizer::ImageUpdateStep() -> Start image update
vAlgorithm::IterateCPU() -> Time spent for subset 25 | User: 0 sec | CPU: 6.6709998e-03 sec
vAlgorithm::IterateCPU() -> Start iteration 2/4 sub step 1/1 subset 26/28
iIterativeAlgorithm::StepInnerLoopInsideSubsetLoop() -> Start loop over events
oOptimizerManager::ImageUpdateStep() -> Proceed to image update
vOptimizer::ImageUpdateStep() -> Start image update
vAlgorithm::IterateCPU() -> Time spent for subset 26 | User: 0 sec | CPU: 6.4260000e-03 sec
vAlgorithm::IterateCPU() -> Start iteration 2/4 sub step 1/1 subset 27/28
iIterativeAlgorithm::StepInnerLoopInsideSubsetLoop() -> Start loop over events
oOptimizerManager::ImageUpdateStep() -> Proceed to image update
vOptimizer::ImageUpdateStep() -> Start image update
vAlgorithm::IterateCPU() -> Time spent for subset 27 | User: 0 sec | CPU: 7.1270000e-03 sec
vAlgorithm::IterateCPU() -> Start iteration 2/4 sub step 1/1 subset 28/28
iIterativeAlgorithm::StepInnerLoopInsideSubsetLoop() -> Start loop over events
oOptimizerManager::ImageUpdateStep() -> Proceed to image update
vOptimizer::ImageUpdateStep() -> Start image update
vAlgorithm::IterateCPU() -> Time spent for subset 28 | User: 0 sec | CPU: 6.2819999e-03 sec
vAlgorithm::IterateCPU() -> Start iteration 3/4 sub step 1/1 subset 1/28
iIterativeAlgorithm::StepInnerLoopInsideSubsetLoop() -> Start loop over events
oOptimizerManager::ImageUpdateStep() -> Proceed to image update
vOptimizer::ImageUpdateStep() -> Start image update
vAlgorithm::IterateCPU() -> Time spent for subset 1 | User: 0 sec | CPU: 6.4670001e-03 sec
vAlgorithm::IterateCPU() -> Start iteration 3/4 sub step 1/1 subset 2/28
iIterativeAlgorithm::StepInnerLoopInsideSubsetLoop() -> Start loop over events
oOptimizerManager::ImageUpdateStep() -> Proceed to image update
vOptimizer::ImageUpdateStep() -> Start image update
vAlgorithm::IterateCPU() -> Time spent for subset 2 | User: 0 sec | CPU: 6.3930000e-03 sec
vAlgorithm::IterateCPU() -> Start iteration 3/4 sub step 1/1 subset 3/28
iIterativeAlgorithm::StepInnerLoopInsideSubsetLoop() -> Start loop over events
oOptimizerManager::ImageUpdateStep() -> Proceed to image update
vOptimizer::ImageUpdateStep() -> Start image update
vAlgorithm::IterateCPU() -> Time spent for subset 3 | User: 0 sec | CPU: 6.5770000e-03 sec
vAlgorithm::IterateCPU() -> Start iteration 3/4 sub step 1/1 subset 4/28
iIterativeAlgorithm::StepInnerLoopInsideSubsetLoop() -> Start loop over events
oOptimizerManager::ImageUpdateStep() -> Proceed to image update
vOptimizer::ImageUpdateStep() -> Start image update
vAlgorithm::IterateCPU() -> Time spent for subset 4 | User: 0 sec | CPU: 7.4160001e-03 sec
vAlgorithm::IterateCPU() -> Start iteration 3/4 sub step 1/1 subset 5/28
iIterativeAlgorithm::StepInnerLoopInsideSubsetLoop() -> Start loop over events
oOptimizerManager::ImageUpdateStep() -> Proceed to image update
vOptimizer::ImageUpdateStep() -> Start image update
vAlgorithm::IterateCPU() -> Time spent for subset 5 | User: 0 sec | CPU: 6.3880002e-03 sec
vAlgorithm::IterateCPU() -> Start iteration 3/4 sub step 1/1 subset 6/28
iIterativeAlgorithm::StepInnerLoopInsideSubsetLoop() -> Start loop over events
oOptimizerManager::ImageUpdateStep() -> Proceed to image update
vOptimizer::ImageUpdateStep() -> Start image update
vAlgorithm::IterateCPU() -> Time spent for subset 6 | User: 0 sec | CPU: 6.7739999e-03 sec
vAlgorithm::IterateCPU() -> Start iteration 3/4 sub step 1/1 subset 7/28
iIterativeAlgorithm::StepInnerLoopInsideSubsetLoop() -> Start loop over events
oOptimizerManager::ImageUpdateStep() -> Proceed to image update
vOptimizer::ImageUpdateStep() -> Start image update
vAlgorithm::IterateCPU() -> Time spent for subset 7 | User: 0 sec | CPU: 6.7130001e-03 sec
vAlgorithm::IterateCPU() -> Start iteration 3/4 sub step 1/1 subset 8/28
iIterativeAlgorithm::StepInnerLoopInsideSubsetLoop() -> Start loop over events
oOptimizerManager::ImageUpdateStep() -> Proceed to image update
vOptimizer::ImageUpdateStep() -> Start image update
vAlgorithm::IterateCPU() -> Time spent for subset 8 | User: 0 sec | CPU: 6.7039998e-03 sec
vAlgorithm::IterateCPU() -> Start iteration 3/4 sub step 1/1 subset 9/28
iIterativeAlgorithm::StepInnerLoopInsideSubsetLoop() -> Start loop over events
oOptimizerManager::ImageUpdateStep() -> Proceed to image update
vOptimizer::ImageUpdateStep() -> Start image update
vAlgorithm::IterateCPU() -> Time spent for subset 9 | User: 0 sec | CPU: 6.8230000e-03 sec
vAlgorithm::IterateCPU() -> Start iteration 3/4 sub step 1/1 subset 10/28
iIterativeAlgorithm::StepInnerLoopInsideSubsetLoop() -> Start loop over events
oOptimizerManager::ImageUpdateStep() -> Proceed to image update
vOptimizer::ImageUpdateStep() -> Start image update
vAlgorithm::IterateCPU() -> Time spent for subset 10 | User: 0 sec | CPU: 7.3500001e-03 sec
vAlgorithm::IterateCPU() -> Start iteration 3/4 sub step 1/1 subset 11/28
iIterativeAlgorithm::StepInnerLoopInsideSubsetLoop() -> Start loop over events
oOptimizerManager::ImageUpdateStep() -> Proceed to image update
vOptimizer::ImageUpdateStep() -> Start image update
vAlgorithm::IterateCPU() -> Time spent for subset 11 | User: 0 sec | CPU: 7.4660000e-03 sec
vAlgorithm::IterateCPU() -> Start iteration 3/4 sub step 1/1 subset 12/28
iIterativeAlgorithm::StepInnerLoopInsideSubsetLoop() -> Start loop over events
oOptimizerManager::ImageUpdateStep() -> Proceed to image update
vOptimizer::ImageUpdateStep() -> Start image update
vAlgorithm::IterateCPU() -> Time spent for subset 12 | User: 0 sec | CPU: 6.2699998e-03 sec
vAlgorithm::IterateCPU() -> Start iteration 3/4 sub step 1/1 subset 13/28
iIterativeAlgorithm::StepInnerLoopInsideSubsetLoop() -> Start loop over events
oOptimizerManager::ImageUpdateStep() -> Proceed to image update
vOptimizer::ImageUpdateStep() -> Start image update
vAlgorithm::IterateCPU() -> Time spent for subset 13 | User: 0 sec | CPU: 7.5550000e-03 sec
vAlgorithm::IterateCPU() -> Start iteration 3/4 sub step 1/1 subset 14/28
iIterativeAlgorithm::StepInnerLoopInsideSubsetLoop() -> Start loop over events
oOptimizerManager::ImageUpdateStep() -> Proceed to image update
vOptimizer::ImageUpdateStep() -> Start image update
vAlgorithm::IterateCPU() -> Time spent for subset 14 | User: 0 sec | CPU: 6.6499999e-03 sec
vAlgorithm::IterateCPU() -> Start iteration 3/4 sub step 1/1 subset 15/28
iIterativeAlgorithm::StepInnerLoopInsideSubsetLoop() -> Start loop over events
oOptimizerManager::ImageUpdateStep() -> Proceed to image update
vOptimizer::ImageUpdateStep() -> Start image update
vAlgorithm::IterateCPU() -> Time spent for subset 15 | User: 0 sec | CPU: 7.0280000e-03 sec
vAlgorithm::IterateCPU() -> Start iteration 3/4 sub step 1/1 subset 16/28
iIterativeAlgorithm::StepInnerLoopInsideSubsetLoop() -> Start loop over events
oOptimizerManager::ImageUpdateStep() -> Proceed to image update
vOptimizer::ImageUpdateStep() -> Start image update
vAlgorithm::IterateCPU() -> Time spent for subset 16 | User: 0 sec | CPU: 6.9769998e-03 sec
vAlgorithm::IterateCPU() -> Start iteration 3/4 sub step 1/1 subset 17/28
iIterativeAlgorithm::StepInnerLoopInsideSubsetLoop() -> Start loop over events
oOptimizerManager::ImageUpdateStep() -> Proceed to image update
vOptimizer::ImageUpdateStep() -> Start image update
vAlgorithm::IterateCPU() -> Time spent for subset 17 | User: 0 sec | CPU: 6.8660001e-03 sec
vAlgorithm::IterateCPU() -> Start iteration 3/4 sub step 1/1 subset 18/28
iIterativeAlgorithm::StepInnerLoopInsideSubsetLoop() -> Start loop over events
oOptimizerManager::ImageUpdateStep() -> Proceed to image update
vOptimizer::ImageUpdateStep() -> Start image update
vAlgorithm::IterateCPU() -> Time spent for subset 18 | User: 0 sec | CPU: 7.7829999e-03 sec
vAlgorithm::IterateCPU() -> Start iteration 3/4 sub step 1/1 subset 19/28
iIterativeAlgorithm::StepInnerLoopInsideSubsetLoop() -> Start loop over events
oOptimizerManager::ImageUpdateStep() -> Proceed to image update
vOptimizer::ImageUpdateStep() -> Start image update
vAlgorithm::IterateCPU() -> Time spent for subset 19 | User: 0 sec | CPU: 6.3669998e-03 sec
vAlgorithm::IterateCPU() -> Start iteration 3/4 sub step 1/1 subset 20/28
iIterativeAlgorithm::StepInnerLoopInsideSubsetLoop() -> Start loop over events
oOptimizerManager::ImageUpdateStep() -> Proceed to image update
vOptimizer::ImageUpdateStep() -> Start image update
vAlgorithm::IterateCPU() -> Time spent for subset 20 | User: 0 sec | CPU: 7.1129999e-03 sec
vAlgorithm::IterateCPU() -> Start iteration 3/4 sub step 1/1 subset 21/28
iIterativeAlgorithm::StepInnerLoopInsideSubsetLoop() -> Start loop over events
oOptimizerManager::ImageUpdateStep() -> Proceed to image update
vOptimizer::ImageUpdateStep() -> Start image update
vAlgorithm::IterateCPU() -> Time spent for subset 21 | User: 0 sec | CPU: 6.2589999e-03 sec
vAlgorithm::IterateCPU() -> Start iteration 3/4 sub step 1/1 subset 22/28
iIterativeAlgorithm::StepInnerLoopInsideSubsetLoop() -> Start loop over events
oOptimizerManager::ImageUpdateStep() -> Proceed to image update
vOptimizer::ImageUpdateStep() -> Start image update
vAlgorithm::IterateCPU() -> Time spent for subset 22 | User: 0 sec | CPU: 7.0940000e-03 sec
vAlgorithm::IterateCPU() -> Start iteration 3/4 sub step 1/1 subset 23/28
iIterativeAlgorithm::StepInnerLoopInsideSubsetLoop() -> Start loop over events
oOptimizerManager::ImageUpdateStep() -> Proceed to image update
vOptimizer::ImageUpdateStep() -> Start image update
vAlgorithm::IterateCPU() -> Time spent for subset 23 | User: 0 sec | CPU: 6.6630002e-03 sec
vAlgorithm::IterateCPU() -> Start iteration 3/4 sub step 1/1 subset 24/28
iIterativeAlgorithm::StepInnerLoopInsideSubsetLoop() -> Start loop over events
oOptimizerManager::ImageUpdateStep() -> Proceed to image update
vOptimizer::ImageUpdateStep() -> Start image update
vAlgorithm::IterateCPU() -> Time spent for subset 24 | User: 0 sec | CPU: 6.3080001e-03 sec
vAlgorithm::IterateCPU() -> Start iteration 3/4 sub step 1/1 subset 25/28
iIterativeAlgorithm::StepInnerLoopInsideSubsetLoop() -> Start loop over events
oOptimizerManager::ImageUpdateStep() -> Proceed to image update
vOptimizer::ImageUpdateStep() -> Start image update
vAlgorithm::IterateCPU() -> Time spent for subset 25 | User: 0 sec | CPU: 5.9810001e-03 sec
vAlgorithm::IterateCPU() -> Start iteration 3/4 sub step 1/1 subset 26/28
iIterativeAlgorithm::StepInnerLoopInsideSubsetLoop() -> Start loop over events
oOptimizerManager::ImageUpdateStep() -> Proceed to image update
vOptimizer::ImageUpdateStep() -> Start image update
vAlgorithm::IterateCPU() -> Time spent for subset 26 | User: 0 sec | CPU: 6.3180001e-03 sec
vAlgorithm::IterateCPU() -> Start iteration 3/4 sub step 1/1 subset 27/28
iIterativeAlgorithm::StepInnerLoopInsideSubsetLoop() -> Start loop over events
oOptimizerManager::ImageUpdateStep() -> Proceed to image update
vOptimizer::ImageUpdateStep() -> Start image update
vAlgorithm::IterateCPU() -> Time spent for subset 27 | User: 0 sec | CPU: 6.7909998e-03 sec
vAlgorithm::IterateCPU() -> Start iteration 3/4 sub step 1/1 subset 28/28
iIterativeAlgorithm::StepInnerLoopInsideSubsetLoop() -> Start loop over events
oOptimizerManager::ImageUpdateStep() -> Proceed to image update
vOptimizer::ImageUpdateStep() -> Start image update
vAlgorithm::IterateCPU() -> Time spent for subset 28 | User: 0 sec | CPU: 6.2469998e-03 sec
vAlgorithm::IterateCPU() -> Start iteration 4/4 sub step 1/1 subset 1/28
iIterativeAlgorithm::StepInnerLoopInsideSubsetLoop() -> Start loop over events
oOptimizerManager::ImageUpdateStep() -> Proceed to image update
vOptimizer::ImageUpdateStep() -> Start image update
vAlgorithm::IterateCPU() -> Time spent for subset 1 | User: 0 sec | CPU: 7.5320001e-03 sec
vAlgorithm::IterateCPU() -> Start iteration 4/4 sub step 1/1 subset 2/28
iIterativeAlgorithm::StepInnerLoopInsideSubsetLoop() -> Start loop over events
oOptimizerManager::ImageUpdateStep() -> Proceed to image update
vOptimizer::ImageUpdateStep() -> Start image update
vAlgorithm::IterateCPU() -> Time spent for subset 2 | User: 0 sec | CPU: 7.0699998e-03 sec
vAlgorithm::IterateCPU() -> Start iteration 4/4 sub step 1/1 subset 3/28
iIterativeAlgorithm::StepInnerLoopInsideSubsetLoop() -> Start loop over events
oOptimizerManager::ImageUpdateStep() -> Proceed to image update
vOptimizer::ImageUpdateStep() -> Start image update
vAlgorithm::IterateCPU() -> Time spent for subset 3 | User: 0 sec | CPU: 7.2989999e-03 sec
vAlgorithm::IterateCPU() -> Start iteration 4/4 sub step 1/1 subset 4/28
iIterativeAlgorithm::StepInnerLoopInsideSubsetLoop() -> Start loop over events
oOptimizerManager::ImageUpdateStep() -> Proceed to image update
vOptimizer::ImageUpdateStep() -> Start image update
vAlgorithm::IterateCPU() -> Time spent for subset 4 | User: 0 sec | CPU: 6.5930001e-03 sec
vAlgorithm::IterateCPU() -> Start iteration 4/4 sub step 1/1 subset 5/28
iIterativeAlgorithm::StepInnerLoopInsideSubsetLoop() -> Start loop over events
oOptimizerManager::ImageUpdateStep() -> Proceed to image update
vOptimizer::ImageUpdateStep() -> Start image update
vAlgorithm::IterateCPU() -> Time spent for subset 5 | User: 0 sec | CPU: 7.4689998e-03 sec
vAlgorithm::IterateCPU() -> Start iteration 4/4 sub step 1/1 subset 6/28
iIterativeAlgorithm::StepInnerLoopInsideSubsetLoop() -> Start loop over events
oOptimizerManager::ImageUpdateStep() -> Proceed to image update
vOptimizer::ImageUpdateStep() -> Start image update
vAlgorithm::IterateCPU() -> Time spent for subset 6 | User: 0 sec | CPU: 6.7489999e-03 sec
vAlgorithm::IterateCPU() -> Start iteration 4/4 sub step 1/1 subset 7/28
iIterativeAlgorithm::StepInnerLoopInsideSubsetLoop() -> Start loop over events
oOptimizerManager::ImageUpdateStep() -> Proceed to image update
vOptimizer::ImageUpdateStep() -> Start image update
vAlgorithm::IterateCPU() -> Time spent for subset 7 | User: 0 sec | CPU: 6.4880000e-03 sec
vAlgorithm::IterateCPU() -> Start iteration 4/4 sub step 1/1 subset 8/28
iIterativeAlgorithm::StepInnerLoopInsideSubsetLoop() -> Start loop over events
oOptimizerManager::ImageUpdateStep() -> Proceed to image update
vOptimizer::ImageUpdateStep() -> Start image update
vAlgorithm::IterateCPU() -> Time spent for subset 8 | User: 0 sec | CPU: 7.2800000e-03 sec
vAlgorithm::IterateCPU() -> Start iteration 4/4 sub step 1/1 subset 9/28
iIterativeAlgorithm::StepInnerLoopInsideSubsetLoop() -> Start loop over events
oOptimizerManager::ImageUpdateStep() -> Proceed to image update
vOptimizer::ImageUpdateStep() -> Start image update
vAlgorithm::IterateCPU() -> Time spent for subset 9 | User: 0 sec | CPU: 6.6960002e-03 sec
vAlgorithm::IterateCPU() -> Start iteration 4/4 sub step 1/1 subset 10/28
iIterativeAlgorithm::StepInnerLoopInsideSubsetLoop() -> Start loop over events
oOptimizerManager::ImageUpdateStep() -> Proceed to image update
vOptimizer::ImageUpdateStep() -> Start image update
vAlgorithm::IterateCPU() -> Time spent for subset 10 | User: 0 sec | CPU: 6.7840000e-03 sec
vAlgorithm::IterateCPU() -> Start iteration 4/4 sub step 1/1 subset 11/28
iIterativeAlgorithm::StepInnerLoopInsideSubsetLoop() -> Start loop over events
oOptimizerManager::ImageUpdateStep() -> Proceed to image update
vOptimizer::ImageUpdateStep() -> Start image update
vAlgorithm::IterateCPU() -> Time spent for subset 11 | User: 0 sec | CPU: 6.2609999e-03 sec
vAlgorithm::IterateCPU() -> Start iteration 4/4 sub step 1/1 subset 12/28
iIterativeAlgorithm::StepInnerLoopInsideSubsetLoop() -> Start loop over events
oOptimizerManager::ImageUpdateStep() -> Proceed to image update
vOptimizer::ImageUpdateStep() -> Start image update
vAlgorithm::IterateCPU() -> Time spent for subset 12 | User: 0 sec | CPU: 6.3829999e-03 sec
vAlgorithm::IterateCPU() -> Start iteration 4/4 sub step 1/1 subset 13/28
iIterativeAlgorithm::StepInnerLoopInsideSubsetLoop() -> Start loop over events
oOptimizerManager::ImageUpdateStep() -> Proceed to image update
vOptimizer::ImageUpdateStep() -> Start image update
vAlgorithm::IterateCPU() -> Time spent for subset 13 | User: 0 sec | CPU: 6.4030001e-03 sec
vAlgorithm::IterateCPU() -> Start iteration 4/4 sub step 1/1 subset 14/28
iIterativeAlgorithm::StepInnerLoopInsideSubsetLoop() -> Start loop over events
oOptimizerManager::ImageUpdateStep() -> Proceed to image update
vOptimizer::ImageUpdateStep() -> Start image update
vAlgorithm::IterateCPU() -> Time spent for subset 14 | User: 0 sec | CPU: 6.3160001e-03 sec
vAlgorithm::IterateCPU() -> Start iteration 4/4 sub step 1/1 subset 15/28
iIterativeAlgorithm::StepInnerLoopInsideSubsetLoop() -> Start loop over events
oOptimizerManager::ImageUpdateStep() -> Proceed to image update
vOptimizer::ImageUpdateStep() -> Start image update
vAlgorithm::IterateCPU() -> Time spent for subset 15 | User: 0 sec | CPU: 6.4889998e-03 sec
vAlgorithm::IterateCPU() -> Start iteration 4/4 sub step 1/1 subset 16/28
iIterativeAlgorithm::StepInnerLoopInsideSubsetLoop() -> Start loop over events
oOptimizerManager::ImageUpdateStep() -> Proceed to image update
vOptimizer::ImageUpdateStep() -> Start image update
vAlgorithm::IterateCPU() -> Time spent for subset 16 | User: 0 sec | CPU: 6.0919998e-03 sec
vAlgorithm::IterateCPU() -> Start iteration 4/4 sub step 1/1 subset 17/28
iIterativeAlgorithm::StepInnerLoopInsideSubsetLoop() -> Start loop over events
oOptimizerManager::ImageUpdateStep() -> Proceed to image update
vOptimizer::ImageUpdateStep() -> Start image update
vAlgorithm::IterateCPU() -> Time spent for subset 17 | User: 0 sec | CPU: 6.5040002e-03 sec
vAlgorithm::IterateCPU() -> Start iteration 4/4 sub step 1/1 subset 18/28
iIterativeAlgorithm::StepInnerLoopInsideSubsetLoop() -> Start loop over events
oOptimizerManager::ImageUpdateStep() -> Proceed to image update
vOptimizer::ImageUpdateStep() -> Start image update
vAlgorithm::IterateCPU() -> Time spent for subset 18 | User: 0 sec | CPU: 6.7900000e-03 sec
vAlgorithm::IterateCPU() -> Start iteration 4/4 sub step 1/1 subset 19/28
iIterativeAlgorithm::StepInnerLoopInsideSubsetLoop() -> Start loop over events
oOptimizerManager::ImageUpdateStep() -> Proceed to image update
vOptimizer::ImageUpdateStep() -> Start image update
vAlgorithm::IterateCPU() -> Time spent for subset 19 | User: 0 sec | CPU: 6.2520001e-03 sec
vAlgorithm::IterateCPU() -> Start iteration 4/4 sub step 1/1 subset 20/28
iIterativeAlgorithm::StepInnerLoopInsideSubsetLoop() -> Start loop over events
oOptimizerManager::ImageUpdateStep() -> Proceed to image update
vOptimizer::ImageUpdateStep() -> Start image update
vAlgorithm::IterateCPU() -> Time spent for subset 20 | User: 0 sec | CPU: 6.1900001e-03 sec
vAlgorithm::IterateCPU() -> Start iteration 4/4 sub step 1/1 subset 21/28
iIterativeAlgorithm::StepInnerLoopInsideSubsetLoop() -> Start loop over events
oOptimizerManager::ImageUpdateStep() -> Proceed to image update
vOptimizer::ImageUpdateStep() -> Start image update
vAlgorithm::IterateCPU() -> Time spent for subset 21 | User: 0 sec | CPU: 6.1929999e-03 sec
vAlgorithm::IterateCPU() -> Start iteration 4/4 sub step 1/1 subset 22/28
iIterativeAlgorithm::StepInnerLoopInsideSubsetLoop() -> Start loop over events
oOptimizerManager::ImageUpdateStep() -> Proceed to image update
vOptimizer::ImageUpdateStep() -> Start image update
vAlgorithm::IterateCPU() -> Time spent for subset 22 | User: 0 sec | CPU: 6.4429999e-03 sec
vAlgorithm::IterateCPU() -> Start iteration 4/4 sub step 1/1 subset 23/28
iIterativeAlgorithm::StepInnerLoopInsideSubsetLoop() -> Start loop over events
oOptimizerManager::ImageUpdateStep() -> Proceed to image update
vOptimizer::ImageUpdateStep() -> Start image update
vAlgorithm::IterateCPU() -> Time spent for subset 23 | User: 0 sec | CPU: 6.8589998e-03 sec
vAlgorithm::IterateCPU() -> Start iteration 4/4 sub step 1/1 subset 24/28
iIterativeAlgorithm::StepInnerLoopInsideSubsetLoop() -> Start loop over events
oOptimizerManager::ImageUpdateStep() -> Proceed to image update
vOptimizer::ImageUpdateStep() -> Start image update
vAlgorithm::IterateCPU() -> Time spent for subset 24 | User: 0 sec | CPU: 5.8450000e-03 sec
vAlgorithm::IterateCPU() -> Start iteration 4/4 sub step 1/1 subset 25/28
iIterativeAlgorithm::StepInnerLoopInsideSubsetLoop() -> Start loop over events
oOptimizerManager::ImageUpdateStep() -> Proceed to image update
vOptimizer::ImageUpdateStep() -> Start image update
vAlgorithm::IterateCPU() -> Time spent for subset 25 | User: 0 sec | CPU: 6.6180001e-03 sec
vAlgorithm::IterateCPU() -> Start iteration 4/4 sub step 1/1 subset 26/28
iIterativeAlgorithm::StepInnerLoopInsideSubsetLoop() -> Start loop over events
oOptimizerManager::ImageUpdateStep() -> Proceed to image update
vOptimizer::ImageUpdateStep() -> Start image update
vAlgorithm::IterateCPU() -> Time spent for subset 26 | User: 0 sec | CPU: 6.2580002e-03 sec
vAlgorithm::IterateCPU() -> Start iteration 4/4 sub step 1/1 subset 27/28
iIterativeAlgorithm::StepInnerLoopInsideSubsetLoop() -> Start loop over events
oOptimizerManager::ImageUpdateStep() -> Proceed to image update
vOptimizer::ImageUpdateStep() -> Start image update
vAlgorithm::IterateCPU() -> Time spent for subset 27 | User: 0 sec | CPU: 6.2790001e-03 sec
vAlgorithm::IterateCPU() -> Start iteration 4/4 sub step 1/1 subset 28/28
iIterativeAlgorithm::StepInnerLoopInsideSubsetLoop() -> Start loop over events
oOptimizerManager::ImageUpdateStep() -> Proceed to image update
vOptimizer::ImageUpdateStep() -> Start image update
vAlgorithm::IterateCPU() -> Time spent for subset 28 | User: 0 sec | CPU: 6.3000000e-03 sec
iIterativeAlgorithm::StepAfterSubsetLoop() -> Save image at iteration 4
vAlgorithm::StepAfterIterationLoop ... 
iIterativeAlgorithm::StepAfterIterationLoop ... 
vAlgorithm::IterateCPU() -> Total time spent | User: 1 sec | CPU: 7.6093203e-01 sec
sChronoManager::Display() -> Results from the profiling
  --> Profiling of the data update step:
    | Datafile management: 00 hours 00 mins 00 secs 003 ms
    | Dynamic management: 00 hours 00 mins 00 secs 000 ms
    | Projection management: 00 hours 00 mins 00 secs 391 ms
    | Optimizer management: 00 hours 00 mins 00 secs 270 ms
  --> Profiling of the convolution steps: 00 hours 00 mins 00 secs 000 ms
  --> Custom update step 1: 00 hours 00 mins 00 secs 000 ms

